../Core/Src/main.c:126:5:main	72	static
../Core/Src/main.c:299:6:SystemClock_Config	72	static
../Core/Src/main.c:339:13:MX_I2C1_Init	8	static
../Core/Src/main.c:373:13:MX_SPI1_Init	8	static
../Core/Src/main.c:411:13:MX_USART1_UART_Init	8	static
../Core/Src/main.c:444:13:MX_GPIO_Init	40	static
../Core/Src/main.c:510:6:LCD_Display	48	static
../Core/Src/main.c:612:6:Received_Data_Handler	24	static
../Core/Src/main.c:711:6:HAL_GPIO_EXTI_Callback	16	static
../Core/Src/main.c:834:6:HAL_UART_RxCpltCallback	16	static
../Core/Src/main.c:849:6:change_relay_state	8	static
../Core/Src/main.c:865:6:change_relay_state_update_manual	8	static
../Core/Src/main.c:885:6:Error_Handler	4	static,ignoring_inline_asm
