../Core/Src/main.c:123:5:main	72	static
../Core/Src/main.c:295:6:SystemClock_Config	72	static
../Core/Src/main.c:335:13:MX_I2C1_Init	8	static
../Core/Src/main.c:369:13:MX_SPI1_Init	8	static
../Core/Src/main.c:407:13:MX_USART1_UART_Init	8	static
../Core/Src/main.c:440:13:MX_GPIO_Init	40	static
../Core/Src/main.c:506:6:LCD_Display	48	static
../Core/Src/main.c:608:6:Received_Data_Handler	24	static
../Core/Src/main.c:656:6:Sendto_ESP_UART	32	static
../Core/Src/main.c:687:6:HAL_GPIO_EXTI_Callback	16	static
../Core/Src/main.c:810:6:HAL_UART_RxCpltCallback	16	static
../Core/Src/main.c:824:6:change_relay_state	8	static
../Core/Src/main.c:844:6:Error_Handler	4	static,ignoring_inline_asm
