Archive member included to satisfy reference by file (symbol)

E:/ST_IDE/STide/STM32CubeIDE_1.14.1/STM32CubeIDE/plugins/com.st.stm32cube.ide.mcu.externaltools.gnu-tools-for-stm32.11.3.rel1.win32_1.1.100.202309141235/tools/bin/../lib/gcc/arm-none-eabi/11.3.1/../../../../arm-none-eabi/lib/thumb/v7-m/nofp\libc_nano.a(libc_a-exit.o)
                              E:/ST_IDE/STide/STM32CubeIDE_1.14.1/STM32CubeIDE/plugins/com.st.stm32cube.ide.mcu.externaltools.gnu-tools-for-stm32.11.3.rel1.win32_1.1.100.202309141235/tools/bin/../lib/gcc/arm-none-eabi/11.3.1/../../../../arm-none-eabi/lib/thumb/v7-m/nofp/crt0.o (exit)
E:/ST_IDE/STide/STM32CubeIDE_1.14.1/STM32CubeIDE/plugins/com.st.stm32cube.ide.mcu.externaltools.gnu-tools-for-stm32.11.3.rel1.win32_1.1.100.202309141235/tools/bin/../lib/gcc/arm-none-eabi/11.3.1/../../../../arm-none-eabi/lib/thumb/v7-m/nofp\libc_nano.a(libc_a-findfp.o)
                              E:/ST_IDE/STide/STM32CubeIDE_1.14.1/STM32CubeIDE/plugins/com.st.stm32cube.ide.mcu.externaltools.gnu-tools-for-stm32.11.3.rel1.win32_1.1.100.202309141235/tools/bin/../lib/gcc/arm-none-eabi/11.3.1/../../../../arm-none-eabi/lib/thumb/v7-m/nofp\libc_nano.a(libc_a-exit.o) (__stdio_exit_handler)
E:/ST_IDE/STide/STM32CubeIDE_1.14.1/STM32CubeIDE/plugins/com.st.stm32cube.ide.mcu.externaltools.gnu-tools-for-stm32.11.3.rel1.win32_1.1.100.202309141235/tools/bin/../lib/gcc/arm-none-eabi/11.3.1/../../../../arm-none-eabi/lib/thumb/v7-m/nofp\libc_nano.a(libc_a-fwalk.o)
                              E:/ST_IDE/STide/STM32CubeIDE_1.14.1/STM32CubeIDE/plugins/com.st.stm32cube.ide.mcu.externaltools.gnu-tools-for-stm32.11.3.rel1.win32_1.1.100.202309141235/tools/bin/../lib/gcc/arm-none-eabi/11.3.1/../../../../arm-none-eabi/lib/thumb/v7-m/nofp\libc_nano.a(libc_a-findfp.o) (_fwalk_sglue)
E:/ST_IDE/STide/STM32CubeIDE_1.14.1/STM32CubeIDE/plugins/com.st.stm32cube.ide.mcu.externaltools.gnu-tools-for-stm32.11.3.rel1.win32_1.1.100.202309141235/tools/bin/../lib/gcc/arm-none-eabi/11.3.1/../../../../arm-none-eabi/lib/thumb/v7-m/nofp\libc_nano.a(libc_a-sprintf.o)
                              ./Core/Src/main.o (sprintf)
E:/ST_IDE/STide/STM32CubeIDE_1.14.1/STM32CubeIDE/plugins/com.st.stm32cube.ide.mcu.externaltools.gnu-tools-for-stm32.11.3.rel1.win32_1.1.100.202309141235/tools/bin/../lib/gcc/arm-none-eabi/11.3.1/../../../../arm-none-eabi/lib/thumb/v7-m/nofp\libc_nano.a(libc_a-stdio.o)
                              E:/ST_IDE/STide/STM32CubeIDE_1.14.1/STM32CubeIDE/plugins/com.st.stm32cube.ide.mcu.externaltools.gnu-tools-for-stm32.11.3.rel1.win32_1.1.100.202309141235/tools/bin/../lib/gcc/arm-none-eabi/11.3.1/../../../../arm-none-eabi/lib/thumb/v7-m/nofp\libc_nano.a(libc_a-findfp.o) (__sread)
E:/ST_IDE/STide/STM32CubeIDE_1.14.1/STM32CubeIDE/plugins/com.st.stm32cube.ide.mcu.externaltools.gnu-tools-for-stm32.11.3.rel1.win32_1.1.100.202309141235/tools/bin/../lib/gcc/arm-none-eabi/11.3.1/../../../../arm-none-eabi/lib/thumb/v7-m/nofp\libc_nano.a(libc_a-memset.o)
                              E:/ST_IDE/STide/STM32CubeIDE_1.14.1/STM32CubeIDE/plugins/com.st.stm32cube.ide.mcu.externaltools.gnu-tools-for-stm32.11.3.rel1.win32_1.1.100.202309141235/tools/bin/../lib/gcc/arm-none-eabi/11.3.1/../../../../arm-none-eabi/lib/thumb/v7-m/nofp/crt0.o (memset)
E:/ST_IDE/STide/STM32CubeIDE_1.14.1/STM32CubeIDE/plugins/com.st.stm32cube.ide.mcu.externaltools.gnu-tools-for-stm32.11.3.rel1.win32_1.1.100.202309141235/tools/bin/../lib/gcc/arm-none-eabi/11.3.1/../../../../arm-none-eabi/lib/thumb/v7-m/nofp\libc_nano.a(libc_a-closer.o)
                              E:/ST_IDE/STide/STM32CubeIDE_1.14.1/STM32CubeIDE/plugins/com.st.stm32cube.ide.mcu.externaltools.gnu-tools-for-stm32.11.3.rel1.win32_1.1.100.202309141235/tools/bin/../lib/gcc/arm-none-eabi/11.3.1/../../../../arm-none-eabi/lib/thumb/v7-m/nofp\libc_nano.a(libc_a-stdio.o) (_close_r)
E:/ST_IDE/STide/STM32CubeIDE_1.14.1/STM32CubeIDE/plugins/com.st.stm32cube.ide.mcu.externaltools.gnu-tools-for-stm32.11.3.rel1.win32_1.1.100.202309141235/tools/bin/../lib/gcc/arm-none-eabi/11.3.1/../../../../arm-none-eabi/lib/thumb/v7-m/nofp\libc_nano.a(libc_a-reent.o)
                              E:/ST_IDE/STide/STM32CubeIDE_1.14.1/STM32CubeIDE/plugins/com.st.stm32cube.ide.mcu.externaltools.gnu-tools-for-stm32.11.3.rel1.win32_1.1.100.202309141235/tools/bin/../lib/gcc/arm-none-eabi/11.3.1/../../../../arm-none-eabi/lib/thumb/v7-m/nofp\libc_nano.a(libc_a-closer.o) (errno)
E:/ST_IDE/STide/STM32CubeIDE_1.14.1/STM32CubeIDE/plugins/com.st.stm32cube.ide.mcu.externaltools.gnu-tools-for-stm32.11.3.rel1.win32_1.1.100.202309141235/tools/bin/../lib/gcc/arm-none-eabi/11.3.1/../../../../arm-none-eabi/lib/thumb/v7-m/nofp\libc_nano.a(libc_a-impure.o)
                              E:/ST_IDE/STide/STM32CubeIDE_1.14.1/STM32CubeIDE/plugins/com.st.stm32cube.ide.mcu.externaltools.gnu-tools-for-stm32.11.3.rel1.win32_1.1.100.202309141235/tools/bin/../lib/gcc/arm-none-eabi/11.3.1/../../../../arm-none-eabi/lib/thumb/v7-m/nofp\libc_nano.a(libc_a-sprintf.o) (_impure_ptr)
[...]
Memory Configuration

Name             Origin             Length             Attributes
RAM              0x0000000020000000 0x0000000000005000 xrw
FLASH            0x0000000008000000 0x0000000000010000 xr
*default*        0x0000000000000000 0xffffffffffffffff

Linker script and memory map

LOAD E:/ST_IDE/STide/STM32CubeIDE_1.14.1/STM32CubeIDE/plugins/com.st.stm32cube.ide.mcu.externaltools.gnu-tools-for-stm32.11.3.rel1.win32_1.1.100.202309141235/tools/bin/../lib/gcc/arm-none-eabi/11.3.1/thumb/v7-m/nofp/crti.o
LOAD E:/ST_IDE/STide/STM32CubeIDE_1.14.1/STM32CubeIDE/plugins/com.st.stm32cube.ide.mcu.externaltools.gnu-tools-for-stm32.11.3.rel1.win32_1.1.100.202309141235/tools/bin/../lib/gcc/arm-none-eabi/11.3.1/thumb/v7-m/nofp/crtbegin.o
LOAD E:/ST_IDE/STide/STM32CubeIDE_1.14.1/STM32CubeIDE/plugins/com.st.stm32cube.ide.mcu.externaltools.gnu-tools-for-stm32.11.3.rel1.win32_1.1.100.202309141235/tools/bin/../lib/gcc/arm-none-eabi/11.3.1/../../../../arm-none-eabi/lib/thumb/v7-m/nofp/crt0.o
LOAD ./Core/Src/Lora.o
LOAD ./Core/Src/lcd-i2c.o
LOAD ./Core/Src/main.o
LOAD ./Core/Src/stm32f1xx_hal_msp.o
LOAD ./Core/Src/stm32f1xx_it.o
LOAD ./Core/Src/syscalls.o
LOAD ./Core/Src/sysmem.o
LOAD ./Core/Src/system_stm32f1xx.o
LOAD ./Core/Startup/startup_stm32f103c8tx.o
LOAD ./Drivers/STM32F1xx_HAL_Driver/Src/stm32f1xx_hal.o
LOAD ./Drivers/STM32F1xx_HAL_Driver/Src/stm32f1xx_hal_cortex.o
LOAD ./Drivers/STM32F1xx_HAL_Driver/Src/stm32f1xx_hal_dma.o
LOAD ./Drivers/STM32F1xx_HAL_Driver/Src/stm32f1xx_hal_exti.o
LOAD ./Drivers/STM32F1xx_HAL_Driver/Src/stm32f1xx_hal_flash.o
LOAD ./Drivers/STM32F1xx_HAL_Driver/Src/stm32f1xx_hal_flash_ex.o
LOAD ./Drivers/STM32F1xx_HAL_Driver/Src/stm32f1xx_hal_gpio.o
LOAD ./Drivers/STM32F1xx_HAL_Driver/Src/stm32f1xx_hal_gpio_ex.o
LOAD ./Drivers/STM32F1xx_HAL_Driver/Src/stm32f1xx_hal_i2c.o
LOAD ./Drivers/STM32F1xx_HAL_Driver/Src/stm32f1xx_hal_pwr.o
LOAD ./Drivers/STM32F1xx_HAL_Driver/Src/stm32f1xx_hal_rcc.o
LOAD ./Drivers/STM32F1xx_HAL_Driver/Src/stm32f1xx_hal_rcc_ex.o
LOAD ./Drivers/STM32F1xx_HAL_Driver/Src/stm32f1xx_hal_spi.o
LOAD ./Drivers/STM32F1xx_HAL_Driver/Src/stm32f1xx_hal_tim.o
LOAD ./Drivers/STM32F1xx_HAL_Driver/Src/stm32f1xx_hal_tim_ex.o
LOAD ./Drivers/STM32F1xx_HAL_Driver/Src/stm32f1xx_hal_uart.o
START GROUP
LOAD E:/ST_IDE/STide/STM32CubeIDE_1.14.1/STM32CubeIDE/plugins/com.st.stm32cube.ide.mcu.externaltools.gnu-tools-for-stm32.11.3.rel1.win32_1.1.100.202309141235/tools/bin/../lib/gcc/arm-none-eabi/11.3.1/../../../../arm-none-eabi/lib/thumb/v7-m/nofp\libc_nano.a
LOAD E:/ST_IDE/STide/STM32CubeIDE_1.14.1/STM32CubeIDE/plugins/com.st.stm32cube.ide.mcu.externaltools.gnu-tools-for-stm32.11.3.rel1.win32_1.1.100.202309141235/tools/bin/../lib/gcc/arm-none-eabi/11.3.1/../../../../arm-none-eabi/lib/thumb/v7-m/nofp\libm.a
END GROUP
START GROUP
LOAD E:/ST_IDE/STide/STM32CubeIDE_1.14.1/STM32CubeIDE/plugins/com.st.stm32cube.ide.mcu.externaltools.gnu-tools-for-stm32.11.3.rel1.win32_1.1.100.202309141235/tools/bin/../lib/gcc/arm-none-eabi/11.3.1/thumb/v7-m/nofp\libgcc.a
LOAD E:/ST_IDE/STide/STM32CubeIDE_1.14.1/STM32CubeIDE/plugins/com.st.stm32cube.ide.mcu.externaltools.gnu-tools-for-stm32.11.3.rel1.win32_1.1.100.202309141235/tools/bin/../lib/gcc/arm-none-eabi/11.3.1/../../../../arm-none-eabi/lib/thumb/v7-m/nofp\libc_nano.a
END GROUP
START GROUP
LOAD E:/ST_IDE/STide/STM32CubeIDE_1.14.1/STM32CubeIDE/plugins/com.st.stm32cube.ide.mcu.externaltools.gnu-tools-for-stm32.11.3.rel1.win32_1.1.100.202309141235/tools/bin/../lib/gcc/arm-none-eabi/11.3.1/thumb/v7-m/nofp\libgcc.a
LOAD E:/ST_IDE/STide/STM32CubeIDE_1.14.1/STM32CubeIDE/plugins/com.st.stm32cube.ide.mcu.externaltools.gnu-tools-for-stm32.11.3.rel1.win32_1.1.100.202309141235/tools/bin/../lib/gcc/arm-none-eabi/11.3.1/../../../../arm-none-eabi/lib/thumb/v7-m/nofp\libc_nano.a
LOAD E:/ST_IDE/STide/STM32CubeIDE_1.14.1/STM32CubeIDE/plugins/com.st.stm32cube.ide.mcu.externaltools.gnu-tools-for-stm32.11.3.rel1.win32_1.1.100.202309141235/tools/bin/../lib/gcc/arm-none-eabi/11.3.1/../../../../arm-none-eabi/lib/thumb/v7-m/nofp\libnosys.a
END GROUP
START GROUP
LOAD E:/ST_IDE/STide/STM32CubeIDE_1.14.1/STM32CubeIDE/plugins/com.st.stm32cube.ide.mcu.externaltools.gnu-tools-for-stm32.11.3.rel1.win32_1.1.100.202309141235/tools/bin/../lib/gcc/arm-none-eabi/11.3.1/thumb/v7-m/nofp\libgcc.a
LOAD E:/ST_IDE/STide/STM32CubeIDE_1.14.1/STM32CubeIDE/plugins/com.st.stm32cube.ide.mcu.externaltools.gnu-tools-for-stm32.11.3.rel1.win32_1.1.100.202309141235/tools/bin/../lib/gcc/arm-none-eabi/11.3.1/../../../../arm-none-eabi/lib/thumb/v7-m/nofp\libc_nano.a
LOAD E:/ST_IDE/STide/STM32CubeIDE_1.14.1/STM32CubeIDE/plugins/com.st.stm32cube.ide.mcu.externaltools.gnu-tools-for-stm32.11.3.rel1.win32_1.1.100.202309141235/tools/bin/../lib/gcc/arm-none-eabi/11.3.1/../../../../arm-none-eabi/lib/thumb/v7-m/nofp\libnosys.a
END GROUP
LOAD E:/ST_IDE/STide/STM32CubeIDE_1.14.1/STM32CubeIDE/plugins/com.st.stm32cube.ide.mcu.externaltools.gnu-tools-for-stm32.11.3.rel1.win32_1.1.100.202309141235/tools/bin/../lib/gcc/arm-none-eabi/11.3.1/thumb/v7-m/nofp/crtend.o
LOAD E:/ST_IDE/STide/STM32CubeIDE_1.14.1/STM32CubeIDE/plugins/com.st.stm32cube.ide.mcu.externaltools.gnu-tools-for-stm32.11.3.rel1.win32_1.1.100.202309141235/tools/bin/../lib/gcc/arm-none-eabi/11.3.1/thumb/v7-m/nofp/crtn.o
                0x0000000020005000                _estack = (ORIGIN (RAM) + LENGTH (RAM))
                0x0000000000000200                _Min_Heap_Size = 0x200
                0x0000000000000400                _Min_Stack_Size = 0x400

.isr_vector     0x0000000008000000      0x10c
                0x0000000008000000                . = ALIGN (0x4)
 *(.isr_vector)
 .isr_vector    0x0000000008000000      0x10c ./Core/Startup/startup_stm32f103c8tx.o
                0x0000000008000000                g_pfnVectors
                0x000000000800010c                . = ALIGN (0x4)

.text           0x000000000800010c     0x5e2c
                0x000000000800010c                . = ALIGN (0x4)
 *(.text)
 .text          0x000000000800010c       0x40 E:/ST_IDE/STide/STM32CubeIDE_1.14.1/STM32CubeIDE/plugins/com.st.stm32cube.ide.mcu.externaltools.gnu-tools-for-stm32.11.3.rel1.win32_1.1.100.202309141235/tools/bin/../lib/gcc/arm-none-eabi/11.3.1/thumb/v7-m/nofp/crtbegin.o
 .text          0x000000000800014c      0x378 E:/ST_IDE/STide/STM32CubeIDE_1.14.1/STM32CubeIDE/plugins/com.st.stm32cube.ide.mcu.externaltools.gnu-tools-for-stm32.11.3.rel1.win32_1.1.100.202309141235/tools/bin/../lib/gcc/arm-none-eabi/11.3.1/thumb/v7-m/nofp\libgcc.a(_arm_addsubdf3.o)
                0x000000000800014c                __aeabi_drsub
                0x0000000008000154                __aeabi_dsub
                0x0000000008000154                __subdf3
                0x0000000008000158                __aeabi_dadd
                0x0000000008000158                __adddf3
                0x00000000080003d0                __floatunsidf
                0x00000000080003d0                __aeabi_ui2d
                0x00000000080003f0                __floatsidf
                0x00000000080003f0                __aeabi_i2d
                0x0000000008000414                __aeabi_f2d
                0x0000000008000414                __extendsfdf2
                0x0000000008000458                __floatundidf
                0x0000000008000458                __aeabi_ul2d
                0x0000000008000468                __floatdidf
                0x0000000008000468                __aeabi_l2d
 .text          0x00000000080004c4      0x424 E:/ST_IDE/STide/STM32CubeIDE_1.14.1/STM32CubeIDE/plugins/com.st.stm32cube.ide.mcu.externaltools.gnu-tools-for-stm32.11.3.rel1.win32_1.1.100.202309141235/tools/bin/../lib/gcc/arm-none-eabi/11.3.1/thumb/v7-m/nofp\libgcc.a(_arm_muldivdf3.o)
                0x00000000080004c4                __aeabi_dmul
                0x00000000080004c4                __muldf3
                0x0000000008000718                __divdf3
                0x0000000008000718                __aeabi_ddiv
 .text          0x00000000080008e8       0x50 E:/ST_IDE/STide/STM32CubeIDE_1.14.1/STM32CubeIDE/plugins/com.st.stm32cube.ide.mcu.externaltools.gnu-tools-for-stm32.11.3.rel1.win32_1.1.100.202309141235/tools/bin/../lib/gcc/arm-none-eabi/11.3.1/thumb/v7-m/nofp\libgcc.a(_arm_fixdfsi.o)
                0x00000000080008e8                __aeabi_d2iz
                0x00000000080008e8                __fixdfsi
 *(.text*)
 .text.newLoRa  0x0000000008000938       0x52 ./Core/Src/Lora.o
                0x0000000008000938                newLoRa
 .text.LoRa_gotoMode
                0x000000000800098a       0xc2 ./Core/Src/Lora.o
                0x000000000800098a                LoRa_gotoMode
 .text.LoRa_readReg
                0x0000000008000a4c       0x7c ./Core/Src/Lora.o
                0x0000000008000a4c                LoRa_readReg
 .text.LoRa_writeReg
                0x0000000008000ac8       0x7c ./Core/Src/Lora.o
                0x0000000008000ac8                LoRa_writeReg
 .text.LoRa_setLowDaraRateOptimization
                0x0000000008000b44       0x4a ./Core/Src/Lora.o
                0x0000000008000b44                LoRa_setLowDaraRateOptimization
 *fill*         0x0000000008000b8e        0x2 
 .text.LoRa_setAutoLDO
                0x0000000008000b90       0x6c ./Core/Src/Lora.o
                0x0000000008000b90                LoRa_setAutoLDO
 .text.LoRa_setFrequency
                0x0000000008000bfc       0x60 ./Core/Src/Lora.o
                0x0000000008000bfc                LoRa_setFrequency
 .text.LoRa_setSpreadingFactor
                0x0000000008000c5c       0x64 ./Core/Src/Lora.o
                0x0000000008000c5c                LoRa_setSpreadingFactor
 .text.LoRa_setPower
                0x0000000008000cc0       0x26 ./Core/Src/Lora.o
                0x0000000008000cc0                LoRa_setPower
 *fill*         0x0000000008000ce6        0x2 
 .text.LoRa_setOCP
                0x0000000008000ce8       0x7c ./Core/Src/Lora.o
                0x0000000008000ce8                LoRa_setOCP
 .text.LoRa_setTOMsb_setCRCon
                0x0000000008000d64       0x36 ./Core/Src/Lora.o
                0x0000000008000d64                LoRa_setTOMsb_setCRCon
 .text.LoRa_read
                0x0000000008000d9a       0x34 ./Core/Src/Lora.o
                0x0000000008000d9a                LoRa_read
 .text.LoRa_write
                0x0000000008000dce       0x3a ./Core/Src/Lora.o
                0x0000000008000dce                LoRa_write
 .text.LoRa_BurstWrite
                0x0000000008000e08       0x8e ./Core/Src/Lora.o
                0x0000000008000e08                LoRa_BurstWrite
 .text.LoRa_isvalid
                0x0000000008000e96       0x14 ./Core/Src/Lora.o
                0x0000000008000e96                LoRa_isvalid
 .text.LoRa_transmit
                0x0000000008000eaa       0xb0 ./Core/Src/Lora.o
                0x0000000008000eaa                LoRa_transmit
 .text.LoRa_startReceiving
                0x0000000008000f5a       0x18 ./Core/Src/Lora.o
                0x0000000008000f5a                LoRa_startReceiving
 .text.LoRa_receive
                0x0000000008000f72       0xc0 ./Core/Src/Lora.o
                0x0000000008000f72                LoRa_receive
 .text.LoRa_init
                0x0000000008001032      0x14e ./Core/Src/Lora.o
                0x0000000008001032                LoRa_init
 .text.lcd_send_cmd
                0x0000000008001180       0x60 ./Core/Src/lcd-i2c.o
                0x0000000008001180                lcd_send_cmd
 .text.lcd_send_data
                0x00000000080011e0       0x60 ./Core/Src/lcd-i2c.o
                0x00000000080011e0                lcd_send_data
 .text.lcd_clear
                0x0000000008001240       0x14 ./Core/Src/lcd-i2c.o
                0x0000000008001240                lcd_clear
 .text.lcd_put_cur
                0x0000000008001254       0x64 ./Core/Src/lcd-i2c.o
                0x0000000008001254                lcd_put_cur
 .text.lcd_init
                0x00000000080012b8       0x7a ./Core/Src/lcd-i2c.o
                0x00000000080012b8                lcd_init
 .text.lcd_send_string
                0x0000000008001332       0x2a ./Core/Src/lcd-i2c.o
                0x0000000008001332                lcd_send_string
 .text.main     0x000000000800135c      0x300 ./Core/Src/main.o
                0x000000000800135c                main
 .text.SystemClock_Config
                0x000000000800165c       0x8a ./Core/Src/main.o
                0x000000000800165c                SystemClock_Config
 *fill*         0x00000000080016e6        0x2 
 .text.MX_I2C1_Init
                0x00000000080016e8       0x5c ./Core/Src/main.o
 .text.MX_SPI1_Init
                0x0000000008001744       0x6c ./Core/Src/main.o
 .text.MX_USART1_UART_Init
                0x00000000080017b0       0x54 ./Core/Src/main.o
 .text.MX_GPIO_Init
                0x0000000008001804      0x154 ./Core/Src/main.o
 .text.LCD_Display
                0x0000000008001958      0x3b8 ./Core/Src/main.o
                0x0000000008001958                LCD_Display
 .text.Received_Data_Handler
                0x0000000008001d10      0x218 ./Core/Src/main.o
                0x0000000008001d10                Received_Data_Handler
 .text.HAL_GPIO_EXTI_Callback
                0x0000000008001f28      0x17c ./Core/Src/main.o
                0x0000000008001f28                HAL_GPIO_EXTI_Callback
 .text.HAL_UART_RxCpltCallback
                0x00000000080020a4       0x84 ./Core/Src/main.o
                0x00000000080020a4                HAL_UART_RxCpltCallback
 .text.change_relay_state
                0x0000000008002128       0x74 ./Core/Src/main.o
                0x0000000008002128                change_relay_state
 .text.change_relay_state_update_manual
                0x000000000800219c       0x74 ./Core/Src/main.o
                0x000000000800219c                change_relay_state_update_manual
 .text.Error_Handler
                0x0000000008002210        0xa ./Core/Src/main.o
                0x0000000008002210                Error_Handler
 *fill*         0x000000000800221a        0x2 
 .text.HAL_MspInit
                0x000000000800221c       0x64 ./Core/Src/stm32f1xx_hal_msp.o
                0x000000000800221c                HAL_MspInit
 .text.HAL_I2C_MspInit
                0x0000000008002280       0x7c ./Core/Src/stm32f1xx_hal_msp.o
                0x0000000008002280                HAL_I2C_MspInit
 .text.HAL_SPI_MspInit
                0x00000000080022fc       0x94 ./Core/Src/stm32f1xx_hal_msp.o
                0x00000000080022fc                HAL_SPI_MspInit
 .text.HAL_UART_MspInit
                0x0000000008002390       0xa8 ./Core/Src/stm32f1xx_hal_msp.o
                0x0000000008002390                HAL_UART_MspInit
 .text.NMI_Handler
                0x0000000008002438        0x6 ./Core/Src/stm32f1xx_it.o
                0x0000000008002438                NMI_Handler
 .text.HardFault_Handler
                0x000000000800243e        0x6 ./Core/Src/stm32f1xx_it.o
                0x000000000800243e                HardFault_Handler
 .text.MemManage_Handler
                0x0000000008002444        0x6 ./Core/Src/stm32f1xx_it.o
                0x0000000008002444                MemManage_Handler
 .text.BusFault_Handler
                0x000000000800244a        0x6 ./Core/Src/stm32f1xx_it.o
                0x000000000800244a                BusFault_Handler
 .text.UsageFault_Handler
                0x0000000008002450        0x6 ./Core/Src/stm32f1xx_it.o
                0x0000000008002450                UsageFault_Handler
 .text.SVC_Handler
                0x0000000008002456        0xc ./Core/Src/stm32f1xx_it.o
                0x0000000008002456                SVC_Handler
 .text.DebugMon_Handler
                0x0000000008002462        0xc ./Core/Src/stm32f1xx_it.o
                0x0000000008002462                DebugMon_Handler
 .text.PendSV_Handler
                0x000000000800246e        0xc ./Core/Src/stm32f1xx_it.o
                0x000000000800246e                PendSV_Handler
 .text.SysTick_Handler
                0x000000000800247a        0xc ./Core/Src/stm32f1xx_it.o
                0x000000000800247a                SysTick_Handler
 .text.EXTI2_IRQHandler
                0x0000000008002486        0xe ./Core/Src/stm32f1xx_it.o
                0x0000000008002486                EXTI2_IRQHandler
 .text.EXTI3_IRQHandler
                0x0000000008002494        0xe ./Core/Src/stm32f1xx_it.o
                0x0000000008002494                EXTI3_IRQHandler
 .text.EXTI4_IRQHandler
                0x00000000080024a2        0xe ./Core/Src/stm32f1xx_it.o
                0x00000000080024a2                EXTI4_IRQHandler
 .text.USART1_IRQHandler
                0x00000000080024b0       0x14 ./Core/Src/stm32f1xx_it.o
                0x00000000080024b0                USART1_IRQHandler
 .text.EXTI15_10_IRQHandler
                0x00000000080024c4       0x28 ./Core/Src/stm32f1xx_it.o
                0x00000000080024c4                EXTI15_10_IRQHandler
 .text._sbrk    0x00000000080024ec       0x6c ./Core/Src/sysmem.o
                0x00000000080024ec                _sbrk
 .text.SystemInit
                0x0000000008002558        0xc ./Core/Src/system_stm32f1xx.o
                0x0000000008002558                SystemInit
 .text.Reset_Handler
                0x0000000008002564       0x48 ./Core/Startup/startup_stm32f103c8tx.o
                0x0000000008002564                Reset_Handler
 .text.Default_Handler
                0x00000000080025ac        0x2 ./Core/Startup/startup_stm32f103c8tx.o
                0x00000000080025ac                RTC_Alarm_IRQHandler
                0x00000000080025ac                TIM1_CC_IRQHandler
                0x00000000080025ac                PVD_IRQHandler
                0x00000000080025ac                EXTI0_IRQHandler
                0x00000000080025ac                I2C2_EV_IRQHandler
                0x00000000080025ac                ADC1_2_IRQHandler
                0x00000000080025ac                SPI1_IRQHandler
                0x00000000080025ac                TAMPER_IRQHandler
                0x00000000080025ac                DMA1_Channel4_IRQHandler
                0x00000000080025ac                USART3_IRQHandler
                0x00000000080025ac                RTC_IRQHandler
                0x00000000080025ac                DMA1_Channel7_IRQHandler
                0x00000000080025ac                CAN1_RX1_IRQHandler
                0x00000000080025ac                TIM4_IRQHandler
                0x00000000080025ac                I2C1_EV_IRQHandler
                0x00000000080025ac                DMA1_Channel6_IRQHandler
                0x00000000080025ac                TIM3_IRQHandler
                0x00000000080025ac                RCC_IRQHandler
                0x00000000080025ac                TIM1_TRG_COM_IRQHandler
                0x00000000080025ac                DMA1_Channel1_IRQHandler
                0x00000000080025ac                Default_Handler
                0x00000000080025ac                EXTI9_5_IRQHandler
                0x00000000080025ac                SPI2_IRQHandler
                0x00000000080025ac                DMA1_Channel5_IRQHandler
                0x00000000080025ac                USB_LP_CAN1_RX0_IRQHandler
                0x00000000080025ac                USB_HP_CAN1_TX_IRQHandler
                0x00000000080025ac                DMA1_Channel3_IRQHandler
                0x00000000080025ac                TIM1_UP_IRQHandler
                0x00000000080025ac                WWDG_IRQHandler
                0x00000000080025ac                TIM2_IRQHandler
                0x00000000080025ac                TIM1_BRK_IRQHandler
                0x00000000080025ac                EXTI1_IRQHandler
                0x00000000080025ac                USART2_IRQHandler
                0x00000000080025ac                I2C2_ER_IRQHandler
                0x00000000080025ac                DMA1_Channel2_IRQHandler
                0x00000000080025ac                CAN1_SCE_IRQHandler
                0x00000000080025ac                FLASH_IRQHandler
                0x00000000080025ac                I2C1_ER_IRQHandler
                0x00000000080025ac                USBWakeUp_IRQHandler
 *fill*         0x00000000080025ae        0x2 
 .text.HAL_Init
                0x00000000080025b0       0x2c ./Drivers/STM32F1xx_HAL_Driver/Src/stm32f1xx_hal.o
                0x00000000080025b0                HAL_Init
 .text.HAL_InitTick
                0x00000000080025dc       0x60 ./Drivers/STM32F1xx_HAL_Driver/Src/stm32f1xx_hal.o
                0x00000000080025dc                HAL_InitTick
 .text.HAL_IncTick
                0x000000000800263c       0x24 ./Drivers/STM32F1xx_HAL_Driver/Src/stm32f1xx_hal.o
                0x000000000800263c                HAL_IncTick
 .text.HAL_GetTick
                0x0000000008002660       0x14 ./Drivers/STM32F1xx_HAL_Driver/Src/stm32f1xx_hal.o
                0x0000000008002660                HAL_GetTick
 .text.HAL_Delay
                0x0000000008002674       0x48 ./Drivers/STM32F1xx_HAL_Driver/Src/stm32f1xx_hal.o
                0x0000000008002674                HAL_Delay
 .text.__NVIC_SetPriorityGrouping
                0x00000000080026bc       0x48 ./Drivers/STM32F1xx_HAL_Driver/Src/stm32f1xx_hal_cortex.o
 .text.__NVIC_GetPriorityGrouping
                0x0000000008002704       0x1c ./Drivers/STM32F1xx_HAL_Driver/Src/stm32f1xx_hal_cortex.o
 .text.__NVIC_EnableIRQ
                0x0000000008002720       0x38 ./Drivers/STM32F1xx_HAL_Driver/Src/stm32f1xx_hal_cortex.o
 .text.__NVIC_SetPriority
                0x0000000008002758       0x54 ./Drivers/STM32F1xx_HAL_Driver/Src/stm32f1xx_hal_cortex.o
 .text.NVIC_EncodePriority
                0x00000000080027ac       0x64 ./Drivers/STM32F1xx_HAL_Driver/Src/stm32f1xx_hal_cortex.o
 .text.SysTick_Config
                0x0000000008002810       0x44 ./Drivers/STM32F1xx_HAL_Driver/Src/stm32f1xx_hal_cortex.o
 .text.HAL_NVIC_SetPriorityGrouping
                0x0000000008002854       0x16 ./Drivers/STM32F1xx_HAL_Driver/Src/stm32f1xx_hal_cortex.o
                0x0000000008002854                HAL_NVIC_SetPriorityGrouping
 .text.HAL_NVIC_SetPriority
                0x000000000800286a       0x38 ./Drivers/STM32F1xx_HAL_Driver/Src/stm32f1xx_hal_cortex.o
                0x000000000800286a                HAL_NVIC_SetPriority
 .text.HAL_NVIC_EnableIRQ
                0x00000000080028a2       0x1c ./Drivers/STM32F1xx_HAL_Driver/Src/stm32f1xx_hal_cortex.o
                0x00000000080028a2                HAL_NVIC_EnableIRQ
 .text.HAL_SYSTICK_Config
                0x00000000080028be       0x18 ./Drivers/STM32F1xx_HAL_Driver/Src/stm32f1xx_hal_cortex.o
                0x00000000080028be                HAL_SYSTICK_Config
 .text.HAL_DMA_Abort
                0x00000000080028d6       0x76 ./Drivers/STM32F1xx_HAL_Driver/Src/stm32f1xx_hal_dma.o
                0x00000000080028d6                HAL_DMA_Abort
 .text.HAL_DMA_Abort_IT
                0x000000000800294c       0xf0 ./Drivers/STM32F1xx_HAL_Driver/Src/stm32f1xx_hal_dma.o
                0x000000000800294c                HAL_DMA_Abort_IT
 .text.HAL_GPIO_Init
                0x0000000008002a3c      0x308 ./Drivers/STM32F1xx_HAL_Driver/Src/stm32f1xx_hal_gpio.o
                0x0000000008002a3c                HAL_GPIO_Init
 .text.HAL_GPIO_WritePin
                0x0000000008002d44       0x30 ./Drivers/STM32F1xx_HAL_Driver/Src/stm32f1xx_hal_gpio.o
                0x0000000008002d44                HAL_GPIO_WritePin
 .text.HAL_GPIO_EXTI_IRQHandler
                0x0000000008002d74       0x30 ./Drivers/STM32F1xx_HAL_Driver/Src/stm32f1xx_hal_gpio.o
                0x0000000008002d74                HAL_GPIO_EXTI_IRQHandler
 .text.HAL_I2C_Init
                0x0000000008002da4      0x288 ./Drivers/STM32F1xx_HAL_Driver/Src/stm32f1xx_hal_i2c.o
                0x0000000008002da4                HAL_I2C_Init
 .text.HAL_I2C_Master_Transmit
                0x000000000800302c      0x1fc ./Drivers/STM32F1xx_HAL_Driver/Src/stm32f1xx_hal_i2c.o
                0x000000000800302c                HAL_I2C_Master_Transmit
 .text.I2C_MasterRequestWrite
                0x0000000008003228      0x104 ./Drivers/STM32F1xx_HAL_Driver/Src/stm32f1xx_hal_i2c.o
 .text.I2C_WaitOnFlagUntilTimeout
                0x000000000800332c       0xf4 ./Drivers/STM32F1xx_HAL_Driver/Src/stm32f1xx_hal_i2c.o
 .text.I2C_WaitOnMasterAddressFlagUntilTimeout
                0x0000000008003420      0x140 ./Drivers/STM32F1xx_HAL_Driver/Src/stm32f1xx_hal_i2c.o
 .text.I2C_WaitOnTXEFlagUntilTimeout
                0x0000000008003560       0x90 ./Drivers/STM32F1xx_HAL_Driver/Src/stm32f1xx_hal_i2c.o
 .text.I2C_WaitOnBTFFlagUntilTimeout
                0x00000000080035f0       0x90 ./Drivers/STM32F1xx_HAL_Driver/Src/stm32f1xx_hal_i2c.o
 .text.I2C_IsAcknowledgeFailed
                0x0000000008003680       0x5c ./Drivers/STM32F1xx_HAL_Driver/Src/stm32f1xx_hal_i2c.o
 .text.HAL_RCC_OscConfig
                0x00000000080036dc      0x504 ./Drivers/STM32F1xx_HAL_Driver/Src/stm32f1xx_hal_rcc.o
                0x00000000080036dc                HAL_RCC_OscConfig
 .text.HAL_RCC_ClockConfig
                0x0000000008003be0      0x1d4 ./Drivers/STM32F1xx_HAL_Driver/Src/stm32f1xx_hal_rcc.o
                0x0000000008003be0                HAL_RCC_ClockConfig
 .text.HAL_RCC_GetSysClockFreq
                0x0000000008003db4       0xa8 ./Drivers/STM32F1xx_HAL_Driver/Src/stm32f1xx_hal_rcc.o
                0x0000000008003db4                HAL_RCC_GetSysClockFreq
 .text.HAL_RCC_GetHCLKFreq
                0x0000000008003e5c       0x14 ./Drivers/STM32F1xx_HAL_Driver/Src/stm32f1xx_hal_rcc.o
                0x0000000008003e5c                HAL_RCC_GetHCLKFreq
 .text.HAL_RCC_GetPCLK1Freq
                0x0000000008003e70       0x28 ./Drivers/STM32F1xx_HAL_Driver/Src/stm32f1xx_hal_rcc.o
                0x0000000008003e70                HAL_RCC_GetPCLK1Freq
 .text.HAL_RCC_GetPCLK2Freq
                0x0000000008003e98       0x28 ./Drivers/STM32F1xx_HAL_Driver/Src/stm32f1xx_hal_rcc.o
                0x0000000008003e98                HAL_RCC_GetPCLK2Freq
 .text.RCC_Delay
                0x0000000008003ec0       0x3c ./Drivers/STM32F1xx_HAL_Driver/Src/stm32f1xx_hal_rcc.o
 .text.HAL_SPI_Init
                0x0000000008003efc      0x108 ./Drivers/STM32F1xx_HAL_Driver/Src/stm32f1xx_hal_spi.o
                0x0000000008003efc                HAL_SPI_Init
 .text.HAL_SPI_Transmit
                0x0000000008004004      0x288 ./Drivers/STM32F1xx_HAL_Driver/Src/stm32f1xx_hal_spi.o
                0x0000000008004004                HAL_SPI_Transmit
 .text.HAL_SPI_Receive
                0x000000000800428c      0x232 ./Drivers/STM32F1xx_HAL_Driver/Src/stm32f1xx_hal_spi.o
                0x000000000800428c                HAL_SPI_Receive
 .text.HAL_SPI_TransmitReceive
                0x00000000080044be      0x352 ./Drivers/STM32F1xx_HAL_Driver/Src/stm32f1xx_hal_spi.o
                0x00000000080044be                HAL_SPI_TransmitReceive
 .text.HAL_SPI_GetState
                0x0000000008004810       0x1a ./Drivers/STM32F1xx_HAL_Driver/Src/stm32f1xx_hal_spi.o
                0x0000000008004810                HAL_SPI_GetState
 *fill*         0x000000000800482a        0x2 
 .text.SPI_WaitFlagStateUntilTimeout
                0x000000000800482c      0x110 ./Drivers/STM32F1xx_HAL_Driver/Src/stm32f1xx_hal_spi.o
 .text.SPI_EndRxTransaction
                0x000000000800493c       0xa4 ./Drivers/STM32F1xx_HAL_Driver/Src/stm32f1xx_hal_spi.o
 .text.SPI_EndRxTxTransaction
                0x00000000080049e0       0x62 ./Drivers/STM32F1xx_HAL_Driver/Src/stm32f1xx_hal_spi.o
 .text.HAL_UART_Init
                0x0000000008004a42       0xa0 ./Drivers/STM32F1xx_HAL_Driver/Src/stm32f1xx_hal_uart.o
                0x0000000008004a42                HAL_UART_Init
 .text.HAL_UART_Transmit_IT
                0x0000000008004ae2       0x6a ./Drivers/STM32F1xx_HAL_Driver/Src/stm32f1xx_hal_uart.o
                0x0000000008004ae2                HAL_UART_Transmit_IT
 .text.HAL_UART_Receive_IT
                0x0000000008004b4c       0x4a ./Drivers/STM32F1xx_HAL_Driver/Src/stm32f1xx_hal_uart.o
                0x0000000008004b4c                HAL_UART_Receive_IT
 *fill*         0x0000000008004b96        0x2 
 .text.HAL_UART_IRQHandler
                0x0000000008004b98      0x524 ./Drivers/STM32F1xx_HAL_Driver/Src/stm32f1xx_hal_uart.o
                0x0000000008004b98                HAL_UART_IRQHandler
 .text.HAL_UART_TxCpltCallback
                0x00000000080050bc       0x12 ./Drivers/STM32F1xx_HAL_Driver/Src/stm32f1xx_hal_uart.o
                0x00000000080050bc                HAL_UART_TxCpltCallback
 .text.HAL_UART_ErrorCallback
                0x00000000080050ce       0x12 ./Drivers/STM32F1xx_HAL_Driver/Src/stm32f1xx_hal_uart.o
                0x00000000080050ce                HAL_UART_ErrorCallback
 .text.HAL_UARTEx_RxEventCallback
                0x00000000080050e0       0x16 ./Drivers/STM32F1xx_HAL_Driver/Src/stm32f1xx_hal_uart.o
                0x00000000080050e0                HAL_UARTEx_RxEventCallback
 .text.UART_Start_Receive_IT
                0x00000000080050f6       0x72 ./Drivers/STM32F1xx_HAL_Driver/Src/stm32f1xx_hal_uart.o
                0x00000000080050f6                UART_Start_Receive_IT
 .text.UART_EndRxTransfer
                0x0000000008005168       0xc4 ./Drivers/STM32F1xx_HAL_Driver/Src/stm32f1xx_hal_uart.o
 .text.UART_DMAAbortOnError
                0x000000000800522c       0x28 ./Drivers/STM32F1xx_HAL_Driver/Src/stm32f1xx_hal_uart.o
 .text.UART_Transmit_IT
                0x0000000008005254       0x9e ./Drivers/STM32F1xx_HAL_Driver/Src/stm32f1xx_hal_uart.o
 .text.UART_EndTransmit_IT
                0x00000000080052f2       0x30 ./Drivers/STM32F1xx_HAL_Driver/Src/stm32f1xx_hal_uart.o
 .text.UART_Receive_IT
                0x0000000008005322      0x17c ./Drivers/STM32F1xx_HAL_Driver/Src/stm32f1xx_hal_uart.o
 *fill*         0x000000000800549e        0x2 
 .text.UART_SetConfig
                0x00000000080054a0      0x11c ./Drivers/STM32F1xx_HAL_Driver/Src/stm32f1xx_hal_uart.o
 .text.sprintf  0x00000000080055bc       0x40 E:/ST_IDE/STide/STM32CubeIDE_1.14.1/STM32CubeIDE/plugins/com.st.stm32cube.ide.mcu.externaltools.gnu-tools-for-stm32.11.3.rel1.win32_1.1.100.202309141235/tools/bin/../lib/gcc/arm-none-eabi/11.3.1/../../../../arm-none-eabi/lib/thumb/v7-m/nofp\libc_nano.a(libc_a-sprintf.o)
                0x00000000080055bc                siprintf
                0x00000000080055bc                sprintf
 .text.memset   0x00000000080055fc       0x10 E:/ST_IDE/STide/STM32CubeIDE_1.14.1/STM32CubeIDE/plugins/com.st.stm32cube.ide.mcu.externaltools.gnu-tools-for-stm32.11.3.rel1.win32_1.1.100.202309141235/tools/bin/../lib/gcc/arm-none-eabi/11.3.1/../../../../arm-none-eabi/lib/thumb/v7-m/nofp\libc_nano.a(libc_a-memset.o)
                0x00000000080055fc                memset
 .text.__errno  0x000000000800560c        0xc E:/ST_IDE/STide/STM32CubeIDE_1.14.1/STM32CubeIDE/plugins/com.st.stm32cube.ide.mcu.externaltools.gnu-tools-for-stm32.11.3.rel1.win32_1.1.100.202309141235/tools/bin/../lib/gcc/arm-none-eabi/11.3.1/../../../../arm-none-eabi/lib/thumb/v7-m/nofp\libc_nano.a(libc_a-errno.o)
                0x000000000800560c                __errno
 .text.__libc_init_array
                0x0000000008005618       0x48 E:/ST_IDE/STide/STM32CubeIDE_1.14.1/STM32CubeIDE/plugins/com.st.stm32cube.ide.mcu.externaltools.gnu-tools-for-stm32.11.3.rel1.win32_1.1.100.202309141235/tools/bin/../lib/gcc/arm-none-eabi/11.3.1/../../../../arm-none-eabi/lib/thumb/v7-m/nofp\libc_nano.a(libc_a-init.o)
                0x0000000008005618                __libc_init_array
 .text.__retarget_lock_acquire_recursive
                0x0000000008005660        0x2 E:/ST_IDE/STide/STM32CubeIDE_1.14.1/STM32CubeIDE/plugins/com.st.stm32cube.ide.mcu.externaltools.gnu-tools-for-stm32.11.3.rel1.win32_1.1.100.202309141235/tools/bin/../lib/gcc/arm-none-eabi/11.3.1/../../../../arm-none-eabi/lib/thumb/v7-m/nofp\libc_nano.a(libc_a-lock.o)
                0x0000000008005660                __retarget_lock_acquire_recursive
 .text.__retarget_lock_release_recursive
                0x0000000008005662        0x2 E:/ST_IDE/STide/STM32CubeIDE_1.14.1/STM32CubeIDE/plugins/com.st.stm32cube.ide.mcu.externaltools.gnu-tools-for-stm32.11.3.rel1.win32_1.1.100.202309141235/tools/bin/../lib/gcc/arm-none-eabi/11.3.1/../../../../arm-none-eabi/lib/thumb/v7-m/nofp\libc_nano.a(libc_a-lock.o)
                0x0000000008005662                __retarget_lock_release_recursive
 .text.memcpy   0x0000000008005664       0x1c E:/ST_IDE/STide/STM32CubeIDE_1.14.1/STM32CubeIDE/plugins/com.st.stm32cube.ide.mcu.externaltools.gnu-tools-for-stm32.11.3.rel1.win32_1.1.100.202309141235/tools/bin/../lib/gcc/arm-none-eabi/11.3.1/../../../../arm-none-eabi/lib/thumb/v7-m/nofp\libc_nano.a(libc_a-memcpy-stub.o)
                0x0000000008005664                memcpy
 .text._free_r  0x0000000008005680       0x90 E:/ST_IDE/STide/STM32CubeIDE_1.14.1/STM32CubeIDE/plugins/com.st.stm32cube.ide.mcu.externaltools.gnu-tools-for-stm32.11.3.rel1.win32_1.1.100.202309141235/tools/bin/../lib/gcc/arm-none-eabi/11.3.1/../../../../arm-none-eabi/lib/thumb/v7-m/nofp\libc_nano.a(libc_a-freer.o)
                0x0000000008005680                _free_r
 .text.sbrk_aligned
                0x0000000008005710       0x40 E:/ST_IDE/STide/STM32CubeIDE_1.14.1/STM32CubeIDE/plugins/com.st.stm32cube.ide.mcu.externaltools.gnu-tools-for-stm32.11.3.rel1.win32_1.1.100.202309141235/tools/bin/../lib/gcc/arm-none-eabi/11.3.1/../../../../arm-none-eabi/lib/thumb/v7-m/nofp\libc_nano.a(libc_a-mallocr.o)
 .text._malloc_r
                0x0000000008005750      0x100 E:/ST_IDE/STide/STM32CubeIDE_1.14.1/STM32CubeIDE/plugins/com.st.stm32cube.ide.mcu.externaltools.gnu-tools-for-stm32.11.3.rel1.win32_1.1.100.202309141235/tools/bin/../lib/gcc/arm-none-eabi/11.3.1/../../../../arm-none-eabi/lib/thumb/v7-m/nofp\libc_nano.a(libc_a-mallocr.o)
                0x0000000008005750                _malloc_r
 .text.__malloc_lock
                0x0000000008005850        0xc E:/ST_IDE/STide/STM32CubeIDE_1.14.1/STM32CubeIDE/plugins/com.st.stm32cube.ide.mcu.externaltools.gnu-tools-for-stm32.11.3.rel1.win32_1.1.100.202309141235/tools/bin/../lib/gcc/arm-none-eabi/11.3.1/../../../../arm-none-eabi/lib/thumb/v7-m/nofp\libc_nano.a(libc_a-mlock.o)
                0x0000000008005850                __malloc_lock
 .text.__malloc_unlock
                0x000000000800585c        0xc E:/ST_IDE/STide/STM32CubeIDE_1.14.1/STM32CubeIDE/plugins/com.st.stm32cube.ide.mcu.externaltools.gnu-tools-for-stm32.11.3.rel1.win32_1.1.100.202309141235/tools/bin/../lib/gcc/arm-none-eabi/11.3.1/../../../../arm-none-eabi/lib/thumb/v7-m/nofp\libc_nano.a(libc_a-mlock.o)
                0x000000000800585c                __malloc_unlock
 .text.__ssputs_r
                0x0000000008005868       0xb4 E:/ST_IDE/STide/STM32CubeIDE_1.14.1/STM32CubeIDE/plugins/com.st.stm32cube.ide.mcu.externaltools.gnu-tools-for-stm32.11.3.rel1.win32_1.1.100.202309141235/tools/bin/../lib/gcc/arm-none-eabi/11.3.1/../../../../arm-none-eabi/lib/thumb/v7-m/nofp\libc_nano.a(libc_a-nano-svfprintf.o)
                0x0000000008005868                __ssputs_r
 .text._svfprintf_r
                0x000000000800591c      0x1fc E:/ST_IDE/STide/STM32CubeIDE_1.14.1/STM32CubeIDE/plugins/com.st.stm32cube.ide.mcu.externaltools.gnu-tools-for-stm32.11.3.rel1.win32_1.1.100.202309141235/tools/bin/../lib/gcc/arm-none-eabi/11.3.1/../../../../arm-none-eabi/lib/thumb/v7-m/nofp\libc_nano.a(libc_a-nano-svfprintf.o)
                0x000000000800591c                _svfiprintf_r
                0x000000000800591c                _svfprintf_r
 .text._printf_common
                0x0000000008005b18       0xe4 E:/ST_IDE/STide/STM32CubeIDE_1.14.1/STM32CubeIDE/plugins/com.st.stm32cube.ide.mcu.externaltools.gnu-tools-for-stm32.11.3.rel1.win32_1.1.100.202309141235/tools/bin/../lib/gcc/arm-none-eabi/11.3.1/../../../../arm-none-eabi/lib/thumb/v7-m/nofp\libc_nano.a(libc_a-nano-vfprintf_i.o)
                0x0000000008005b18                _printf_common
 .text._printf_i
                0x0000000008005bfc      0x244 E:/ST_IDE/STide/STM32CubeIDE_1.14.1/STM32CubeIDE/plugins/com.st.stm32cube.ide.mcu.externaltools.gnu-tools-for-stm32.11.3.rel1.win32_1.1.100.202309141235/tools/bin/../lib/gcc/arm-none-eabi/11.3.1/../../../../arm-none-eabi/lib/thumb/v7-m/nofp\libc_nano.a(libc_a-nano-vfprintf_i.o)
                0x0000000008005bfc                _printf_i
 .text.memmove  0x0000000008005e40       0x34 E:/ST_IDE/STide/STM32CubeIDE_1.14.1/STM32CubeIDE/plugins/com.st.stm32cube.ide.mcu.externaltools.gnu-tools-for-stm32.11.3.rel1.win32_1.1.100.202309141235/tools/bin/../lib/gcc/arm-none-eabi/11.3.1/../../../../arm-none-eabi/lib/thumb/v7-m/nofp\libc_nano.a(libc_a-memmove.o)
                0x0000000008005e40                memmove
 .text._sbrk_r  0x0000000008005e74       0x20 E:/ST_IDE/STide/STM32CubeIDE_1.14.1/STM32CubeIDE/plugins/com.st.stm32cube.ide.mcu.externaltools.gnu-tools-for-stm32.11.3.rel1.win32_1.1.100.202309141235/tools/bin/../lib/gcc/arm-none-eabi/11.3.1/../../../../arm-none-eabi/lib/thumb/v7-m/nofp\libc_nano.a(libc_a-sbrkr.o)
                0x0000000008005e74                _sbrk_r
 .text.memchr   0x0000000008005e94       0x1c E:/ST_IDE/STide/STM32CubeIDE_1.14.1/STM32CubeIDE/plugins/com.st.stm32cube.ide.mcu.externaltools.gnu-tools-for-stm32.11.3.rel1.win32_1.1.100.202309141235/tools/bin/../lib/gcc/arm-none-eabi/11.3.1/../../../../arm-none-eabi/lib/thumb/v7-m/nofp\libc_nano.a(libc_a-memchr-stub.o)
                0x0000000008005e94                memchr
 .text._realloc_r
                0x0000000008005eb0       0x5e E:/ST_IDE/STide/STM32CubeIDE_1.14.1/STM32CubeIDE/plugins/com.st.stm32cube.ide.mcu.externaltools.gnu-tools-for-stm32.11.3.rel1.win32_1.1.100.202309141235/tools/bin/../lib/gcc/arm-none-eabi/11.3.1/../../../../arm-none-eabi/lib/thumb/v7-m/nofp\libc_nano.a(libc_a-reallocr.o)
                0x0000000008005eb0                _realloc_r
 .text._malloc_usable_size_r
                0x0000000008005f0e       0x10 E:/ST_IDE/STide/STM32CubeIDE_1.14.1/STM32CubeIDE/plugins/com.st.stm32cube.ide.mcu.externaltools.gnu-tools-for-stm32.11.3.rel1.win32_1.1.100.202309141235/tools/bin/../lib/gcc/arm-none-eabi/11.3.1/../../../../arm-none-eabi/lib/thumb/v7-m/nofp\libc_nano.a(libc_a-msizer.o)
                0x0000000008005f0e                _malloc_usable_size_r
 *(.glue_7)
 .glue_7        0x0000000008005f1e        0x0 linker stubs
 *(.glue_7t)
 .glue_7t       0x0000000008005f1e        0x0 linker stubs
 *(.eh_frame)
 *fill*         0x0000000008005f1e        0x2 
 .eh_frame      0x0000000008005f20        0x0 E:/ST_IDE/STide/STM32CubeIDE_1.14.1/STM32CubeIDE/plugins/com.st.stm32cube.ide.mcu.externaltools.gnu-tools-for-stm32.11.3.rel1.win32_1.1.100.202309141235/tools/bin/../lib/gcc/arm-none-eabi/11.3.1/thumb/v7-m/nofp/crtbegin.o
 *(.init)
 .init          0x0000000008005f20        0x4 E:/ST_IDE/STide/STM32CubeIDE_1.14.1/STM32CubeIDE/plugins/com.st.stm32cube.ide.mcu.externaltools.gnu-tools-for-stm32.11.3.rel1.win32_1.1.100.202309141235/tools/bin/../lib/gcc/arm-none-eabi/11.3.1/thumb/v7-m/nofp/crti.o
                0x0000000008005f20                _init
 .init          0x0000000008005f24        0x8 E:/ST_IDE/STide/STM32CubeIDE_1.14.1/STM32CubeIDE/plugins/com.st.stm32cube.ide.mcu.externaltools.gnu-tools-for-stm32.11.3.rel1.win32_1.1.100.202309141235/tools/bin/../lib/gcc/arm-none-eabi/11.3.1/thumb/v7-m/nofp/crtn.o
 *(.fini)
 .fini          0x0000000008005f2c        0x4 E:/ST_IDE/STide/STM32CubeIDE_1.14.1/STM32CubeIDE/plugins/com.st.stm32cube.ide.mcu.externaltools.gnu-tools-for-stm32.11.3.rel1.win32_1.1.100.202309141235/tools/bin/../lib/gcc/arm-none-eabi/11.3.1/thumb/v7-m/nofp/crti.o
                0x0000000008005f2c                _fini
 .fini          0x0000000008005f30        0x8 E:/ST_IDE/STide/STM32CubeIDE_1.14.1/STM32CubeIDE/plugins/com.st.stm32cube.ide.mcu.externaltools.gnu-tools-for-stm32.11.3.rel1.win32_1.1.100.202309141235/tools/bin/../lib/gcc/arm-none-eabi/11.3.1/thumb/v7-m/nofp/crtn.o
                0x0000000008005f38                . = ALIGN (0x4)
                0x0000000008005f38                _etext = .

.vfp11_veneer   0x0000000008005f38        0x0
 .vfp11_veneer  0x0000000008005f38        0x0 linker stubs

.v4_bx          0x0000000008005f38        0x0
 .v4_bx         0x0000000008005f38        0x0 linker stubs

.iplt           0x0000000008005f38        0x0
 .iplt          0x0000000008005f38        0x0 E:/ST_IDE/STide/STM32CubeIDE_1.14.1/STM32CubeIDE/plugins/com.st.stm32cube.ide.mcu.externaltools.gnu-tools-for-stm32.11.3.rel1.win32_1.1.100.202309141235/tools/bin/../lib/gcc/arm-none-eabi/11.3.1/thumb/v7-m/nofp/crtbegin.o

.rodata         0x0000000008005f38      0x1d8
                0x0000000008005f38                . = ALIGN (0x4)
 *(.rodata)
 .rodata        0x0000000008005f38       0x50 ./Core/Src/Lora.o
 .rodata        0x0000000008005f88      0x128 ./Core/Src/main.o
 *(.rodata*)
 .rodata.AHBPrescTable
                0x00000000080060b0       0x10 ./Core/Src/system_stm32f1xx.o
                0x00000000080060b0                AHBPrescTable
 .rodata.APBPrescTable
                0x00000000080060c0        0x8 ./Core/Src/system_stm32f1xx.o
                0x00000000080060c0                APBPrescTable
 .rodata.aPLLMULFactorTable.1
                0x00000000080060c8       0x10 ./Drivers/STM32F1xx_HAL_Driver/Src/stm32f1xx_hal_rcc.o
 .rodata.aPredivFactorTable.0
                0x00000000080060d8        0x2 ./Drivers/STM32F1xx_HAL_Driver/Src/stm32f1xx_hal_rcc.o
 .rodata._svfprintf_r.str1.1
                0x00000000080060da       0x11 E:/ST_IDE/STide/STM32CubeIDE_1.14.1/STM32CubeIDE/plugins/com.st.stm32cube.ide.mcu.externaltools.gnu-tools-for-stm32.11.3.rel1.win32_1.1.100.202309141235/tools/bin/../lib/gcc/arm-none-eabi/11.3.1/../../../../arm-none-eabi/lib/thumb/v7-m/nofp\libc_nano.a(libc_a-nano-svfprintf.o)
 .rodata._printf_i.str1.1
                0x00000000080060eb       0x22 E:/ST_IDE/STide/STM32CubeIDE_1.14.1/STM32CubeIDE/plugins/com.st.stm32cube.ide.mcu.externaltools.gnu-tools-for-stm32.11.3.rel1.win32_1.1.100.202309141235/tools/bin/../lib/gcc/arm-none-eabi/11.3.1/../../../../arm-none-eabi/lib/thumb/v7-m/nofp\libc_nano.a(libc_a-nano-vfprintf_i.o)
                0x0000000008006110                . = ALIGN (0x4)
 *fill*         0x000000000800610d        0x3 

.rel.dyn        0x0000000008006110        0x0
 .rel.iplt      0x0000000008006110        0x0 E:/ST_IDE/STide/STM32CubeIDE_1.14.1/STM32CubeIDE/plugins/com.st.stm32cube.ide.mcu.externaltools.gnu-tools-for-stm32.11.3.rel1.win32_1.1.100.202309141235/tools/bin/../lib/gcc/arm-none-eabi/11.3.1/thumb/v7-m/nofp/crtbegin.o

.ARM.extab      0x0000000008006110        0x0
                0x0000000008006110                . = ALIGN (0x4)
 *(.ARM.extab* .gnu.linkonce.armextab.*)
                0x0000000008006110                . = ALIGN (0x4)

.ARM            0x0000000008006110        0x0
                0x0000000008006110                . = ALIGN (0x4)
                0x0000000008006110                __exidx_start = .
 *(.ARM.exidx*)
                0x0000000008006110                __exidx_end = .
                0x0000000008006110                . = ALIGN (0x4)

.preinit_array  0x0000000008006110        0x0
                0x0000000008006110                . = ALIGN (0x4)
                0x0000000008006110                PROVIDE (__preinit_array_start = .)
 *(.preinit_array*)
                0x0000000008006110                PROVIDE (__preinit_array_end = .)
                0x0000000008006110                . = ALIGN (0x4)

.init_array     0x0000000008006110        0x4
                0x0000000008006110                . = ALIGN (0x4)
                0x0000000008006110                PROVIDE (__init_array_start = .)
 *(SORT_BY_NAME(.init_array.*))
 *(.init_array*)
 .init_array    0x0000000008006110        0x4 E:/ST_IDE/STide/STM32CubeIDE_1.14.1/STM32CubeIDE/plugins/com.st.stm32cube.ide.mcu.externaltools.gnu-tools-for-stm32.11.3.rel1.win32_1.1.100.202309141235/tools/bin/../lib/gcc/arm-none-eabi/11.3.1/thumb/v7-m/nofp/crtbegin.o
                0x0000000008006114                PROVIDE (__init_array_end = .)
                0x0000000008006114                . = ALIGN (0x4)

.fini_array     0x0000000008006114        0x4
                0x0000000008006114                . = ALIGN (0x4)
                [!provide]                        PROVIDE (__fini_array_start = .)
 *(SORT_BY_NAME(.fini_array.*))
 *(.fini_array*)
 .fini_array    0x0000000008006114        0x4 E:/ST_IDE/STide/STM32CubeIDE_1.14.1/STM32CubeIDE/plugins/com.st.stm32cube.ide.mcu.externaltools.gnu-tools-for-stm32.11.3.rel1.win32_1.1.100.202309141235/tools/bin/../lib/gcc/arm-none-eabi/11.3.1/thumb/v7-m/nofp/crtbegin.o
                [!provide]                        PROVIDE (__fini_array_end = .)
                0x0000000008006118                . = ALIGN (0x4)
                0x0000000008006118                _sidata = LOADADDR (.data)

.data           0x0000000020000000       0x60 load address 0x0000000008006118
                0x0000000020000000                . = ALIGN (0x4)
                0x0000000020000000                _sdata = .
 *(.data)
 *(.data*)
 .data.Start    0x0000000020000000        0x1 ./Core/Src/main.o
                0x0000000020000000                Start
 *fill*         0x0000000020000001        0x3 
 .data.SystemCoreClock
                0x0000000020000004        0x4 ./Core/Src/system_stm32f1xx.o
                0x0000000020000004                SystemCoreClock
 .data.uwTickPrio
                0x0000000020000008        0x4 ./Drivers/STM32F1xx_HAL_Driver/Src/stm32f1xx_hal.o
                0x0000000020000008                uwTickPrio
 .data.uwTickFreq
                0x000000002000000c        0x1 ./Drivers/STM32F1xx_HAL_Driver/Src/stm32f1xx_hal.o
                0x000000002000000c                uwTickFreq
 *fill*         0x000000002000000d        0x3 
 .data._impure_data
                0x0000000020000010       0x4c E:/ST_IDE/STide/STM32CubeIDE_1.14.1/STM32CubeIDE/plugins/com.st.stm32cube.ide.mcu.externaltools.gnu-tools-for-stm32.11.3.rel1.win32_1.1.100.202309141235/tools/bin/../lib/gcc/arm-none-eabi/11.3.1/../../../../arm-none-eabi/lib/thumb/v7-m/nofp\libc_nano.a(libc_a-impure.o)
                0x0000000020000010                _impure_data
 .data._impure_ptr
                0x000000002000005c        0x4 E:/ST_IDE/STide/STM32CubeIDE_1.14.1/STM32CubeIDE/plugins/com.st.stm32cube.ide.mcu.externaltools.gnu-tools-for-stm32.11.3.rel1.win32_1.1.100.202309141235/tools/bin/../lib/gcc/arm-none-eabi/11.3.1/../../../../arm-none-eabi/lib/thumb/v7-m/nofp\libc_nano.a(libc_a-impure.o)
                0x000000002000005c                _impure_ptr
 *(.RamFunc)
 *(.RamFunc*)
                0x0000000020000060                . = ALIGN (0x4)
                0x0000000020000060                _edata = .

.igot.plt       0x0000000020000060        0x0 load address 0x0000000008006178
 .igot.plt      0x0000000020000060        0x0 E:/ST_IDE/STide/STM32CubeIDE_1.14.1/STM32CubeIDE/plugins/com.st.stm32cube.ide.mcu.externaltools.gnu-tools-for-stm32.11.3.rel1.win32_1.1.100.202309141235/tools/bin/../lib/gcc/arm-none-eabi/11.3.1/thumb/v7-m/nofp/crtbegin.o
                0x0000000020000060                . = ALIGN (0x4)

.bss            0x0000000020000060      0x2dc load address 0x0000000008006178
                0x0000000020000060                _sbss = .
                0x0000000020000060                __bss_start__ = _sbss
 *(.bss)
 .bss           0x0000000020000060       0x1c E:/ST_IDE/STide/STM32CubeIDE_1.14.1/STM32CubeIDE/plugins/com.st.stm32cube.ide.mcu.externaltools.gnu-tools-for-stm32.11.3.rel1.win32_1.1.100.202309141235/tools/bin/../lib/gcc/arm-none-eabi/11.3.1/thumb/v7-m/nofp/crtbegin.o
 *(.bss*)
 .bss.myLoRa    0x000000002000007c       0x2c ./Core/Src/main.o
                0x000000002000007c                myLoRa
 .bss.LoRa_Status
                0x00000000200000a8        0x2 ./Core/Src/main.o
                0x00000000200000a8                LoRa_Status
 *fill*         0x00000000200000aa        0x2 
 .bss.TxBuffer  0x00000000200000ac        0x4 ./Core/Src/main.o
                0x00000000200000ac                TxBuffer
 .bss.Received_Data
                0x00000000200000b0        0x9 ./Core/Src/main.o
                0x00000000200000b0                Received_Data
 *fill*         0x00000000200000b9        0x3 
 .bss.RX_Data_Control
                0x00000000200000bc       0x10 ./Core/Src/main.o
                0x00000000200000bc                RX_Data_Control
 .bss.receivedACK
                0x00000000200000cc        0x3 ./Core/Src/main.o
                0x00000000200000cc                receivedACK
 .bss.Data_Sensor_Interrupt
                0x00000000200000cf        0x1 ./Core/Src/main.o
                0x00000000200000cf                Data_Sensor_Interrupt
 .bss.ESP_rx_data
                0x00000000200000d0        0x1 ./Core/Src/main.o
                0x00000000200000d0                ESP_rx_data
 .bss.manual_interrupt_flag
                0x00000000200000d1        0x1 ./Core/Src/main.o
                0x00000000200000d1                manual_interrupt_flag
 .bss.water_relay
                0x00000000200000d2        0x1 ./Core/Src/main.o
                0x00000000200000d2                water_relay
 .bss.light_relay
                0x00000000200000d3        0x1 ./Core/Src/main.o
                0x00000000200000d3                light_relay
 .bss.fan_relay
                0x00000000200000d4        0x1 ./Core/Src/main.o
                0x00000000200000d4                fan_relay
 .bss.relay_state
                0x00000000200000d5        0x1 ./Core/Src/main.o
                0x00000000200000d5                relay_state
 .bss.Next_State_Flag
                0x00000000200000d6        0x1 ./Core/Src/main.o
                0x00000000200000d6                Next_State_Flag
 .bss.Prev_State_Flag
                0x00000000200000d7        0x1 ./Core/Src/main.o
                0x00000000200000d7                Prev_State_Flag
 .bss.sensorData
                0x00000000200000d8        0xe ./Core/Src/main.o
                0x00000000200000d8                sensorData
 .bss.control_mode
                0x00000000200000e6        0x1 ./Core/Src/main.o
                0x00000000200000e6                control_mode
 .bss.current_display_screen
                0x00000000200000e7        0x1 ./Core/Src/main.o
                0x00000000200000e7                current_display_screen
 .bss.buffer    0x00000000200000e8        0xe ./Core/Src/main.o
                0x00000000200000e8                buffer
 *fill*         0x00000000200000f6        0x2 
 .bss.hi2c1     0x00000000200000f8       0x54 ./Core/Src/main.o
                0x00000000200000f8                hi2c1
 .bss.hspi1     0x000000002000014c       0x58 ./Core/Src/main.o
                0x000000002000014c                hspi1
 .bss.huart1    0x00000000200001a4       0x48 ./Core/Src/main.o
                0x00000000200001a4                huart1
 .bss.__sbrk_heap_end
                0x00000000200001ec        0x4 ./Core/Src/sysmem.o
 .bss.uwTick    0x00000000200001f0        0x4 ./Drivers/STM32F1xx_HAL_Driver/Src/stm32f1xx_hal.o
                0x00000000200001f0                uwTick
 .bss.__sf      0x00000000200001f4      0x138 E:/ST_IDE/STide/STM32CubeIDE_1.14.1/STM32CubeIDE/plugins/com.st.stm32cube.ide.mcu.externaltools.gnu-tools-for-stm32.11.3.rel1.win32_1.1.100.202309141235/tools/bin/../lib/gcc/arm-none-eabi/11.3.1/../../../../arm-none-eabi/lib/thumb/v7-m/nofp\libc_nano.a(libc_a-findfp.o)
                0x00000000200001f4                __sf
 .bss.errno     0x000000002000032c        0x4 E:/ST_IDE/STide/STM32CubeIDE_1.14.1/STM32CubeIDE/plugins/com.st.stm32cube.ide.mcu.externaltools.gnu-tools-for-stm32.11.3.rel1.win32_1.1.100.202309141235/tools/bin/../lib/gcc/arm-none-eabi/11.3.1/../../../../arm-none-eabi/lib/thumb/v7-m/nofp\libc_nano.a(libc_a-reent.o)
                0x000000002000032c                errno
 .bss.__lock___malloc_recursive_mutex
                0x0000000020000330        0x1 E:/ST_IDE/STide/STM32CubeIDE_1.14.1/STM32CubeIDE/plugins/com.st.stm32cube.ide.mcu.externaltools.gnu-tools-for-stm32.11.3.rel1.win32_1.1.100.202309141235/tools/bin/../lib/gcc/arm-none-eabi/11.3.1/../../../../arm-none-eabi/lib/thumb/v7-m/nofp\libc_nano.a(libc_a-lock.o)
                0x0000000020000330                __lock___malloc_recursive_mutex
 *fill*         0x0000000020000331        0x3 
 .bss.__malloc_free_list
                0x0000000020000334        0x4 E:/ST_IDE/STide/STM32CubeIDE_1.14.1/STM32CubeIDE/plugins/com.st.stm32cube.ide.mcu.externaltools.gnu-tools-for-stm32.11.3.rel1.win32_1.1.100.202309141235/tools/bin/../lib/gcc/arm-none-eabi/11.3.1/../../../../arm-none-eabi/lib/thumb/v7-m/nofp\libc_nano.a(libc_a-mallocr.o)
                0x0000000020000334                __malloc_free_list
 .bss.__malloc_sbrk_start
                0x0000000020000338        0x4 E:/ST_IDE/STide/STM32CubeIDE_1.14.1/STM32CubeIDE/plugins/com.st.stm32cube.ide.mcu.externaltools.gnu-tools-for-stm32.11.3.rel1.win32_1.1.100.202309141235/tools/bin/../lib/gcc/arm-none-eabi/11.3.1/../../../../arm-none-eabi/lib/thumb/v7-m/nofp\libc_nano.a(libc_a-mallocr.o)
                0x0000000020000338                __malloc_sbrk_start
 *(COMMON)
                0x000000002000033c                . = ALIGN (0x4)
                0x000000002000033c                _ebss = .
                0x000000002000033c                __bss_end__ = _ebss

._user_heap_stack
                0x000000002000033c      0x604 load address 0x0000000008006178
                0x0000000020000340                . = ALIGN (0x8)
 *fill*         0x000000002000033c        0x4 
                [!provide]                        PROVIDE (end = .)
                0x0000000020000340                PROVIDE (_end = .)
                0x0000000020000540                . = (. + _Min_Heap_Size)
 *fill*         0x0000000020000340      0x200 
                0x0000000020000940                . = (. + _Min_Stack_Size)
 *fill*         0x0000000020000540      0x400 
                0x0000000020000940                . = ALIGN (0x8)

/DISCARD/
 libc.a(*)
 libm.a(*)
 libgcc.a(*)

.ARM.attributes
                0x0000000000000000       0x29
 *(.ARM.attributes)
 .ARM.attributes
                0x0000000000000000       0x1d E:/ST_IDE/STide/STM32CubeIDE_1.14.1/STM32CubeIDE/plugins/com.st.stm32cube.ide.mcu.externaltools.gnu-tools-for-stm32.11.3.rel1.win32_1.1.100.202309141235/tools/bin/../lib/gcc/arm-none-eabi/11.3.1/thumb/v7-m/nofp/crti.o
 .ARM.attributes
                0x000000000000001d       0x2d E:/ST_IDE/STide/STM32CubeIDE_1.14.1/STM32CubeIDE/plugins/com.st.stm32cube.ide.mcu.externaltools.gnu-tools-for-stm32.11.3.rel1.win32_1.1.100.202309141235/tools/bin/../lib/gcc/arm-none-eabi/11.3.1/thumb/v7-m/nofp/crtbegin.o
 .ARM.attributes
                0x000000000000004a       0x2d ./Core/Src/Lora.o
 .ARM.attributes
                0x0000000000000077       0x2d ./Core/Src/lcd-i2c.o
 .ARM.attributes
                0x00000000000000a4       0x2d ./Core/Src/main.o
 .ARM.attributes
                0x00000000000000d1       0x2d ./Core/Src/stm32f1xx_hal_msp.o
 .ARM.attributes
                0x00000000000000fe       0x2d ./Core/Src/stm32f1xx_it.o
 .ARM.attributes
                0x000000000000012b       0x2d ./Core/Src/sysmem.o
 .ARM.attributes
                0x0000000000000158       0x2d ./Core/Src/system_stm32f1xx.o
 .ARM.attributes
                0x0000000000000185       0x21 ./Core/Startup/startup_stm32f103c8tx.o
 .ARM.attributes
                0x00000000000001a6       0x2d ./Drivers/STM32F1xx_HAL_Driver/Src/stm32f1xx_hal.o
 .ARM.attributes
                0x00000000000001d3       0x2d ./Drivers/STM32F1xx_HAL_Driver/Src/stm32f1xx_hal_cortex.o
 .ARM.attributes
                0x0000000000000200       0x2d ./Drivers/STM32F1xx_HAL_Driver/Src/stm32f1xx_hal_dma.o
 .ARM.attributes
                0x000000000000022d       0x2d ./Drivers/STM32F1xx_HAL_Driver/Src/stm32f1xx_hal_gpio.o
 .ARM.attributes
                0x000000000000025a       0x2d ./Drivers/STM32F1xx_HAL_Driver/Src/stm32f1xx_hal_i2c.o
 .ARM.attributes
                0x0000000000000287       0x2d ./Drivers/STM32F1xx_HAL_Driver/Src/stm32f1xx_hal_rcc.o
 .ARM.attributes
                0x00000000000002b4       0x2d ./Drivers/STM32F1xx_HAL_Driver/Src/stm32f1xx_hal_spi.o
 .ARM.attributes
                0x00000000000002e1       0x2d ./Drivers/STM32F1xx_HAL_Driver/Src/stm32f1xx_hal_uart.o
 .ARM.attributes
                0x000000000000030e       0x2d E:/ST_IDE/STide/STM32CubeIDE_1.14.1/STM32CubeIDE/plugins/com.st.stm32cube.ide.mcu.externaltools.gnu-tools-for-stm32.11.3.rel1.win32_1.1.100.202309141235/tools/bin/../lib/gcc/arm-none-eabi/11.3.1/../../../../arm-none-eabi/lib/thumb/v7-m/nofp\libc_nano.a(libc_a-findfp.o)
 .ARM.attributes
                0x000000000000033b       0x2d E:/ST_IDE/STide/STM32CubeIDE_1.14.1/STM32CubeIDE/plugins/com.st.stm32cube.ide.mcu.externaltools.gnu-tools-for-stm32.11.3.rel1.win32_1.1.100.202309141235/tools/bin/../lib/gcc/arm-none-eabi/11.3.1/../../../../arm-none-eabi/lib/thumb/v7-m/nofp\libc_nano.a(libc_a-sprintf.o)
 .ARM.attributes
                0x0000000000000368       0x2d E:/ST_IDE/STide/STM32CubeIDE_1.14.1/STM32CubeIDE/plugins/com.st.stm32cube.ide.mcu.externaltools.gnu-tools-for-stm32.11.3.rel1.win32_1.1.100.202309141235/tools/bin/../lib/gcc/arm-none-eabi/11.3.1/../../../../arm-none-eabi/lib/thumb/v7-m/nofp\libc_nano.a(libc_a-memset.o)
 .ARM.attributes
                0x0000000000000395       0x2d E:/ST_IDE/STide/STM32CubeIDE_1.14.1/STM32CubeIDE/plugins/com.st.stm32cube.ide.mcu.externaltools.gnu-tools-for-stm32.11.3.rel1.win32_1.1.100.202309141235/tools/bin/../lib/gcc/arm-none-eabi/11.3.1/../../../../arm-none-eabi/lib/thumb/v7-m/nofp\libc_nano.a(libc_a-reent.o)
 .ARM.attributes
                0x00000000000003c2       0x2d E:/ST_IDE/STide/STM32CubeIDE_1.14.1/STM32CubeIDE/plugins/com.st.stm32cube.ide.mcu.externaltools.gnu-tools-for-stm32.11.3.rel1.win32_1.1.100.202309141235/tools/bin/../lib/gcc/arm-none-eabi/11.3.1/../../../../arm-none-eabi/lib/thumb/v7-m/nofp\libc_nano.a(libc_a-impure.o)
 .ARM.attributes
                0x00000000000003ef       0x2d E:/ST_IDE/STide/STM32CubeIDE_1.14.1/STM32CubeIDE/plugins/com.st.stm32cube.ide.mcu.externaltools.gnu-tools-for-stm32.11.3.rel1.win32_1.1.100.202309141235/tools/bin/../lib/gcc/arm-none-eabi/11.3.1/../../../../arm-none-eabi/lib/thumb/v7-m/nofp\libc_nano.a(libc_a-errno.o)
 .ARM.attributes
                0x000000000000041c       0x2d E:/ST_IDE/STide/STM32CubeIDE_1.14.1/STM32CubeIDE/plugins/com.st.stm32cube.ide.mcu.externaltools.gnu-tools-for-stm32.11.3.rel1.win32_1.1.100.202309141235/tools/bin/../lib/gcc/arm-none-eabi/11.3.1/../../../../arm-none-eabi/lib/thumb/v7-m/nofp\libc_nano.a(libc_a-init.o)
 .ARM.attributes
                0x0000000000000449       0x2d E:/ST_IDE/STide/STM32CubeIDE_1.14.1/STM32CubeIDE/plugins/com.st.stm32cube.ide.mcu.externaltools.gnu-tools-for-stm32.11.3.rel1.win32_1.1.100.202309141235/tools/bin/../lib/gcc/arm-none-eabi/11.3.1/../../../../arm-none-eabi/lib/thumb/v7-m/nofp\libc_nano.a(libc_a-lock.o)
 .ARM.attributes
                0x0000000000000476       0x2d E:/ST_IDE/STide/STM32CubeIDE_1.14.1/STM32CubeIDE/plugins/com.st.stm32cube.ide.mcu.externaltools.gnu-tools-for-stm32.11.3.rel1.win32_1.1.100.202309141235/tools/bin/../lib/gcc/arm-none-eabi/11.3.1/../../../../arm-none-eabi/lib/thumb/v7-m/nofp\libc_nano.a(libc_a-memcpy-stub.o)
 .ARM.attributes
                0x00000000000004a3       0x2d E:/ST_IDE/STide/STM32CubeIDE_1.14.1/STM32CubeIDE/plugins/com.st.stm32cube.ide.mcu.externaltools.gnu-tools-for-stm32.11.3.rel1.win32_1.1.100.202309141235/tools/bin/../lib/gcc/arm-none-eabi/11.3.1/../../../../arm-none-eabi/lib/thumb/v7-m/nofp\libc_nano.a(libc_a-freer.o)
 .ARM.attributes
                0x00000000000004d0       0x2d E:/ST_IDE/STide/STM32CubeIDE_1.14.1/STM32CubeIDE/plugins/com.st.stm32cube.ide.mcu.externaltools.gnu-tools-for-stm32.11.3.rel1.win32_1.1.100.202309141235/tools/bin/../lib/gcc/arm-none-eabi/11.3.1/../../../../arm-none-eabi/lib/thumb/v7-m/nofp\libc_nano.a(libc_a-mallocr.o)
 .ARM.attributes
                0x00000000000004fd       0x2d E:/ST_IDE/STide/STM32CubeIDE_1.14.1/STM32CubeIDE/plugins/com.st.stm32cube.ide.mcu.externaltools.gnu-tools-for-stm32.11.3.rel1.win32_1.1.100.202309141235/tools/bin/../lib/gcc/arm-none-eabi/11.3.1/../../../../arm-none-eabi/lib/thumb/v7-m/nofp\libc_nano.a(libc_a-mlock.o)
 .ARM.attributes
                0x000000000000052a       0x2d E:/ST_IDE/STide/STM32CubeIDE_1.14.1/STM32CubeIDE/plugins/com.st.stm32cube.ide.mcu.externaltools.gnu-tools-for-stm32.11.3.rel1.win32_1.1.100.202309141235/tools/bin/../lib/gcc/arm-none-eabi/11.3.1/../../../../arm-none-eabi/lib/thumb/v7-m/nofp\libc_nano.a(libc_a-nano-svfprintf.o)
 .ARM.attributes
                0x0000000000000557       0x2d E:/ST_IDE/STide/STM32CubeIDE_1.14.1/STM32CubeIDE/plugins/com.st.stm32cube.ide.mcu.externaltools.gnu-tools-for-stm32.11.3.rel1.win32_1.1.100.202309141235/tools/bin/../lib/gcc/arm-none-eabi/11.3.1/../../../../arm-none-eabi/lib/thumb/v7-m/nofp\libc_nano.a(libc_a-nano-vfprintf_i.o)
 .ARM.attributes
                0x0000000000000584       0x2d E:/ST_IDE/STide/STM32CubeIDE_1.14.1/STM32CubeIDE/plugins/com.st.stm32cube.ide.mcu.externaltools.gnu-tools-for-stm32.11.3.rel1.win32_1.1.100.202309141235/tools/bin/../lib/gcc/arm-none-eabi/11.3.1/../../../../arm-none-eabi/lib/thumb/v7-m/nofp\libc_nano.a(libc_a-memmove.o)
 .ARM.attributes
                0x00000000000005b1       0x2d E:/ST_IDE/STide/STM32CubeIDE_1.14.1/STM32CubeIDE/plugins/com.st.stm32cube.ide.mcu.externaltools.gnu-tools-for-stm32.11.3.rel1.win32_1.1.100.202309141235/tools/bin/../lib/gcc/arm-none-eabi/11.3.1/../../../../arm-none-eabi/lib/thumb/v7-m/nofp\libc_nano.a(libc_a-sbrkr.o)
 .ARM.attributes
                0x00000000000005de       0x2d E:/ST_IDE/STide/STM32CubeIDE_1.14.1/STM32CubeIDE/plugins/com.st.stm32cube.ide.mcu.externaltools.gnu-tools-for-stm32.11.3.rel1.win32_1.1.100.202309141235/tools/bin/../lib/gcc/arm-none-eabi/11.3.1/../../../../arm-none-eabi/lib/thumb/v7-m/nofp\libc_nano.a(libc_a-memchr-stub.o)
 .ARM.attributes
                0x000000000000060b       0x2d E:/ST_IDE/STide/STM32CubeIDE_1.14.1/STM32CubeIDE/plugins/com.st.stm32cube.ide.mcu.externaltools.gnu-tools-for-stm32.11.3.rel1.win32_1.1.100.202309141235/tools/bin/../lib/gcc/arm-none-eabi/11.3.1/../../../../arm-none-eabi/lib/thumb/v7-m/nofp\libc_nano.a(libc_a-reallocr.o)
 .ARM.attributes
                0x0000000000000638       0x2d E:/ST_IDE/STide/STM32CubeIDE_1.14.1/STM32CubeIDE/plugins/com.st.stm32cube.ide.mcu.externaltools.gnu-tools-for-stm32.11.3.rel1.win32_1.1.100.202309141235/tools/bin/../lib/gcc/arm-none-eabi/11.3.1/../../../../arm-none-eabi/lib/thumb/v7-m/nofp\libc_nano.a(libc_a-msizer.o)
 .ARM.attributes
                0x0000000000000665       0x1d E:/ST_IDE/STide/STM32CubeIDE_1.14.1/STM32CubeIDE/plugins/com.st.stm32cube.ide.mcu.externaltools.gnu-tools-for-stm32.11.3.rel1.win32_1.1.100.202309141235/tools/bin/../lib/gcc/arm-none-eabi/11.3.1/thumb/v7-m/nofp\libgcc.a(_arm_addsubdf3.o)
 .ARM.attributes
                0x0000000000000682       0x1d E:/ST_IDE/STide/STM32CubeIDE_1.14.1/STM32CubeIDE/plugins/com.st.stm32cube.ide.mcu.externaltools.gnu-tools-for-stm32.11.3.rel1.win32_1.1.100.202309141235/tools/bin/../lib/gcc/arm-none-eabi/11.3.1/thumb/v7-m/nofp\libgcc.a(_arm_muldivdf3.o)
 .ARM.attributes
                0x000000000000069f       0x1d E:/ST_IDE/STide/STM32CubeIDE_1.14.1/STM32CubeIDE/plugins/com.st.stm32cube.ide.mcu.externaltools.gnu-tools-for-stm32.11.3.rel1.win32_1.1.100.202309141235/tools/bin/../lib/gcc/arm-none-eabi/11.3.1/thumb/v7-m/nofp\libgcc.a(_arm_fixdfsi.o)
 .ARM.attributes
                0x00000000000006bc       0x1d E:/ST_IDE/STide/STM32CubeIDE_1.14.1/STM32CubeIDE/plugins/com.st.stm32cube.ide.mcu.externaltools.gnu-tools-for-stm32.11.3.rel1.win32_1.1.100.202309141235/tools/bin/../lib/gcc/arm-none-eabi/11.3.1/thumb/v7-m/nofp/crtn.o
OUTPUT(GateWay_Node.elf elf32-littlearm)
LOAD linker stubs
LOAD E:/ST_IDE/STide/STM32CubeIDE_1.14.1/STM32CubeIDE/plugins/com.st.stm32cube.ide.mcu.externaltools.gnu-tools-for-stm32.11.3.rel1.win32_1.1.100.202309141235/tools/bin/../lib/gcc/arm-none-eabi/11.3.1/../../../../arm-none-eabi/lib/thumb/v7-m/nofp\libc.a
LOAD E:/ST_IDE/STide/STM32CubeIDE_1.14.1/STM32CubeIDE/plugins/com.st.stm32cube.ide.mcu.externaltools.gnu-tools-for-stm32.11.3.rel1.win32_1.1.100.202309141235/tools/bin/../lib/gcc/arm-none-eabi/11.3.1/../../../../arm-none-eabi/lib/thumb/v7-m/nofp\libm.a
LOAD E:/ST_IDE/STide/STM32CubeIDE_1.14.1/STM32CubeIDE/plugins/com.st.stm32cube.ide.mcu.externaltools.gnu-tools-for-stm32.11.3.rel1.win32_1.1.100.202309141235/tools/bin/../lib/gcc/arm-none-eabi/11.3.1/thumb/v7-m/nofp\libgcc.a

.comment        0x0000000000000000       0x43
 .comment       0x0000000000000000       0x43 E:/ST_IDE/STide/STM32CubeIDE_1.14.1/STM32CubeIDE/plugins/com.st.stm32cube.ide.mcu.externaltools.gnu-tools-for-stm32.11.3.rel1.win32_1.1.100.202309141235/tools/bin/../lib/gcc/arm-none-eabi/11.3.1/thumb/v7-m/nofp/crtbegin.o
                                         0x44 (size before relaxing)
 .comment       0x0000000000000043       0x44 ./Core/Src/Lora.o
 .comment       0x0000000000000043       0x44 ./Core/Src/lcd-i2c.o
 .comment       0x0000000000000043       0x44 ./Core/Src/main.o
 .comment       0x0000000000000043       0x44 ./Core/Src/stm32f1xx_hal_msp.o
 .comment       0x0000000000000043       0x44 ./Core/Src/stm32f1xx_it.o
 .comment       0x0000000000000043       0x44 ./Core/Src/sysmem.o
 .comment       0x0000000000000043       0x44 ./Core/Src/system_stm32f1xx.o
 .comment       0x0000000000000043       0x44 ./Drivers/STM32F1xx_HAL_Driver/Src/stm32f1xx_hal.o
 .comment       0x0000000000000043       0x44 ./Drivers/STM32F1xx_HAL_Driver/Src/stm32f1xx_hal_cortex.o
 .comment       0x0000000000000043       0x44 ./Drivers/STM32F1xx_HAL_Driver/Src/stm32f1xx_hal_dma.o
 .comment       0x0000000000000043       0x44 ./Drivers/STM32F1xx_HAL_Driver/Src/stm32f1xx_hal_gpio.o
 .comment       0x0000000000000043       0x44 ./Drivers/STM32F1xx_HAL_Driver/Src/stm32f1xx_hal_i2c.o
 .comment       0x0000000000000043       0x44 ./Drivers/STM32F1xx_HAL_Driver/Src/stm32f1xx_hal_rcc.o
 .comment       0x0000000000000043       0x44 ./Drivers/STM32F1xx_HAL_Driver/Src/stm32f1xx_hal_spi.o
 .comment       0x0000000000000043       0x44 ./Drivers/STM32F1xx_HAL_Driver/Src/stm32f1xx_hal_uart.o

.debug_info     0x0000000000000000     0xd3c1
 .debug_info    0x0000000000000000      0xdf3 ./Core/Src/Lora.o
 .debug_info    0x0000000000000df3      0x76e ./Core/Src/lcd-i2c.o
 .debug_info    0x0000000000001561     0x16c8 ./Core/Src/main.o
 .debug_info    0x0000000000002c29      0xf90 ./Core/Src/stm32f1xx_hal_msp.o
 .debug_info    0x0000000000003bb9      0x640 ./Core/Src/stm32f1xx_it.o
 .debug_info    0x00000000000041f9      0x168 ./Core/Src/sysmem.o
 .debug_info    0x0000000000004361      0x222 ./Core/Src/system_stm32f1xx.o
 .debug_info    0x0000000000004583       0x23 ./Core/Startup/startup_stm32f103c8tx.o
 .debug_info    0x00000000000045a6      0x704 ./Drivers/STM32F1xx_HAL_Driver/Src/stm32f1xx_hal.o
 .debug_info    0x0000000000004caa      0xa87 ./Drivers/STM32F1xx_HAL_Driver/Src/stm32f1xx_hal_cortex.o
 .debug_info    0x0000000000005731      0x6d2 ./Drivers/STM32F1xx_HAL_Driver/Src/stm32f1xx_hal_dma.o
 .debug_info    0x0000000000005e03      0x5ab ./Drivers/STM32F1xx_HAL_Driver/Src/stm32f1xx_hal_gpio.o
 .debug_info    0x00000000000063ae     0x2524 ./Drivers/STM32F1xx_HAL_Driver/Src/stm32f1xx_hal_i2c.o
 .debug_info    0x00000000000088d2      0x7d5 ./Drivers/STM32F1xx_HAL_Driver/Src/stm32f1xx_hal_rcc.o
 .debug_info    0x00000000000090a7     0x142d ./Drivers/STM32F1xx_HAL_Driver/Src/stm32f1xx_hal_spi.o
 .debug_info    0x000000000000a4d4     0x2eed ./Drivers/STM32F1xx_HAL_Driver/Src/stm32f1xx_hal_uart.o

.debug_abbrev   0x0000000000000000     0x20b6
 .debug_abbrev  0x0000000000000000      0x28a ./Core/Src/Lora.o
 .debug_abbrev  0x000000000000028a      0x1e5 ./Core/Src/lcd-i2c.o
 .debug_abbrev  0x000000000000046f      0x309 ./Core/Src/main.o
 .debug_abbrev  0x0000000000000778      0x1f7 ./Core/Src/stm32f1xx_hal_msp.o
 .debug_abbrev  0x000000000000096f      0x1a4 ./Core/Src/stm32f1xx_it.o
 .debug_abbrev  0x0000000000000b13       0xbc ./Core/Src/sysmem.o
 .debug_abbrev  0x0000000000000bcf      0x13f ./Core/Src/system_stm32f1xx.o
 .debug_abbrev  0x0000000000000d0e       0x12 ./Core/Startup/startup_stm32f103c8tx.o
 .debug_abbrev  0x0000000000000d20      0x201 ./Drivers/STM32F1xx_HAL_Driver/Src/stm32f1xx_hal.o
 .debug_abbrev  0x0000000000000f21      0x2f8 ./Drivers/STM32F1xx_HAL_Driver/Src/stm32f1xx_hal_cortex.o
 .debug_abbrev  0x0000000000001219      0x20b ./Drivers/STM32F1xx_HAL_Driver/Src/stm32f1xx_hal_dma.o
 .debug_abbrev  0x0000000000001424      0x1ca ./Drivers/STM32F1xx_HAL_Driver/Src/stm32f1xx_hal_gpio.o
 .debug_abbrev  0x00000000000015ee      0x2a3 ./Drivers/STM32F1xx_HAL_Driver/Src/stm32f1xx_hal_i2c.o
 .debug_abbrev  0x0000000000001891      0x2b3 ./Drivers/STM32F1xx_HAL_Driver/Src/stm32f1xx_hal_rcc.o
 .debug_abbrev  0x0000000000001b44      0x27a ./Drivers/STM32F1xx_HAL_Driver/Src/stm32f1xx_hal_spi.o
 .debug_abbrev  0x0000000000001dbe      0x2f8 ./Drivers/STM32F1xx_HAL_Driver/Src/stm32f1xx_hal_uart.o

.debug_aranges  0x0000000000000000      0xca8
 .debug_aranges
                0x0000000000000000       0xc8 ./Core/Src/Lora.o
 .debug_aranges
                0x00000000000000c8       0x50 ./Core/Src/lcd-i2c.o
 .debug_aranges
                0x0000000000000118       0x80 ./Core/Src/main.o
 .debug_aranges
                0x0000000000000198       0x50 ./Core/Src/stm32f1xx_hal_msp.o
 .debug_aranges
                0x00000000000001e8       0x88 ./Core/Src/stm32f1xx_it.o
 .debug_aranges
                0x0000000000000270       0x20 ./Core/Src/sysmem.o
 .debug_aranges
                0x0000000000000290       0x28 ./Core/Src/system_stm32f1xx.o
 .debug_aranges
                0x00000000000002b8       0x28 ./Core/Startup/startup_stm32f103c8tx.o
 .debug_aranges
                0x00000000000002e0       0xe0 ./Drivers/STM32F1xx_HAL_Driver/Src/stm32f1xx_hal.o
 .debug_aranges
                0x00000000000003c0      0x100 ./Drivers/STM32F1xx_HAL_Driver/Src/stm32f1xx_hal_cortex.o
 .debug_aranges
                0x00000000000004c0       0x80 ./Drivers/STM32F1xx_HAL_Driver/Src/stm32f1xx_hal_dma.o
 .debug_aranges
                0x0000000000000540       0x58 ./Drivers/STM32F1xx_HAL_Driver/Src/stm32f1xx_hal_gpio.o
 .debug_aranges
                0x0000000000000598      0x2a8 ./Drivers/STM32F1xx_HAL_Driver/Src/stm32f1xx_hal_i2c.o
 .debug_aranges
                0x0000000000000840       0x90 ./Drivers/STM32F1xx_HAL_Driver/Src/stm32f1xx_hal_rcc.o
 .debug_aranges
                0x00000000000008d0      0x1d0 ./Drivers/STM32F1xx_HAL_Driver/Src/stm32f1xx_hal_spi.o
 .debug_aranges
                0x0000000000000aa0      0x208 ./Drivers/STM32F1xx_HAL_Driver/Src/stm32f1xx_hal_uart.o

.debug_rnglists
                0x0000000000000000      0x9e2
 .debug_rnglists
                0x0000000000000000       0x96 ./Core/Src/Lora.o
 .debug_rnglists
                0x0000000000000096       0x37 ./Core/Src/lcd-i2c.o
 .debug_rnglists
                0x00000000000000cd       0x62 ./Core/Src/main.o
 .debug_rnglists
                0x000000000000012f       0x39 ./Core/Src/stm32f1xx_hal_msp.o
 .debug_rnglists
                0x0000000000000168       0x61 ./Core/Src/stm32f1xx_it.o
 .debug_rnglists
                0x00000000000001c9       0x13 ./Core/Src/sysmem.o
 .debug_rnglists
                0x00000000000001dc       0x1a ./Core/Src/system_stm32f1xx.o
 .debug_rnglists
                0x00000000000001f6       0x19 ./Core/Startup/startup_stm32f103c8tx.o
 .debug_rnglists
                0x000000000000020f       0xa3 ./Drivers/STM32F1xx_HAL_Driver/Src/stm32f1xx_hal.o
 .debug_rnglists
                0x00000000000002b2       0xbb ./Drivers/STM32F1xx_HAL_Driver/Src/stm32f1xx_hal_cortex.o
 .debug_rnglists
                0x000000000000036d       0x64 ./Drivers/STM32F1xx_HAL_Driver/Src/stm32f1xx_hal_dma.o
 .debug_rnglists
                0x00000000000003d1       0x3f ./Drivers/STM32F1xx_HAL_Driver/Src/stm32f1xx_hal_gpio.o
 .debug_rnglists
                0x0000000000000410      0x23c ./Drivers/STM32F1xx_HAL_Driver/Src/stm32f1xx_hal_i2c.o
 .debug_rnglists
                0x000000000000064c       0x6c ./Drivers/STM32F1xx_HAL_Driver/Src/stm32f1xx_hal_rcc.o
 .debug_rnglists
                0x00000000000006b8      0x16e ./Drivers/STM32F1xx_HAL_Driver/Src/stm32f1xx_hal_spi.o
 .debug_rnglists
                0x0000000000000826      0x1bc ./Drivers/STM32F1xx_HAL_Driver/Src/stm32f1xx_hal_uart.o

.debug_macro    0x0000000000000000    0x17b2f
 .debug_macro   0x0000000000000000      0x1ba ./Core/Src/Lora.o
 .debug_macro   0x00000000000001ba      0xa9c ./Core/Src/Lora.o
 .debug_macro   0x0000000000000c56      0x221 ./Core/Src/Lora.o
 .debug_macro   0x0000000000000e77       0x2e ./Core/Src/Lora.o
 .debug_macro   0x0000000000000ea5       0x22 ./Core/Src/Lora.o
 .debug_macro   0x0000000000000ec7       0x22 ./Core/Src/Lora.o
 .debug_macro   0x0000000000000ee9       0x8e ./Core/Src/Lora.o
 .debug_macro   0x0000000000000f77       0x51 ./Core/Src/Lora.o
 .debug_macro   0x0000000000000fc8      0x103 ./Core/Src/Lora.o
 .debug_macro   0x00000000000010cb       0x6a ./Core/Src/Lora.o
 .debug_macro   0x0000000000001135      0x1df ./Core/Src/Lora.o
 .debug_macro   0x0000000000001314       0x1c ./Core/Src/Lora.o
 .debug_macro   0x0000000000001330       0x22 ./Core/Src/Lora.o
 .debug_macro   0x0000000000001352       0xbd ./Core/Src/Lora.o
 .debug_macro   0x000000000000140f      0xd23 ./Core/Src/Lora.o
 .debug_macro   0x0000000000002132     0xe09e ./Core/Src/Lora.o
 .debug_macro   0x00000000000101d0       0x6d ./Core/Src/Lora.o
 .debug_macro   0x000000000001023d     0x34a2 ./Core/Src/Lora.o
 .debug_macro   0x00000000000136df      0x174 ./Core/Src/Lora.o
 .debug_macro   0x0000000000013853       0x5c ./Core/Src/Lora.o
 .debug_macro   0x00000000000138af      0x5bc ./Core/Src/Lora.o
 .debug_macro   0x0000000000013e6b      0x289 ./Core/Src/Lora.o
 .debug_macro   0x00000000000140f4      0x1cb ./Core/Src/Lora.o
 .debug_macro   0x00000000000142bf      0x114 ./Core/Src/Lora.o
 .debug_macro   0x00000000000143d3      0x1b2 ./Core/Src/Lora.o
 .debug_macro   0x0000000000014585       0x27 ./Core/Src/Lora.o
 .debug_macro   0x00000000000145ac      0x136 ./Core/Src/Lora.o
 .debug_macro   0x00000000000146e2      0x1bc ./Core/Src/Lora.o
 .debug_macro   0x000000000001489e       0x34 ./Core/Src/Lora.o
 .debug_macro   0x00000000000148d2       0x3c ./Core/Src/Lora.o
 .debug_macro   0x000000000001490e       0x57 ./Core/Src/Lora.o
 .debug_macro   0x0000000000014965       0x87 ./Core/Src/Lora.o
 .debug_macro   0x00000000000149ec      0x240 ./Core/Src/Lora.o
 .debug_macro   0x0000000000014c2c      0x287 ./Core/Src/Lora.o
 .debug_macro   0x0000000000014eb3      0x140 ./Core/Src/Lora.o
 .debug_macro   0x0000000000014ff3      0x217 ./Core/Src/Lora.o
 .debug_macro   0x000000000001520a      0x28e ./Core/Src/Lora.o
 .debug_macro   0x0000000000015498       0x83 ./Core/Src/Lora.o
 .debug_macro   0x000000000001551b       0x9a ./Core/Src/Lora.o
 .debug_macro   0x00000000000155b5      0x172 ./Core/Src/Lora.o
 .debug_macro   0x0000000000015727      0x1bb ./Core/Src/lcd-i2c.o
 .debug_macro   0x00000000000158e2      0x2a3 ./Core/Src/main.o
 .debug_macro   0x0000000000015b85       0x61 ./Core/Src/main.o
 .debug_macro   0x0000000000015be6       0x24 ./Core/Src/main.o
 .debug_macro   0x0000000000015c0a       0x43 ./Core/Src/main.o
 .debug_macro   0x0000000000015c4d       0x34 ./Core/Src/main.o
 .debug_macro   0x0000000000015c81       0x16 ./Core/Src/main.o
 .debug_macro   0x0000000000015c97       0x35 ./Core/Src/main.o
 .debug_macro   0x0000000000015ccc      0x369 ./Core/Src/main.o
 .debug_macro   0x0000000000016035       0x10 ./Core/Src/main.o
 .debug_macro   0x0000000000016045       0x16 ./Core/Src/main.o
 .debug_macro   0x000000000001605b       0x43 ./Core/Src/main.o
 .debug_macro   0x000000000001609e       0x34 ./Core/Src/main.o
 .debug_macro   0x00000000000160d2       0x10 ./Core/Src/main.o
 .debug_macro   0x00000000000160e2       0x58 ./Core/Src/main.o
 .debug_macro   0x000000000001613a       0x8e ./Core/Src/main.o
 .debug_macro   0x00000000000161c8       0x1c ./Core/Src/main.o
 .debug_macro   0x00000000000161e4      0x177 ./Core/Src/main.o
 .debug_macro   0x000000000001635b       0x16 ./Core/Src/main.o
 .debug_macro   0x0000000000016371       0x16 ./Core/Src/main.o
 .debug_macro   0x0000000000016387      0x147 ./Core/Src/main.o
 .debug_macro   0x00000000000164ce       0x10 ./Core/Src/main.o
 .debug_macro   0x00000000000164de      0x1b1 ./Core/Src/stm32f1xx_hal_msp.o
 .debug_macro   0x000000000001668f      0x1bb ./Core/Src/stm32f1xx_it.o
 .debug_macro   0x000000000001684a       0xff ./Core/Src/sysmem.o
 .debug_macro   0x0000000000016949      0x23c ./Core/Src/sysmem.o
 .debug_macro   0x0000000000016b85      0x1a2 ./Core/Src/system_stm32f1xx.o
 .debug_macro   0x0000000000016d27      0x1c6 ./Drivers/STM32F1xx_HAL_Driver/Src/stm32f1xx_hal.o
 .debug_macro   0x0000000000016eed      0x1a2 ./Drivers/STM32F1xx_HAL_Driver/Src/stm32f1xx_hal_cortex.o
 .debug_macro   0x000000000001708f      0x1a2 ./Drivers/STM32F1xx_HAL_Driver/Src/stm32f1xx_hal_dma.o
 .debug_macro   0x0000000000017231      0x20d ./Drivers/STM32F1xx_HAL_Driver/Src/stm32f1xx_hal_gpio.o
 .debug_macro   0x000000000001743e      0x1f0 ./Drivers/STM32F1xx_HAL_Driver/Src/stm32f1xx_hal_i2c.o
 .debug_macro   0x000000000001762e      0x1b4 ./Drivers/STM32F1xx_HAL_Driver/Src/stm32f1xx_hal_rcc.o
 .debug_macro   0x00000000000177e2      0x1aa ./Drivers/STM32F1xx_HAL_Driver/Src/stm32f1xx_hal_spi.o
 .debug_macro   0x000000000001798c      0x1a3 ./Drivers/STM32F1xx_HAL_Driver/Src/stm32f1xx_hal_uart.o

.debug_line     0x0000000000000000     0xfddc
 .debug_line    0x0000000000000000      0xb8f ./Core/Src/Lora.o
 .debug_line    0x0000000000000b8f      0x810 ./Core/Src/lcd-i2c.o
 .debug_line    0x000000000000139f     0x1046 ./Core/Src/main.o
 .debug_line    0x00000000000023e5      0x7ee ./Core/Src/stm32f1xx_hal_msp.o
 .debug_line    0x0000000000002bd3      0x837 ./Core/Src/stm32f1xx_it.o
 .debug_line    0x000000000000340a      0x672 ./Core/Src/sysmem.o
 .debug_line    0x0000000000003a7c      0x778 ./Core/Src/system_stm32f1xx.o
 .debug_line    0x00000000000041f4       0x78 ./Core/Startup/startup_stm32f103c8tx.o
 .debug_line    0x000000000000426c      0x9a5 ./Drivers/STM32F1xx_HAL_Driver/Src/stm32f1xx_hal.o
 .debug_line    0x0000000000004c11      0xb8d ./Drivers/STM32F1xx_HAL_Driver/Src/stm32f1xx_hal_cortex.o
 .debug_line    0x000000000000579e      0xdfe ./Drivers/STM32F1xx_HAL_Driver/Src/stm32f1xx_hal_dma.o
 .debug_line    0x000000000000659c      0xa3e ./Drivers/STM32F1xx_HAL_Driver/Src/stm32f1xx_hal_gpio.o
 .debug_line    0x0000000000006fda     0x3b4c ./Drivers/STM32F1xx_HAL_Driver/Src/stm32f1xx_hal_i2c.o
 .debug_line    0x000000000000ab26      0xdae ./Drivers/STM32F1xx_HAL_Driver/Src/stm32f1xx_hal_rcc.o
 .debug_line    0x000000000000b8d4     0x1c9f ./Drivers/STM32F1xx_HAL_Driver/Src/stm32f1xx_hal_spi.o
 .debug_line    0x000000000000d573     0x2869 ./Drivers/STM32F1xx_HAL_Driver/Src/stm32f1xx_hal_uart.o

.debug_str      0x0000000000000000    0x86d5e
 .debug_str     0x0000000000000000    0x7ff4d ./Core/Src/Lora.o
                                      0x80335 (size before relaxing)
 .debug_str     0x000000000007ff4d      0x2e9 ./Core/Src/lcd-i2c.o
                                      0x7fdb9 (size before relaxing)
 .debug_str     0x0000000000080236     0x4062 ./Core/Src/main.o
                                      0x8452a (size before relaxing)
 .debug_str     0x0000000000084298       0xf0 ./Core/Src/stm32f1xx_hal_msp.o
                                      0x804b6 (size before relaxing)
 .debug_str     0x0000000000084388      0x150 ./Core/Src/stm32f1xx_it.o
                                      0x7fd84 (size before relaxing)
 .debug_str     0x00000000000844d8      0x4dc ./Core/Src/sysmem.o
                                       0x5ff3 (size before relaxing)
 .debug_str     0x00000000000849b4       0x7e ./Core/Src/system_stm32f1xx.o
                                      0x7f679 (size before relaxing)
 .debug_str     0x0000000000084a32       0x34 ./Core/Startup/startup_stm32f103c8tx.o
                                         0x5d (size before relaxing)
 .debug_str     0x0000000000084a66      0x36e ./Drivers/STM32F1xx_HAL_Driver/Src/stm32f1xx_hal.o
                                      0x7fdac (size before relaxing)
 .debug_str     0x0000000000084dd4      0x294 ./Drivers/STM32F1xx_HAL_Driver/Src/stm32f1xx_hal_cortex.o
                                      0x7fcf8 (size before relaxing)
 .debug_str     0x0000000000085068      0x23a ./Drivers/STM32F1xx_HAL_Driver/Src/stm32f1xx_hal_dma.o
                                      0x7fa22 (size before relaxing)
 .debug_str     0x00000000000852a2      0x28b ./Drivers/STM32F1xx_HAL_Driver/Src/stm32f1xx_hal_gpio.o
                                      0x7f9ff (size before relaxing)
 .debug_str     0x000000000008552d      0xb85 ./Drivers/STM32F1xx_HAL_Driver/Src/stm32f1xx_hal_i2c.o
                                      0x80740 (size before relaxing)
 .debug_str     0x00000000000860b2      0x209 ./Drivers/STM32F1xx_HAL_Driver/Src/stm32f1xx_hal_rcc.o
                                      0x7faa8 (size before relaxing)
 .debug_str     0x00000000000862bb      0x4ef ./Drivers/STM32F1xx_HAL_Driver/Src/stm32f1xx_hal_spi.o
                                      0x7ff9f (size before relaxing)
 .debug_str     0x00000000000867aa      0x5b4 ./Drivers/STM32F1xx_HAL_Driver/Src/stm32f1xx_hal_uart.o
                                      0x80119 (size before relaxing)

.debug_frame    0x0000000000000000     0x3a94
 .debug_frame   0x0000000000000000      0x338 ./Core/Src/Lora.o
 .debug_frame   0x0000000000000338       0xfc ./Core/Src/lcd-i2c.o
 .debug_frame   0x0000000000000434      0x1b4 ./Core/Src/main.o
 .debug_frame   0x00000000000005e8      0x110 ./Core/Src/stm32f1xx_hal_msp.o
 .debug_frame   0x00000000000006f8      0x190 ./Core/Src/stm32f1xx_it.o
 .debug_frame   0x0000000000000888       0x34 ./Core/Src/sysmem.o
 .debug_frame   0x00000000000008bc       0x58 ./Core/Src/system_stm32f1xx.o
 .debug_frame   0x0000000000000914      0x334 ./Drivers/STM32F1xx_HAL_Driver/Src/stm32f1xx_hal.o
 .debug_frame   0x0000000000000c48      0x428 ./Drivers/STM32F1xx_HAL_Driver/Src/stm32f1xx_hal_cortex.o
 .debug_frame   0x0000000000001070      0x208 ./Drivers/STM32F1xx_HAL_Driver/Src/stm32f1xx_hal_dma.o
 .debug_frame   0x0000000000001278      0x14c ./Drivers/STM32F1xx_HAL_Driver/Src/stm32f1xx_hal_gpio.o
 .debug_frame   0x00000000000013c4      0xc84 ./Drivers/STM32F1xx_HAL_Driver/Src/stm32f1xx_hal_i2c.o
 .debug_frame   0x0000000000002048      0x218 ./Drivers/STM32F1xx_HAL_Driver/Src/stm32f1xx_hal_rcc.o
 .debug_frame   0x0000000000002260      0x824 ./Drivers/STM32F1xx_HAL_Driver/Src/stm32f1xx_hal_spi.o
 .debug_frame   0x0000000000002a84      0x944 ./Drivers/STM32F1xx_HAL_Driver/Src/stm32f1xx_hal_uart.o
 .debug_frame   0x00000000000033c8      0x144 E:/ST_IDE/STide/STM32CubeIDE_1.14.1/STM32CubeIDE/plugins/com.st.stm32cube.ide.mcu.externaltools.gnu-tools-for-stm32.11.3.rel1.win32_1.1.100.202309141235/tools/bin/../lib/gcc/arm-none-eabi/11.3.1/../../../../arm-none-eabi/lib/thumb/v7-m/nofp\libc_nano.a(libc_a-findfp.o)
 .debug_frame   0x000000000000350c       0x6c E:/ST_IDE/STide/STM32CubeIDE_1.14.1/STM32CubeIDE/plugins/com.st.stm32cube.ide.mcu.externaltools.gnu-tools-for-stm32.11.3.rel1.win32_1.1.100.202309141235/tools/bin/../lib/gcc/arm-none-eabi/11.3.1/../../../../arm-none-eabi/lib/thumb/v7-m/nofp\libc_nano.a(libc_a-sprintf.o)
 .debug_frame   0x0000000000003578       0x20 E:/ST_IDE/STide/STM32CubeIDE_1.14.1/STM32CubeIDE/plugins/com.st.stm32cube.ide.mcu.externaltools.gnu-tools-for-stm32.11.3.rel1.win32_1.1.100.202309141235/tools/bin/../lib/gcc/arm-none-eabi/11.3.1/../../../../arm-none-eabi/lib/thumb/v7-m/nofp\libc_nano.a(libc_a-memset.o)
 .debug_frame   0x0000000000003598       0x38 E:/ST_IDE/STide/STM32CubeIDE_1.14.1/STM32CubeIDE/plugins/com.st.stm32cube.ide.mcu.externaltools.gnu-tools-for-stm32.11.3.rel1.win32_1.1.100.202309141235/tools/bin/../lib/gcc/arm-none-eabi/11.3.1/../../../../arm-none-eabi/lib/thumb/v7-m/nofp\libc_nano.a(libc_a-reent.o)
 .debug_frame   0x00000000000035d0       0x20 E:/ST_IDE/STide/STM32CubeIDE_1.14.1/STM32CubeIDE/plugins/com.st.stm32cube.ide.mcu.externaltools.gnu-tools-for-stm32.11.3.rel1.win32_1.1.100.202309141235/tools/bin/../lib/gcc/arm-none-eabi/11.3.1/../../../../arm-none-eabi/lib/thumb/v7-m/nofp\libc_nano.a(libc_a-errno.o)
 .debug_frame   0x00000000000035f0       0x2c E:/ST_IDE/STide/STM32CubeIDE_1.14.1/STM32CubeIDE/plugins/com.st.stm32cube.ide.mcu.externaltools.gnu-tools-for-stm32.11.3.rel1.win32_1.1.100.202309141235/tools/bin/../lib/gcc/arm-none-eabi/11.3.1/../../../../arm-none-eabi/lib/thumb/v7-m/nofp\libc_nano.a(libc_a-init.o)
 .debug_frame   0x000000000000361c       0xb0 E:/ST_IDE/STide/STM32CubeIDE_1.14.1/STM32CubeIDE/plugins/com.st.stm32cube.ide.mcu.externaltools.gnu-tools-for-stm32.11.3.rel1.win32_1.1.100.202309141235/tools/bin/../lib/gcc/arm-none-eabi/11.3.1/../../../../arm-none-eabi/lib/thumb/v7-m/nofp\libc_nano.a(libc_a-lock.o)
 .debug_frame   0x00000000000036cc       0x28 E:/ST_IDE/STide/STM32CubeIDE_1.14.1/STM32CubeIDE/plugins/com.st.stm32cube.ide.mcu.externaltools.gnu-tools-for-stm32.11.3.rel1.win32_1.1.100.202309141235/tools/bin/../lib/gcc/arm-none-eabi/11.3.1/../../../../arm-none-eabi/lib/thumb/v7-m/nofp\libc_nano.a(libc_a-memcpy-stub.o)
 .debug_frame   0x00000000000036f4       0x38 E:/ST_IDE/STide/STM32CubeIDE_1.14.1/STM32CubeIDE/plugins/com.st.stm32cube.ide.mcu.externaltools.gnu-tools-for-stm32.11.3.rel1.win32_1.1.100.202309141235/tools/bin/../lib/gcc/arm-none-eabi/11.3.1/../../../../arm-none-eabi/lib/thumb/v7-m/nofp\libc_nano.a(libc_a-freer.o)
 .debug_frame   0x000000000000372c       0x50 E:/ST_IDE/STide/STM32CubeIDE_1.14.1/STM32CubeIDE/plugins/com.st.stm32cube.ide.mcu.externaltools.gnu-tools-for-stm32.11.3.rel1.win32_1.1.100.202309141235/tools/bin/../lib/gcc/arm-none-eabi/11.3.1/../../../../arm-none-eabi/lib/thumb/v7-m/nofp\libc_nano.a(libc_a-mallocr.o)
 .debug_frame   0x000000000000377c       0x30 E:/ST_IDE/STide/STM32CubeIDE_1.14.1/STM32CubeIDE/plugins/com.st.stm32cube.ide.mcu.externaltools.gnu-tools-for-stm32.11.3.rel1.win32_1.1.100.202309141235/tools/bin/../lib/gcc/arm-none-eabi/11.3.1/../../../../arm-none-eabi/lib/thumb/v7-m/nofp\libc_nano.a(libc_a-mlock.o)
 .debug_frame   0x00000000000037ac       0x90 E:/ST_IDE/STide/STM32CubeIDE_1.14.1/STM32CubeIDE/plugins/com.st.stm32cube.ide.mcu.externaltools.gnu-tools-for-stm32.11.3.rel1.win32_1.1.100.202309141235/tools/bin/../lib/gcc/arm-none-eabi/11.3.1/../../../../arm-none-eabi/lib/thumb/v7-m/nofp\libc_nano.a(libc_a-nano-svfprintf.o)
 .debug_frame   0x000000000000383c       0x60 E:/ST_IDE/STide/STM32CubeIDE_1.14.1/STM32CubeIDE/plugins/com.st.stm32cube.ide.mcu.externaltools.gnu-tools-for-stm32.11.3.rel1.win32_1.1.100.202309141235/tools/bin/../lib/gcc/arm-none-eabi/11.3.1/../../../../arm-none-eabi/lib/thumb/v7-m/nofp\libc_nano.a(libc_a-nano-vfprintf_i.o)
 .debug_frame   0x000000000000389c       0x28 E:/ST_IDE/STide/STM32CubeIDE_1.14.1/STM32CubeIDE/plugins/com.st.stm32cube.ide.mcu.externaltools.gnu-tools-for-stm32.11.3.rel1.win32_1.1.100.202309141235/tools/bin/../lib/gcc/arm-none-eabi/11.3.1/../../../../arm-none-eabi/lib/thumb/v7-m/nofp\libc_nano.a(libc_a-memmove.o)
 .debug_frame   0x00000000000038c4       0x2c E:/ST_IDE/STide/STM32CubeIDE_1.14.1/STM32CubeIDE/plugins/com.st.stm32cube.ide.mcu.externaltools.gnu-tools-for-stm32.11.3.rel1.win32_1.1.100.202309141235/tools/bin/../lib/gcc/arm-none-eabi/11.3.1/../../../../arm-none-eabi/lib/thumb/v7-m/nofp\libc_nano.a(libc_a-sbrkr.o)
 .debug_frame   0x00000000000038f0       0x28 E:/ST_IDE/STide/STM32CubeIDE_1.14.1/STM32CubeIDE/plugins/com.st.stm32cube.ide.mcu.externaltools.gnu-tools-for-stm32.11.3.rel1.win32_1.1.100.202309141235/tools/bin/../lib/gcc/arm-none-eabi/11.3.1/../../../../arm-none-eabi/lib/thumb/v7-m/nofp\libc_nano.a(libc_a-memchr-stub.o)
 .debug_frame   0x0000000000003918       0x3c E:/ST_IDE/STide/STM32CubeIDE_1.14.1/STM32CubeIDE/plugins/com.st.stm32cube.ide.mcu.externaltools.gnu-tools-for-stm32.11.3.rel1.win32_1.1.100.202309141235/tools/bin/../lib/gcc/arm-none-eabi/11.3.1/../../../../arm-none-eabi/lib/thumb/v7-m/nofp\libc_nano.a(libc_a-reallocr.o)
 .debug_frame   0x0000000000003954       0x20 E:/ST_IDE/STide/STM32CubeIDE_1.14.1/STM32CubeIDE/plugins/com.st.stm32cube.ide.mcu.externaltools.gnu-tools-for-stm32.11.3.rel1.win32_1.1.100.202309141235/tools/bin/../lib/gcc/arm-none-eabi/11.3.1/../../../../arm-none-eabi/lib/thumb/v7-m/nofp\libc_nano.a(libc_a-msizer.o)
 .debug_frame   0x0000000000003974       0xac E:/ST_IDE/STide/STM32CubeIDE_1.14.1/STM32CubeIDE/plugins/com.st.stm32cube.ide.mcu.externaltools.gnu-tools-for-stm32.11.3.rel1.win32_1.1.100.202309141235/tools/bin/../lib/gcc/arm-none-eabi/11.3.1/thumb/v7-m/nofp\libgcc.a(_arm_addsubdf3.o)
 .debug_frame   0x0000000000003a20       0x50 E:/ST_IDE/STide/STM32CubeIDE_1.14.1/STM32CubeIDE/plugins/com.st.stm32cube.ide.mcu.externaltools.gnu-tools-for-stm32.11.3.rel1.win32_1.1.100.202309141235/tools/bin/../lib/gcc/arm-none-eabi/11.3.1/thumb/v7-m/nofp\libgcc.a(_arm_muldivdf3.o)
 .debug_frame   0x0000000000003a70       0x24 E:/ST_IDE/STide/STM32CubeIDE_1.14.1/STM32CubeIDE/plugins/com.st.stm32cube.ide.mcu.externaltools.gnu-tools-for-stm32.11.3.rel1.win32_1.1.100.202309141235/tools/bin/../lib/gcc/arm-none-eabi/11.3.1/thumb/v7-m/nofp\libgcc.a(_arm_fixdfsi.o)

.debug_line_str
                0x0000000000000000       0x51
 .debug_line_str
                0x0000000000000000       0x51 ./Core/Startup/startup_stm32f103c8tx.o
                                         0x69 (size before relaxing)
