Archive member included to satisfy reference by file (symbol)

E:/ST_IDE/STide/STM32CubeIDE_1.14.1/STM32CubeIDE/plugins/com.st.stm32cube.ide.mcu.externaltools.gnu-tools-for-stm32.11.3.rel1.win32_1.1.100.202309141235/tools/bin/../lib/gcc/arm-none-eabi/11.3.1/../../../../arm-none-eabi/lib/thumb/v7-m/nofp\libc_nano.a(libc_a-exit.o)
                              E:/ST_IDE/STide/STM32CubeIDE_1.14.1/STM32CubeIDE/plugins/com.st.stm32cube.ide.mcu.externaltools.gnu-tools-for-stm32.11.3.rel1.win32_1.1.100.202309141235/tools/bin/../lib/gcc/arm-none-eabi/11.3.1/../../../../arm-none-eabi/lib/thumb/v7-m/nofp/crt0.o (exit)
E:/ST_IDE/STide/STM32CubeIDE_1.14.1/STM32CubeIDE/plugins/com.st.stm32cube.ide.mcu.externaltools.gnu-tools-for-stm32.11.3.rel1.win32_1.1.100.202309141235/tools/bin/../lib/gcc/arm-none-eabi/11.3.1/../../../../arm-none-eabi/lib/thumb/v7-m/nofp\libc_nano.a(libc_a-findfp.o)
                              E:/ST_IDE/STide/STM32CubeIDE_1.14.1/STM32CubeIDE/plugins/com.st.stm32cube.ide.mcu.externaltools.gnu-tools-for-stm32.11.3.rel1.win32_1.1.100.202309141235/tools/bin/../lib/gcc/arm-none-eabi/11.3.1/../../../../arm-none-eabi/lib/thumb/v7-m/nofp\libc_nano.a(libc_a-exit.o) (__stdio_exit_handler)
E:/ST_IDE/STide/STM32CubeIDE_1.14.1/STM32CubeIDE/plugins/com.st.stm32cube.ide.mcu.externaltools.gnu-tools-for-stm32.11.3.rel1.win32_1.1.100.202309141235/tools/bin/../lib/gcc/arm-none-eabi/11.3.1/../../../../arm-none-eabi/lib/thumb/v7-m/nofp\libc_nano.a(libc_a-fwalk.o)
                              E:/ST_IDE/STide/STM32CubeIDE_1.14.1/STM32CubeIDE/plugins/com.st.stm32cube.ide.mcu.externaltools.gnu-tools-for-stm32.11.3.rel1.win32_1.1.100.202309141235/tools/bin/../lib/gcc/arm-none-eabi/11.3.1/../../../../arm-none-eabi/lib/thumb/v7-m/nofp\libc_nano.a(libc_a-findfp.o) (_fwalk_sglue)
E:/ST_IDE/STide/STM32CubeIDE_1.14.1/STM32CubeIDE/plugins/com.st.stm32cube.ide.mcu.externaltools.gnu-tools-for-stm32.11.3.rel1.win32_1.1.100.202309141235/tools/bin/../lib/gcc/arm-none-eabi/11.3.1/../../../../arm-none-eabi/lib/thumb/v7-m/nofp\libc_nano.a(libc_a-stdio.o)
                              E:/ST_IDE/STide/STM32CubeIDE_1.14.1/STM32CubeIDE/plugins/com.st.stm32cube.ide.mcu.externaltools.gnu-tools-for-stm32.11.3.rel1.win32_1.1.100.202309141235/tools/bin/../lib/gcc/arm-none-eabi/11.3.1/../../../../arm-none-eabi/lib/thumb/v7-m/nofp\libc_nano.a(libc_a-findfp.o) (__sread)
E:/ST_IDE/STide/STM32CubeIDE_1.14.1/STM32CubeIDE/plugins/com.st.stm32cube.ide.mcu.externaltools.gnu-tools-for-stm32.11.3.rel1.win32_1.1.100.202309141235/tools/bin/../lib/gcc/arm-none-eabi/11.3.1/../../../../arm-none-eabi/lib/thumb/v7-m/nofp\libc_nano.a(libc_a-memset.o)
                              E:/ST_IDE/STide/STM32CubeIDE_1.14.1/STM32CubeIDE/plugins/com.st.stm32cube.ide.mcu.externaltools.gnu-tools-for-stm32.11.3.rel1.win32_1.1.100.202309141235/tools/bin/../lib/gcc/arm-none-eabi/11.3.1/../../../../arm-none-eabi/lib/thumb/v7-m/nofp/crt0.o (memset)
E:/ST_IDE/STide/STM32CubeIDE_1.14.1/STM32CubeIDE/plugins/com.st.stm32cube.ide.mcu.externaltools.gnu-tools-for-stm32.11.3.rel1.win32_1.1.100.202309141235/tools/bin/../lib/gcc/arm-none-eabi/11.3.1/../../../../arm-none-eabi/lib/thumb/v7-m/nofp\libc_nano.a(libc_a-closer.o)
                              E:/ST_IDE/STide/STM32CubeIDE_1.14.1/STM32CubeIDE/plugins/com.st.stm32cube.ide.mcu.externaltools.gnu-tools-for-stm32.11.3.rel1.win32_1.1.100.202309141235/tools/bin/../lib/gcc/arm-none-eabi/11.3.1/../../../../arm-none-eabi/lib/thumb/v7-m/nofp\libc_nano.a(libc_a-stdio.o) (_close_r)
E:/ST_IDE/STide/STM32CubeIDE_1.14.1/STM32CubeIDE/plugins/com.st.stm32cube.ide.mcu.externaltools.gnu-tools-for-stm32.11.3.rel1.win32_1.1.100.202309141235/tools/bin/../lib/gcc/arm-none-eabi/11.3.1/../../../../arm-none-eabi/lib/thumb/v7-m/nofp\libc_nano.a(libc_a-reent.o)
                              E:/ST_IDE/STide/STM32CubeIDE_1.14.1/STM32CubeIDE/plugins/com.st.stm32cube.ide.mcu.externaltools.gnu-tools-for-stm32.11.3.rel1.win32_1.1.100.202309141235/tools/bin/../lib/gcc/arm-none-eabi/11.3.1/../../../../arm-none-eabi/lib/thumb/v7-m/nofp\libc_nano.a(libc_a-closer.o) (errno)
E:/ST_IDE/STide/STM32CubeIDE_1.14.1/STM32CubeIDE/plugins/com.st.stm32cube.ide.mcu.externaltools.gnu-tools-for-stm32.11.3.rel1.win32_1.1.100.202309141235/tools/bin/../lib/gcc/arm-none-eabi/11.3.1/../../../../arm-none-eabi/lib/thumb/v7-m/nofp\libc_nano.a(libc_a-impure.o)
                              E:/ST_IDE/STide/STM32CubeIDE_1.14.1/STM32CubeIDE/plugins/com.st.stm32cube.ide.mcu.externaltools.gnu-tools-for-stm32.11.3.rel1.win32_1.1.100.202309141235/tools/bin/../lib/gcc/arm-none-eabi/11.3.1/../../../../arm-none-eabi/lib/thumb/v7-m/nofp\libc_nano.a(libc_a-reent.o) (_impure_ptr)
E:/ST_IDE/STide/STM32CubeIDE_1.14.1/STM32CubeIDE/plugins/com.st.stm32cube.ide.mcu.externaltools.gnu-tools-for-stm32.11.3.rel1.win32_1.1.100.202309141235/tools/bin/../lib/gcc/arm-none-eabi/11.3.1/../../../../arm-none-eabi/lib/thumb/v7-m/nofp\libc_nano.a(libc_a-lseekr.o)
[...]
Memory Configuration

Name             Origin             Length             Attributes
RAM              0x0000000020000000 0x0000000000005000 xrw
FLASH            0x0000000008000000 0x0000000000010000 xr
*default*        0x0000000000000000 0xffffffffffffffff

Linker script and memory map

LOAD E:/ST_IDE/STide/STM32CubeIDE_1.14.1/STM32CubeIDE/plugins/com.st.stm32cube.ide.mcu.externaltools.gnu-tools-for-stm32.11.3.rel1.win32_1.1.100.202309141235/tools/bin/../lib/gcc/arm-none-eabi/11.3.1/thumb/v7-m/nofp/crti.o
LOAD E:/ST_IDE/STide/STM32CubeIDE_1.14.1/STM32CubeIDE/plugins/com.st.stm32cube.ide.mcu.externaltools.gnu-tools-for-stm32.11.3.rel1.win32_1.1.100.202309141235/tools/bin/../lib/gcc/arm-none-eabi/11.3.1/thumb/v7-m/nofp/crtbegin.o
LOAD E:/ST_IDE/STide/STM32CubeIDE_1.14.1/STM32CubeIDE/plugins/com.st.stm32cube.ide.mcu.externaltools.gnu-tools-for-stm32.11.3.rel1.win32_1.1.100.202309141235/tools/bin/../lib/gcc/arm-none-eabi/11.3.1/../../../../arm-none-eabi/lib/thumb/v7-m/nofp/crt0.o
LOAD ./Core/Src/DS18B20.o
LOAD ./Core/Src/Lora.o
LOAD ./Core/Src/main.o
LOAD ./Core/Src/stm32f1xx_hal_msp.o
LOAD ./Core/Src/stm32f1xx_it.o
LOAD ./Core/Src/syscalls.o
LOAD ./Core/Src/sysmem.o
LOAD ./Core/Src/system_stm32f1xx.o
LOAD ./Core/Startup/startup_stm32f103c8tx.o
LOAD ./Drivers/STM32F1xx_HAL_Driver/Src/stm32f1xx_hal.o
LOAD ./Drivers/STM32F1xx_HAL_Driver/Src/stm32f1xx_hal_adc.o
LOAD ./Drivers/STM32F1xx_HAL_Driver/Src/stm32f1xx_hal_adc_ex.o
LOAD ./Drivers/STM32F1xx_HAL_Driver/Src/stm32f1xx_hal_cortex.o
LOAD ./Drivers/STM32F1xx_HAL_Driver/Src/stm32f1xx_hal_dma.o
LOAD ./Drivers/STM32F1xx_HAL_Driver/Src/stm32f1xx_hal_exti.o
LOAD ./Drivers/STM32F1xx_HAL_Driver/Src/stm32f1xx_hal_flash.o
LOAD ./Drivers/STM32F1xx_HAL_Driver/Src/stm32f1xx_hal_flash_ex.o
LOAD ./Drivers/STM32F1xx_HAL_Driver/Src/stm32f1xx_hal_gpio.o
LOAD ./Drivers/STM32F1xx_HAL_Driver/Src/stm32f1xx_hal_gpio_ex.o
LOAD ./Drivers/STM32F1xx_HAL_Driver/Src/stm32f1xx_hal_pwr.o
LOAD ./Drivers/STM32F1xx_HAL_Driver/Src/stm32f1xx_hal_rcc.o
LOAD ./Drivers/STM32F1xx_HAL_Driver/Src/stm32f1xx_hal_rcc_ex.o
LOAD ./Drivers/STM32F1xx_HAL_Driver/Src/stm32f1xx_hal_rtc.o
LOAD ./Drivers/STM32F1xx_HAL_Driver/Src/stm32f1xx_hal_rtc_ex.o
LOAD ./Drivers/STM32F1xx_HAL_Driver/Src/stm32f1xx_hal_spi.o
LOAD ./Drivers/STM32F1xx_HAL_Driver/Src/stm32f1xx_hal_tim.o
LOAD ./Drivers/STM32F1xx_HAL_Driver/Src/stm32f1xx_hal_tim_ex.o
START GROUP
LOAD E:/ST_IDE/STide/STM32CubeIDE_1.14.1/STM32CubeIDE/plugins/com.st.stm32cube.ide.mcu.externaltools.gnu-tools-for-stm32.11.3.rel1.win32_1.1.100.202309141235/tools/bin/../lib/gcc/arm-none-eabi/11.3.1/../../../../arm-none-eabi/lib/thumb/v7-m/nofp\libc_nano.a
LOAD E:/ST_IDE/STide/STM32CubeIDE_1.14.1/STM32CubeIDE/plugins/com.st.stm32cube.ide.mcu.externaltools.gnu-tools-for-stm32.11.3.rel1.win32_1.1.100.202309141235/tools/bin/../lib/gcc/arm-none-eabi/11.3.1/../../../../arm-none-eabi/lib/thumb/v7-m/nofp\libm.a
END GROUP
START GROUP
LOAD E:/ST_IDE/STide/STM32CubeIDE_1.14.1/STM32CubeIDE/plugins/com.st.stm32cube.ide.mcu.externaltools.gnu-tools-for-stm32.11.3.rel1.win32_1.1.100.202309141235/tools/bin/../lib/gcc/arm-none-eabi/11.3.1/thumb/v7-m/nofp\libgcc.a
LOAD E:/ST_IDE/STide/STM32CubeIDE_1.14.1/STM32CubeIDE/plugins/com.st.stm32cube.ide.mcu.externaltools.gnu-tools-for-stm32.11.3.rel1.win32_1.1.100.202309141235/tools/bin/../lib/gcc/arm-none-eabi/11.3.1/../../../../arm-none-eabi/lib/thumb/v7-m/nofp\libc_nano.a
END GROUP
START GROUP
LOAD E:/ST_IDE/STide/STM32CubeIDE_1.14.1/STM32CubeIDE/plugins/com.st.stm32cube.ide.mcu.externaltools.gnu-tools-for-stm32.11.3.rel1.win32_1.1.100.202309141235/tools/bin/../lib/gcc/arm-none-eabi/11.3.1/thumb/v7-m/nofp\libgcc.a
LOAD E:/ST_IDE/STide/STM32CubeIDE_1.14.1/STM32CubeIDE/plugins/com.st.stm32cube.ide.mcu.externaltools.gnu-tools-for-stm32.11.3.rel1.win32_1.1.100.202309141235/tools/bin/../lib/gcc/arm-none-eabi/11.3.1/../../../../arm-none-eabi/lib/thumb/v7-m/nofp\libc_nano.a
LOAD E:/ST_IDE/STide/STM32CubeIDE_1.14.1/STM32CubeIDE/plugins/com.st.stm32cube.ide.mcu.externaltools.gnu-tools-for-stm32.11.3.rel1.win32_1.1.100.202309141235/tools/bin/../lib/gcc/arm-none-eabi/11.3.1/../../../../arm-none-eabi/lib/thumb/v7-m/nofp\libnosys.a
END GROUP
START GROUP
LOAD E:/ST_IDE/STide/STM32CubeIDE_1.14.1/STM32CubeIDE/plugins/com.st.stm32cube.ide.mcu.externaltools.gnu-tools-for-stm32.11.3.rel1.win32_1.1.100.202309141235/tools/bin/../lib/gcc/arm-none-eabi/11.3.1/thumb/v7-m/nofp\libgcc.a
LOAD E:/ST_IDE/STide/STM32CubeIDE_1.14.1/STM32CubeIDE/plugins/com.st.stm32cube.ide.mcu.externaltools.gnu-tools-for-stm32.11.3.rel1.win32_1.1.100.202309141235/tools/bin/../lib/gcc/arm-none-eabi/11.3.1/../../../../arm-none-eabi/lib/thumb/v7-m/nofp\libc_nano.a
LOAD E:/ST_IDE/STide/STM32CubeIDE_1.14.1/STM32CubeIDE/plugins/com.st.stm32cube.ide.mcu.externaltools.gnu-tools-for-stm32.11.3.rel1.win32_1.1.100.202309141235/tools/bin/../lib/gcc/arm-none-eabi/11.3.1/../../../../arm-none-eabi/lib/thumb/v7-m/nofp\libnosys.a
END GROUP
LOAD E:/ST_IDE/STide/STM32CubeIDE_1.14.1/STM32CubeIDE/plugins/com.st.stm32cube.ide.mcu.externaltools.gnu-tools-for-stm32.11.3.rel1.win32_1.1.100.202309141235/tools/bin/../lib/gcc/arm-none-eabi/11.3.1/thumb/v7-m/nofp/crtend.o
LOAD E:/ST_IDE/STide/STM32CubeIDE_1.14.1/STM32CubeIDE/plugins/com.st.stm32cube.ide.mcu.externaltools.gnu-tools-for-stm32.11.3.rel1.win32_1.1.100.202309141235/tools/bin/../lib/gcc/arm-none-eabi/11.3.1/thumb/v7-m/nofp/crtn.o
                0x0000000020005000                _estack = (ORIGIN (RAM) + LENGTH (RAM))
                0x0000000000000200                _Min_Heap_Size = 0x200
                0x0000000000000400                _Min_Stack_Size = 0x400

.isr_vector     0x0000000008000000      0x10c
                0x0000000008000000                . = ALIGN (0x4)
 *(.isr_vector)
 .isr_vector    0x0000000008000000      0x10c ./Core/Startup/startup_stm32f103c8tx.o
                0x0000000008000000                g_pfnVectors
                0x000000000800010c                . = ALIGN (0x4)

.text           0x000000000800010c     0x5ff4
                0x000000000800010c                . = ALIGN (0x4)
 *(.text)
 .text          0x000000000800010c       0x40 E:/ST_IDE/STide/STM32CubeIDE_1.14.1/STM32CubeIDE/plugins/com.st.stm32cube.ide.mcu.externaltools.gnu-tools-for-stm32.11.3.rel1.win32_1.1.100.202309141235/tools/bin/../lib/gcc/arm-none-eabi/11.3.1/thumb/v7-m/nofp/crtbegin.o
 .text          0x000000000800014c      0x378 E:/ST_IDE/STide/STM32CubeIDE_1.14.1/STM32CubeIDE/plugins/com.st.stm32cube.ide.mcu.externaltools.gnu-tools-for-stm32.11.3.rel1.win32_1.1.100.202309141235/tools/bin/../lib/gcc/arm-none-eabi/11.3.1/thumb/v7-m/nofp\libgcc.a(_arm_addsubdf3.o)
                0x000000000800014c                __aeabi_drsub
                0x0000000008000154                __aeabi_dsub
                0x0000000008000154                __subdf3
                0x0000000008000158                __aeabi_dadd
                0x0000000008000158                __adddf3
                0x00000000080003d0                __floatunsidf
                0x00000000080003d0                __aeabi_ui2d
                0x00000000080003f0                __floatsidf
                0x00000000080003f0                __aeabi_i2d
                0x0000000008000414                __aeabi_f2d
                0x0000000008000414                __extendsfdf2
                0x0000000008000458                __floatundidf
                0x0000000008000458                __aeabi_ul2d
                0x0000000008000468                __floatdidf
                0x0000000008000468                __aeabi_l2d
 .text          0x00000000080004c4      0x424 E:/ST_IDE/STide/STM32CubeIDE_1.14.1/STM32CubeIDE/plugins/com.st.stm32cube.ide.mcu.externaltools.gnu-tools-for-stm32.11.3.rel1.win32_1.1.100.202309141235/tools/bin/../lib/gcc/arm-none-eabi/11.3.1/thumb/v7-m/nofp\libgcc.a(_arm_muldivdf3.o)
                0x00000000080004c4                __aeabi_dmul
                0x00000000080004c4                __muldf3
                0x0000000008000718                __divdf3
                0x0000000008000718                __aeabi_ddiv
 .text          0x00000000080008e8       0x50 E:/ST_IDE/STide/STM32CubeIDE_1.14.1/STM32CubeIDE/plugins/com.st.stm32cube.ide.mcu.externaltools.gnu-tools-for-stm32.11.3.rel1.win32_1.1.100.202309141235/tools/bin/../lib/gcc/arm-none-eabi/11.3.1/thumb/v7-m/nofp\libgcc.a(_arm_fixdfsi.o)
                0x00000000080008e8                __aeabi_d2iz
                0x00000000080008e8                __fixdfsi
 .text          0x0000000008000938      0x21c E:/ST_IDE/STide/STM32CubeIDE_1.14.1/STM32CubeIDE/plugins/com.st.stm32cube.ide.mcu.externaltools.gnu-tools-for-stm32.11.3.rel1.win32_1.1.100.202309141235/tools/bin/../lib/gcc/arm-none-eabi/11.3.1/thumb/v7-m/nofp\libgcc.a(_arm_addsubsf3.o)
                0x0000000008000938                __aeabi_frsub
                0x0000000008000940                __subsf3
                0x0000000008000940                __aeabi_fsub
                0x0000000008000944                __aeabi_fadd
                0x0000000008000944                __addsf3
                0x0000000008000aa4                __aeabi_ui2f
                0x0000000008000aa4                __floatunsisf
                0x0000000008000aac                __aeabi_i2f
                0x0000000008000aac                __floatsisf
                0x0000000008000ac8                __aeabi_ul2f
                0x0000000008000ac8                __floatundisf
                0x0000000008000ad8                __aeabi_l2f
                0x0000000008000ad8                __floatdisf
 .text          0x0000000008000b54      0x2a0 E:/ST_IDE/STide/STM32CubeIDE_1.14.1/STM32CubeIDE/plugins/com.st.stm32cube.ide.mcu.externaltools.gnu-tools-for-stm32.11.3.rel1.win32_1.1.100.202309141235/tools/bin/../lib/gcc/arm-none-eabi/11.3.1/thumb/v7-m/nofp\libgcc.a(_arm_muldivsf3.o)
                0x0000000008000b54                __mulsf3
                0x0000000008000b54                __aeabi_fmul
                0x0000000008000cbc                __aeabi_fdiv
                0x0000000008000cbc                __divsf3
 .text          0x0000000008000df4       0x40 E:/ST_IDE/STide/STM32CubeIDE_1.14.1/STM32CubeIDE/plugins/com.st.stm32cube.ide.mcu.externaltools.gnu-tools-for-stm32.11.3.rel1.win32_1.1.100.202309141235/tools/bin/../lib/gcc/arm-none-eabi/11.3.1/thumb/v7-m/nofp\libgcc.a(_arm_fixunssfsi.o)
                0x0000000008000df4                __fixunssfsi
                0x0000000008000df4                __aeabi_f2uiz
 *(.text*)
 .text.DS18B20_Start
                0x0000000008000e34       0x68 ./Core/Src/DS18B20.o
                0x0000000008000e34                DS18B20_Start
 .text.DS18B20_Write
                0x0000000008000e9c       0x98 ./Core/Src/DS18B20.o
                0x0000000008000e9c                DS18B20_Write
 .text.DS18B20_Read
                0x0000000008000f34       0x8c ./Core/Src/DS18B20.o
                0x0000000008000f34                DS18B20_Read
 .text.delay    0x0000000008000fc0       0x30 ./Core/Src/DS18B20.o
                0x0000000008000fc0                delay
 .text.Set_Pin_Output
                0x0000000008000ff0       0x3a ./Core/Src/DS18B20.o
                0x0000000008000ff0                Set_Pin_Output
 .text.Set_Pin_Input
                0x000000000800102a       0x3a ./Core/Src/DS18B20.o
                0x000000000800102a                Set_Pin_Input
 .text.Check_Temp
                0x0000000008001064       0x90 ./Core/Src/DS18B20.o
                0x0000000008001064                Check_Temp
 .text.newLoRa  0x00000000080010f4       0x52 ./Core/Src/Lora.o
                0x00000000080010f4                newLoRa
 .text.LoRa_gotoMode
                0x0000000008001146       0xc2 ./Core/Src/Lora.o
                0x0000000008001146                LoRa_gotoMode
 .text.LoRa_readReg
                0x0000000008001208       0x7c ./Core/Src/Lora.o
                0x0000000008001208                LoRa_readReg
 .text.LoRa_writeReg
                0x0000000008001284       0x7c ./Core/Src/Lora.o
                0x0000000008001284                LoRa_writeReg
 .text.LoRa_setLowDaraRateOptimization
                0x0000000008001300       0x4a ./Core/Src/Lora.o
                0x0000000008001300                LoRa_setLowDaraRateOptimization
 *fill*         0x000000000800134a        0x2 
 .text.LoRa_setAutoLDO
                0x000000000800134c       0x6c ./Core/Src/Lora.o
                0x000000000800134c                LoRa_setAutoLDO
 .text.LoRa_setFrequency
                0x00000000080013b8       0x60 ./Core/Src/Lora.o
                0x00000000080013b8                LoRa_setFrequency
 .text.LoRa_setSpreadingFactor
                0x0000000008001418       0x64 ./Core/Src/Lora.o
                0x0000000008001418                LoRa_setSpreadingFactor
 .text.LoRa_setPower
                0x000000000800147c       0x26 ./Core/Src/Lora.o
                0x000000000800147c                LoRa_setPower
 *fill*         0x00000000080014a2        0x2 
 .text.LoRa_setOCP
                0x00000000080014a4       0x7c ./Core/Src/Lora.o
                0x00000000080014a4                LoRa_setOCP
 .text.LoRa_setTOMsb_setCRCon
                0x0000000008001520       0x36 ./Core/Src/Lora.o
                0x0000000008001520                LoRa_setTOMsb_setCRCon
 .text.LoRa_read
                0x0000000008001556       0x34 ./Core/Src/Lora.o
                0x0000000008001556                LoRa_read
 .text.LoRa_write
                0x000000000800158a       0x3a ./Core/Src/Lora.o
                0x000000000800158a                LoRa_write
 .text.LoRa_BurstWrite
                0x00000000080015c4       0x8e ./Core/Src/Lora.o
                0x00000000080015c4                LoRa_BurstWrite
 .text.LoRa_isvalid
                0x0000000008001652       0x14 ./Core/Src/Lora.o
                0x0000000008001652                LoRa_isvalid
 .text.LoRa_transmit
                0x0000000008001666       0xb0 ./Core/Src/Lora.o
                0x0000000008001666                LoRa_transmit
 .text.LoRa_startReceiving
                0x0000000008001716       0x18 ./Core/Src/Lora.o
                0x0000000008001716                LoRa_startReceiving
 .text.LoRa_receive
                0x000000000800172e       0xc0 ./Core/Src/Lora.o
                0x000000000800172e                LoRa_receive
 .text.LoRa_init
                0x00000000080017ee      0x14e ./Core/Src/Lora.o
                0x00000000080017ee                LoRa_init
 .text.main     0x000000000800193c      0x1f0 ./Core/Src/main.o
                0x000000000800193c                main
 .text.SystemClock_Config
                0x0000000008001b2c       0xc0 ./Core/Src/main.o
                0x0000000008001b2c                SystemClock_Config
 .text.MX_ADC1_Init
                0x0000000008001bec       0x7c ./Core/Src/main.o
 .text.MX_RTC_Init
                0x0000000008001c68       0xc8 ./Core/Src/main.o
 .text.MX_SPI1_Init
                0x0000000008001d30       0x6c ./Core/Src/main.o
 .text.MX_TIM1_Init
                0x0000000008001d9c       0xa0 ./Core/Src/main.o
 .text.MX_DMA_Init
                0x0000000008001e3c       0x3c ./Core/Src/main.o
 .text.MX_GPIO_Init
                0x0000000008001e78      0x120 ./Core/Src/main.o
 .text.HAL_RTC_AlarmAEventCallback
                0x0000000008001f98       0xd0 ./Core/Src/main.o
                0x0000000008001f98                HAL_RTC_AlarmAEventCallback
 .text.HAL_GPIO_EXTI_Callback
                0x0000000008002068       0x2c ./Core/Src/main.o
                0x0000000008002068                HAL_GPIO_EXTI_Callback
 .text.Data_Sending
                0x0000000008002094       0x88 ./Core/Src/main.o
                0x0000000008002094                Data_Sending
 .text.Error_Handler
                0x000000000800211c        0xa ./Core/Src/main.o
                0x000000000800211c                Error_Handler
 *fill*         0x0000000008002126        0x2 
 .text.HAL_MspInit
                0x0000000008002128       0x64 ./Core/Src/stm32f1xx_hal_msp.o
                0x0000000008002128                HAL_MspInit
 .text.HAL_ADC_MspInit
                0x000000000800218c       0xd0 ./Core/Src/stm32f1xx_hal_msp.o
                0x000000000800218c                HAL_ADC_MspInit
 .text.HAL_RTC_MspInit
                0x000000000800225c       0x58 ./Core/Src/stm32f1xx_hal_msp.o
                0x000000000800225c                HAL_RTC_MspInit
 .text.HAL_SPI_MspInit
                0x00000000080022b4       0x94 ./Core/Src/stm32f1xx_hal_msp.o
                0x00000000080022b4                HAL_SPI_MspInit
 .text.HAL_TIM_Base_MspInit
                0x0000000008002348       0x3c ./Core/Src/stm32f1xx_hal_msp.o
                0x0000000008002348                HAL_TIM_Base_MspInit
 .text.NMI_Handler
                0x0000000008002384        0x6 ./Core/Src/stm32f1xx_it.o
                0x0000000008002384                NMI_Handler
 .text.HardFault_Handler
                0x000000000800238a        0x6 ./Core/Src/stm32f1xx_it.o
                0x000000000800238a                HardFault_Handler
 .text.MemManage_Handler
                0x0000000008002390        0x6 ./Core/Src/stm32f1xx_it.o
                0x0000000008002390                MemManage_Handler
 .text.BusFault_Handler
                0x0000000008002396        0x6 ./Core/Src/stm32f1xx_it.o
                0x0000000008002396                BusFault_Handler
 .text.UsageFault_Handler
                0x000000000800239c        0x6 ./Core/Src/stm32f1xx_it.o
                0x000000000800239c                UsageFault_Handler
 .text.SVC_Handler
                0x00000000080023a2        0xc ./Core/Src/stm32f1xx_it.o
                0x00000000080023a2                SVC_Handler
 .text.DebugMon_Handler
                0x00000000080023ae        0xc ./Core/Src/stm32f1xx_it.o
                0x00000000080023ae                DebugMon_Handler
 .text.PendSV_Handler
                0x00000000080023ba        0xc ./Core/Src/stm32f1xx_it.o
                0x00000000080023ba                PendSV_Handler
 .text.SysTick_Handler
                0x00000000080023c6        0xc ./Core/Src/stm32f1xx_it.o
                0x00000000080023c6                SysTick_Handler
 *fill*         0x00000000080023d2        0x2 
 .text.DMA1_Channel1_IRQHandler
                0x00000000080023d4       0x14 ./Core/Src/stm32f1xx_it.o
                0x00000000080023d4                DMA1_Channel1_IRQHandler
 .text.EXTI15_10_IRQHandler
                0x00000000080023e8       0x10 ./Core/Src/stm32f1xx_it.o
                0x00000000080023e8                EXTI15_10_IRQHandler
 .text.RTC_Alarm_IRQHandler
                0x00000000080023f8       0x14 ./Core/Src/stm32f1xx_it.o
                0x00000000080023f8                RTC_Alarm_IRQHandler
 .text.SystemInit
                0x000000000800240c        0xc ./Core/Src/system_stm32f1xx.o
                0x000000000800240c                SystemInit
 .text.Reset_Handler
                0x0000000008002418       0x48 ./Core/Startup/startup_stm32f103c8tx.o
                0x0000000008002418                Reset_Handler
 .text.Default_Handler
                0x0000000008002460        0x2 ./Core/Startup/startup_stm32f103c8tx.o
                0x0000000008002460                EXTI2_IRQHandler
                0x0000000008002460                TIM1_CC_IRQHandler
                0x0000000008002460                PVD_IRQHandler
                0x0000000008002460                EXTI3_IRQHandler
                0x0000000008002460                EXTI0_IRQHandler
                0x0000000008002460                I2C2_EV_IRQHandler
                0x0000000008002460                ADC1_2_IRQHandler
                0x0000000008002460                SPI1_IRQHandler
                0x0000000008002460                TAMPER_IRQHandler
                0x0000000008002460                DMA1_Channel4_IRQHandler
                0x0000000008002460                USART3_IRQHandler
                0x0000000008002460                RTC_IRQHandler
                0x0000000008002460                DMA1_Channel7_IRQHandler
                0x0000000008002460                CAN1_RX1_IRQHandler
                0x0000000008002460                TIM4_IRQHandler
                0x0000000008002460                I2C1_EV_IRQHandler
                0x0000000008002460                DMA1_Channel6_IRQHandler
                0x0000000008002460                TIM3_IRQHandler
                0x0000000008002460                RCC_IRQHandler
                0x0000000008002460                TIM1_TRG_COM_IRQHandler
                0x0000000008002460                Default_Handler
                0x0000000008002460                EXTI9_5_IRQHandler
                0x0000000008002460                SPI2_IRQHandler
                0x0000000008002460                DMA1_Channel5_IRQHandler
                0x0000000008002460                EXTI4_IRQHandler
                0x0000000008002460                USB_LP_CAN1_RX0_IRQHandler
                0x0000000008002460                USB_HP_CAN1_TX_IRQHandler
                0x0000000008002460                DMA1_Channel3_IRQHandler
                0x0000000008002460                TIM1_UP_IRQHandler
                0x0000000008002460                WWDG_IRQHandler
                0x0000000008002460                TIM2_IRQHandler
                0x0000000008002460                TIM1_BRK_IRQHandler
                0x0000000008002460                EXTI1_IRQHandler
                0x0000000008002460                USART2_IRQHandler
                0x0000000008002460                I2C2_ER_IRQHandler
                0x0000000008002460                DMA1_Channel2_IRQHandler
                0x0000000008002460                CAN1_SCE_IRQHandler
                0x0000000008002460                FLASH_IRQHandler
                0x0000000008002460                USART1_IRQHandler
                0x0000000008002460                I2C1_ER_IRQHandler
                0x0000000008002460                USBWakeUp_IRQHandler
 *fill*         0x0000000008002462        0x2 
 .text.HAL_Init
                0x0000000008002464       0x2c ./Drivers/STM32F1xx_HAL_Driver/Src/stm32f1xx_hal.o
                0x0000000008002464                HAL_Init
 .text.HAL_InitTick
                0x0000000008002490       0x60 ./Drivers/STM32F1xx_HAL_Driver/Src/stm32f1xx_hal.o
                0x0000000008002490                HAL_InitTick
 .text.HAL_IncTick
                0x00000000080024f0       0x24 ./Drivers/STM32F1xx_HAL_Driver/Src/stm32f1xx_hal.o
                0x00000000080024f0                HAL_IncTick
 .text.HAL_GetTick
                0x0000000008002514       0x14 ./Drivers/STM32F1xx_HAL_Driver/Src/stm32f1xx_hal.o
                0x0000000008002514                HAL_GetTick
 .text.HAL_Delay
                0x0000000008002528       0x48 ./Drivers/STM32F1xx_HAL_Driver/Src/stm32f1xx_hal.o
                0x0000000008002528                HAL_Delay
 .text.HAL_SuspendTick
                0x0000000008002570       0x1c ./Drivers/STM32F1xx_HAL_Driver/Src/stm32f1xx_hal.o
                0x0000000008002570                HAL_SuspendTick
 .text.HAL_ResumeTick
                0x000000000800258c       0x1c ./Drivers/STM32F1xx_HAL_Driver/Src/stm32f1xx_hal.o
                0x000000000800258c                HAL_ResumeTick
 .text.HAL_ADC_Init
                0x00000000080025a8      0x1b0 ./Drivers/STM32F1xx_HAL_Driver/Src/stm32f1xx_hal_adc.o
                0x00000000080025a8                HAL_ADC_Init
 .text.HAL_ADC_Start_DMA
                0x0000000008002758      0x1bc ./Drivers/STM32F1xx_HAL_Driver/Src/stm32f1xx_hal_adc.o
                0x0000000008002758                HAL_ADC_Start_DMA
 .text.HAL_ADC_Stop_DMA
                0x0000000008002914       0x98 ./Drivers/STM32F1xx_HAL_Driver/Src/stm32f1xx_hal_adc.o
                0x0000000008002914                HAL_ADC_Stop_DMA
 .text.HAL_ADC_ConvCpltCallback
                0x00000000080029ac       0x12 ./Drivers/STM32F1xx_HAL_Driver/Src/stm32f1xx_hal_adc.o
                0x00000000080029ac                HAL_ADC_ConvCpltCallback
 .text.HAL_ADC_ConvHalfCpltCallback
                0x00000000080029be       0x12 ./Drivers/STM32F1xx_HAL_Driver/Src/stm32f1xx_hal_adc.o
                0x00000000080029be                HAL_ADC_ConvHalfCpltCallback
 .text.HAL_ADC_ErrorCallback
                0x00000000080029d0       0x12 ./Drivers/STM32F1xx_HAL_Driver/Src/stm32f1xx_hal_adc.o
                0x00000000080029d0                HAL_ADC_ErrorCallback
 *fill*         0x00000000080029e2        0x2 
 .text.HAL_ADC_ConfigChannel
                0x00000000080029e4      0x1f0 ./Drivers/STM32F1xx_HAL_Driver/Src/stm32f1xx_hal_adc.o
                0x00000000080029e4                HAL_ADC_ConfigChannel
 .text.ADC_Enable
                0x0000000008002bd4       0xb4 ./Drivers/STM32F1xx_HAL_Driver/Src/stm32f1xx_hal_adc.o
                0x0000000008002bd4                ADC_Enable
 .text.ADC_ConversionStop_Disable
                0x0000000008002c88       0x82 ./Drivers/STM32F1xx_HAL_Driver/Src/stm32f1xx_hal_adc.o
                0x0000000008002c88                ADC_ConversionStop_Disable
 .text.ADC_DMAConvCplt
                0x0000000008002d0a       0x7c ./Drivers/STM32F1xx_HAL_Driver/Src/stm32f1xx_hal_adc.o
                0x0000000008002d0a                ADC_DMAConvCplt
 .text.ADC_DMAHalfConvCplt
                0x0000000008002d86       0x1c ./Drivers/STM32F1xx_HAL_Driver/Src/stm32f1xx_hal_adc.o
                0x0000000008002d86                ADC_DMAHalfConvCplt
 .text.ADC_DMAError
                0x0000000008002da2       0x34 ./Drivers/STM32F1xx_HAL_Driver/Src/stm32f1xx_hal_adc.o
                0x0000000008002da2                ADC_DMAError
 *fill*         0x0000000008002dd6        0x2 
 .text.__NVIC_SetPriorityGrouping
                0x0000000008002dd8       0x48 ./Drivers/STM32F1xx_HAL_Driver/Src/stm32f1xx_hal_cortex.o
 .text.__NVIC_GetPriorityGrouping
                0x0000000008002e20       0x1c ./Drivers/STM32F1xx_HAL_Driver/Src/stm32f1xx_hal_cortex.o
 .text.__NVIC_EnableIRQ
                0x0000000008002e3c       0x38 ./Drivers/STM32F1xx_HAL_Driver/Src/stm32f1xx_hal_cortex.o
 .text.__NVIC_SetPriority
                0x0000000008002e74       0x54 ./Drivers/STM32F1xx_HAL_Driver/Src/stm32f1xx_hal_cortex.o
 .text.NVIC_EncodePriority
                0x0000000008002ec8       0x64 ./Drivers/STM32F1xx_HAL_Driver/Src/stm32f1xx_hal_cortex.o
 .text.SysTick_Config
                0x0000000008002f2c       0x44 ./Drivers/STM32F1xx_HAL_Driver/Src/stm32f1xx_hal_cortex.o
 .text.HAL_NVIC_SetPriorityGrouping
                0x0000000008002f70       0x16 ./Drivers/STM32F1xx_HAL_Driver/Src/stm32f1xx_hal_cortex.o
                0x0000000008002f70                HAL_NVIC_SetPriorityGrouping
 .text.HAL_NVIC_SetPriority
                0x0000000008002f86       0x38 ./Drivers/STM32F1xx_HAL_Driver/Src/stm32f1xx_hal_cortex.o
                0x0000000008002f86                HAL_NVIC_SetPriority
 .text.HAL_NVIC_EnableIRQ
                0x0000000008002fbe       0x1c ./Drivers/STM32F1xx_HAL_Driver/Src/stm32f1xx_hal_cortex.o
                0x0000000008002fbe                HAL_NVIC_EnableIRQ
 .text.HAL_SYSTICK_Config
                0x0000000008002fda       0x18 ./Drivers/STM32F1xx_HAL_Driver/Src/stm32f1xx_hal_cortex.o
                0x0000000008002fda                HAL_SYSTICK_Config
 *fill*         0x0000000008002ff2        0x2 
 .text.HAL_DMA_Init
                0x0000000008002ff4       0xb4 ./Drivers/STM32F1xx_HAL_Driver/Src/stm32f1xx_hal_dma.o
                0x0000000008002ff4                HAL_DMA_Init
 .text.HAL_DMA_Start_IT
                0x00000000080030a8       0xc0 ./Drivers/STM32F1xx_HAL_Driver/Src/stm32f1xx_hal_dma.o
                0x00000000080030a8                HAL_DMA_Start_IT
 .text.HAL_DMA_Abort
                0x0000000008003168       0x76 ./Drivers/STM32F1xx_HAL_Driver/Src/stm32f1xx_hal_dma.o
                0x0000000008003168                HAL_DMA_Abort
 *fill*         0x00000000080031de        0x2 
 .text.HAL_DMA_IRQHandler
                0x00000000080031e0      0x20c ./Drivers/STM32F1xx_HAL_Driver/Src/stm32f1xx_hal_dma.o
                0x00000000080031e0                HAL_DMA_IRQHandler
 .text.DMA_SetConfig
                0x00000000080033ec       0x5a ./Drivers/STM32F1xx_HAL_Driver/Src/stm32f1xx_hal_dma.o
 *fill*         0x0000000008003446        0x2 
 .text.HAL_GPIO_Init
                0x0000000008003448      0x308 ./Drivers/STM32F1xx_HAL_Driver/Src/stm32f1xx_hal_gpio.o
                0x0000000008003448                HAL_GPIO_Init
 .text.HAL_GPIO_ReadPin
                0x0000000008003750       0x2e ./Drivers/STM32F1xx_HAL_Driver/Src/stm32f1xx_hal_gpio.o
                0x0000000008003750                HAL_GPIO_ReadPin
 .text.HAL_GPIO_WritePin
                0x000000000800377e       0x30 ./Drivers/STM32F1xx_HAL_Driver/Src/stm32f1xx_hal_gpio.o
                0x000000000800377e                HAL_GPIO_WritePin
 *fill*         0x00000000080037ae        0x2 
 .text.HAL_GPIO_EXTI_IRQHandler
                0x00000000080037b0       0x30 ./Drivers/STM32F1xx_HAL_Driver/Src/stm32f1xx_hal_gpio.o
                0x00000000080037b0                HAL_GPIO_EXTI_IRQHandler
 .text.PWR_OverloadWfe
                0x00000000080037e0       0x10 ./Drivers/STM32F1xx_HAL_Driver/Src/stm32f1xx_hal_pwr.o
 .text.HAL_PWR_EnableBkUpAccess
                0x00000000080037f0       0x18 ./Drivers/STM32F1xx_HAL_Driver/Src/stm32f1xx_hal_pwr.o
                0x00000000080037f0                HAL_PWR_EnableBkUpAccess
 .text.HAL_PWR_EnterSTOPMode
                0x0000000008003808       0x64 ./Drivers/STM32F1xx_HAL_Driver/Src/stm32f1xx_hal_pwr.o
                0x0000000008003808                HAL_PWR_EnterSTOPMode
 .text.HAL_RCC_OscConfig
                0x000000000800386c      0x504 ./Drivers/STM32F1xx_HAL_Driver/Src/stm32f1xx_hal_rcc.o
                0x000000000800386c                HAL_RCC_OscConfig
 .text.HAL_RCC_ClockConfig
                0x0000000008003d70      0x1d4 ./Drivers/STM32F1xx_HAL_Driver/Src/stm32f1xx_hal_rcc.o
                0x0000000008003d70                HAL_RCC_ClockConfig
 .text.HAL_RCC_GetSysClockFreq
                0x0000000008003f44       0xa8 ./Drivers/STM32F1xx_HAL_Driver/Src/stm32f1xx_hal_rcc.o
                0x0000000008003f44                HAL_RCC_GetSysClockFreq
 .text.HAL_RCC_GetHCLKFreq
                0x0000000008003fec       0x14 ./Drivers/STM32F1xx_HAL_Driver/Src/stm32f1xx_hal_rcc.o
                0x0000000008003fec                HAL_RCC_GetHCLKFreq
 .text.HAL_RCC_GetPCLK2Freq
                0x0000000008004000       0x28 ./Drivers/STM32F1xx_HAL_Driver/Src/stm32f1xx_hal_rcc.o
                0x0000000008004000                HAL_RCC_GetPCLK2Freq
 .text.RCC_Delay
                0x0000000008004028       0x3c ./Drivers/STM32F1xx_HAL_Driver/Src/stm32f1xx_hal_rcc.o
 .text.HAL_RCCEx_PeriphCLKConfig
                0x0000000008004064      0x16c ./Drivers/STM32F1xx_HAL_Driver/Src/stm32f1xx_hal_rcc_ex.o
                0x0000000008004064                HAL_RCCEx_PeriphCLKConfig
 .text.HAL_RCCEx_GetPeriphCLKFreq
                0x00000000080041d0      0x16c ./Drivers/STM32F1xx_HAL_Driver/Src/stm32f1xx_hal_rcc_ex.o
                0x00000000080041d0                HAL_RCCEx_GetPeriphCLKFreq
 .text.HAL_RTC_Init
                0x000000000800433c      0x118 ./Drivers/STM32F1xx_HAL_Driver/Src/stm32f1xx_hal_rtc.o
                0x000000000800433c                HAL_RTC_Init
 .text.HAL_RTC_SetTime
                0x0000000008004454      0x12e ./Drivers/STM32F1xx_HAL_Driver/Src/stm32f1xx_hal_rtc.o
                0x0000000008004454                HAL_RTC_SetTime
 *fill*         0x0000000008004582        0x2 
 .text.HAL_RTC_GetTime
                0x0000000008004584      0x1b0 ./Drivers/STM32F1xx_HAL_Driver/Src/stm32f1xx_hal_rtc.o
                0x0000000008004584                HAL_RTC_GetTime
 .text.HAL_RTC_SetDate
                0x0000000008004734      0x16c ./Drivers/STM32F1xx_HAL_Driver/Src/stm32f1xx_hal_rtc.o
                0x0000000008004734                HAL_RTC_SetDate
 .text.HAL_RTC_SetAlarm_IT
                0x00000000080048a0      0x170 ./Drivers/STM32F1xx_HAL_Driver/Src/stm32f1xx_hal_rtc.o
                0x00000000080048a0                HAL_RTC_SetAlarm_IT
 .text.HAL_RTC_AlarmIRQHandler
                0x0000000008004a10       0x54 ./Drivers/STM32F1xx_HAL_Driver/Src/stm32f1xx_hal_rtc.o
                0x0000000008004a10                HAL_RTC_AlarmIRQHandler
 .text.HAL_RTC_WaitForSynchro
                0x0000000008004a64       0x5a ./Drivers/STM32F1xx_HAL_Driver/Src/stm32f1xx_hal_rtc.o
                0x0000000008004a64                HAL_RTC_WaitForSynchro
 .text.RTC_ReadTimeCounter
                0x0000000008004abe       0x60 ./Drivers/STM32F1xx_HAL_Driver/Src/stm32f1xx_hal_rtc.o
 .text.RTC_WriteTimeCounter
                0x0000000008004b1e       0x4e ./Drivers/STM32F1xx_HAL_Driver/Src/stm32f1xx_hal_rtc.o
 .text.RTC_ReadAlarmCounter
                0x0000000008004b6c       0x32 ./Drivers/STM32F1xx_HAL_Driver/Src/stm32f1xx_hal_rtc.o
 .text.RTC_WriteAlarmCounter
                0x0000000008004b9e       0x4e ./Drivers/STM32F1xx_HAL_Driver/Src/stm32f1xx_hal_rtc.o
 .text.RTC_EnterInitMode
                0x0000000008004bec       0x50 ./Drivers/STM32F1xx_HAL_Driver/Src/stm32f1xx_hal_rtc.o
 .text.RTC_ExitInitMode
                0x0000000008004c3c       0x50 ./Drivers/STM32F1xx_HAL_Driver/Src/stm32f1xx_hal_rtc.o
 .text.RTC_ByteToBcd2
                0x0000000008004c8c       0x3a ./Drivers/STM32F1xx_HAL_Driver/Src/stm32f1xx_hal_rtc.o
 .text.RTC_Bcd2ToByte
                0x0000000008004cc6       0x3a ./Drivers/STM32F1xx_HAL_Driver/Src/stm32f1xx_hal_rtc.o
 .text.RTC_DateUpdate
                0x0000000008004d00      0x152 ./Drivers/STM32F1xx_HAL_Driver/Src/stm32f1xx_hal_rtc.o
 *fill*         0x0000000008004e52        0x2 
 .text.RTC_IsLeapYear
                0x0000000008004e54       0x64 ./Drivers/STM32F1xx_HAL_Driver/Src/stm32f1xx_hal_rtc.o
 .text.RTC_WeekDayNum
                0x0000000008004eb8       0xf0 ./Drivers/STM32F1xx_HAL_Driver/Src/stm32f1xx_hal_rtc.o
 .text.HAL_SPI_Init
                0x0000000008004fa8      0x108 ./Drivers/STM32F1xx_HAL_Driver/Src/stm32f1xx_hal_spi.o
                0x0000000008004fa8                HAL_SPI_Init
 .text.HAL_SPI_Transmit
                0x00000000080050b0      0x288 ./Drivers/STM32F1xx_HAL_Driver/Src/stm32f1xx_hal_spi.o
                0x00000000080050b0                HAL_SPI_Transmit
 .text.HAL_SPI_Receive
                0x0000000008005338      0x232 ./Drivers/STM32F1xx_HAL_Driver/Src/stm32f1xx_hal_spi.o
                0x0000000008005338                HAL_SPI_Receive
 .text.HAL_SPI_TransmitReceive
                0x000000000800556a      0x352 ./Drivers/STM32F1xx_HAL_Driver/Src/stm32f1xx_hal_spi.o
                0x000000000800556a                HAL_SPI_TransmitReceive
 .text.HAL_SPI_GetState
                0x00000000080058bc       0x1a ./Drivers/STM32F1xx_HAL_Driver/Src/stm32f1xx_hal_spi.o
                0x00000000080058bc                HAL_SPI_GetState
 *fill*         0x00000000080058d6        0x2 
 .text.SPI_WaitFlagStateUntilTimeout
                0x00000000080058d8      0x110 ./Drivers/STM32F1xx_HAL_Driver/Src/stm32f1xx_hal_spi.o
 .text.SPI_EndRxTransaction
                0x00000000080059e8       0xa4 ./Drivers/STM32F1xx_HAL_Driver/Src/stm32f1xx_hal_spi.o
 .text.SPI_EndRxTxTransaction
                0x0000000008005a8c       0x62 ./Drivers/STM32F1xx_HAL_Driver/Src/stm32f1xx_hal_spi.o
 .text.HAL_TIM_Base_Init
                0x0000000008005aee       0x9e ./Drivers/STM32F1xx_HAL_Driver/Src/stm32f1xx_hal_tim.o
                0x0000000008005aee                HAL_TIM_Base_Init
 .text.HAL_TIM_Base_Start
                0x0000000008005b8c       0x94 ./Drivers/STM32F1xx_HAL_Driver/Src/stm32f1xx_hal_tim.o
                0x0000000008005b8c                HAL_TIM_Base_Start
 .text.HAL_TIM_ConfigClockSource
                0x0000000008005c20      0x18e ./Drivers/STM32F1xx_HAL_Driver/Src/stm32f1xx_hal_tim.o
                0x0000000008005c20                HAL_TIM_ConfigClockSource
 *fill*         0x0000000008005dae        0x2 
 .text.TIM_Base_SetConfig
                0x0000000008005db0       0xdc ./Drivers/STM32F1xx_HAL_Driver/Src/stm32f1xx_hal_tim.o
                0x0000000008005db0                TIM_Base_SetConfig
 .text.TIM_TI1_ConfigInputStage
                0x0000000008005e8c       0x5c ./Drivers/STM32F1xx_HAL_Driver/Src/stm32f1xx_hal_tim.o
 .text.TIM_TI2_ConfigInputStage
                0x0000000008005ee8       0x5e ./Drivers/STM32F1xx_HAL_Driver/Src/stm32f1xx_hal_tim.o
 .text.TIM_ITRx_SetConfig
                0x0000000008005f46       0x34 ./Drivers/STM32F1xx_HAL_Driver/Src/stm32f1xx_hal_tim.o
 .text.TIM_ETR_SetConfig
                0x0000000008005f7a       0x3e ./Drivers/STM32F1xx_HAL_Driver/Src/stm32f1xx_hal_tim.o
                0x0000000008005f7a                TIM_ETR_SetConfig
 .text.HAL_TIMEx_MasterConfigSynchronization
                0x0000000008005fb8       0xbc ./Drivers/STM32F1xx_HAL_Driver/Src/stm32f1xx_hal_tim_ex.o
                0x0000000008005fb8                HAL_TIMEx_MasterConfigSynchronization
 .text.memset   0x0000000008006074       0x10 E:/ST_IDE/STide/STM32CubeIDE_1.14.1/STM32CubeIDE/plugins/com.st.stm32cube.ide.mcu.externaltools.gnu-tools-for-stm32.11.3.rel1.win32_1.1.100.202309141235/tools/bin/../lib/gcc/arm-none-eabi/11.3.1/../../../../arm-none-eabi/lib/thumb/v7-m/nofp\libc_nano.a(libc_a-memset.o)
                0x0000000008006074                memset
 .text.__libc_init_array
                0x0000000008006084       0x48 E:/ST_IDE/STide/STM32CubeIDE_1.14.1/STM32CubeIDE/plugins/com.st.stm32cube.ide.mcu.externaltools.gnu-tools-for-stm32.11.3.rel1.win32_1.1.100.202309141235/tools/bin/../lib/gcc/arm-none-eabi/11.3.1/../../../../arm-none-eabi/lib/thumb/v7-m/nofp\libc_nano.a(libc_a-init.o)
                0x0000000008006084                __libc_init_array
 .text.memcpy   0x00000000080060cc       0x1c E:/ST_IDE/STide/STM32CubeIDE_1.14.1/STM32CubeIDE/plugins/com.st.stm32cube.ide.mcu.externaltools.gnu-tools-for-stm32.11.3.rel1.win32_1.1.100.202309141235/tools/bin/../lib/gcc/arm-none-eabi/11.3.1/../../../../arm-none-eabi/lib/thumb/v7-m/nofp\libc_nano.a(libc_a-memcpy-stub.o)
                0x00000000080060cc                memcpy
 *(.glue_7)
 .glue_7        0x00000000080060e8        0x0 linker stubs
 *(.glue_7t)
 .glue_7t       0x00000000080060e8        0x0 linker stubs
 *(.eh_frame)
 .eh_frame      0x00000000080060e8        0x0 E:/ST_IDE/STide/STM32CubeIDE_1.14.1/STM32CubeIDE/plugins/com.st.stm32cube.ide.mcu.externaltools.gnu-tools-for-stm32.11.3.rel1.win32_1.1.100.202309141235/tools/bin/../lib/gcc/arm-none-eabi/11.3.1/thumb/v7-m/nofp/crtbegin.o
 *(.init)
 .init          0x00000000080060e8        0x4 E:/ST_IDE/STide/STM32CubeIDE_1.14.1/STM32CubeIDE/plugins/com.st.stm32cube.ide.mcu.externaltools.gnu-tools-for-stm32.11.3.rel1.win32_1.1.100.202309141235/tools/bin/../lib/gcc/arm-none-eabi/11.3.1/thumb/v7-m/nofp/crti.o
                0x00000000080060e8                _init
 .init          0x00000000080060ec        0x8 E:/ST_IDE/STide/STM32CubeIDE_1.14.1/STM32CubeIDE/plugins/com.st.stm32cube.ide.mcu.externaltools.gnu-tools-for-stm32.11.3.rel1.win32_1.1.100.202309141235/tools/bin/../lib/gcc/arm-none-eabi/11.3.1/thumb/v7-m/nofp/crtn.o
 *(.fini)
 .fini          0x00000000080060f4        0x4 E:/ST_IDE/STide/STM32CubeIDE_1.14.1/STM32CubeIDE/plugins/com.st.stm32cube.ide.mcu.externaltools.gnu-tools-for-stm32.11.3.rel1.win32_1.1.100.202309141235/tools/bin/../lib/gcc/arm-none-eabi/11.3.1/thumb/v7-m/nofp/crti.o
                0x00000000080060f4                _fini
 .fini          0x00000000080060f8        0x8 E:/ST_IDE/STide/STM32CubeIDE_1.14.1/STM32CubeIDE/plugins/com.st.stm32cube.ide.mcu.externaltools.gnu-tools-for-stm32.11.3.rel1.win32_1.1.100.202309141235/tools/bin/../lib/gcc/arm-none-eabi/11.3.1/thumb/v7-m/nofp/crtn.o
                0x0000000008006100                . = ALIGN (0x4)
                0x0000000008006100                _etext = .

.vfp11_veneer   0x0000000008006100        0x0
 .vfp11_veneer  0x0000000008006100        0x0 linker stubs

.v4_bx          0x0000000008006100        0x0
 .v4_bx         0x0000000008006100        0x0 linker stubs

.iplt           0x0000000008006100        0x0
 .iplt          0x0000000008006100        0x0 E:/ST_IDE/STide/STM32CubeIDE_1.14.1/STM32CubeIDE/plugins/com.st.stm32cube.ide.mcu.externaltools.gnu-tools-for-stm32.11.3.rel1.win32_1.1.100.202309141235/tools/bin/../lib/gcc/arm-none-eabi/11.3.1/thumb/v7-m/nofp/crtbegin.o

.rodata         0x0000000008006100       0x90
                0x0000000008006100                . = ALIGN (0x4)
 *(.rodata)
 .rodata        0x0000000008006100       0x50 ./Core/Src/Lora.o
 *(.rodata*)
 .rodata.AHBPrescTable
                0x0000000008006150       0x10 ./Core/Src/system_stm32f1xx.o
                0x0000000008006150                AHBPrescTable
 .rodata.APBPrescTable
                0x0000000008006160        0x8 ./Core/Src/system_stm32f1xx.o
                0x0000000008006160                APBPrescTable
 .rodata.aPLLMULFactorTable.1
                0x0000000008006168       0x10 ./Drivers/STM32F1xx_HAL_Driver/Src/stm32f1xx_hal_rcc.o
 .rodata.aPredivFactorTable.0
                0x0000000008006178        0x2 ./Drivers/STM32F1xx_HAL_Driver/Src/stm32f1xx_hal_rcc.o
 *fill*         0x000000000800617a        0x2 
 .rodata.aPLLMULFactorTable.1
                0x000000000800617c       0x10 ./Drivers/STM32F1xx_HAL_Driver/Src/stm32f1xx_hal_rcc_ex.o
 .rodata.aPredivFactorTable.0
                0x000000000800618c        0x2 ./Drivers/STM32F1xx_HAL_Driver/Src/stm32f1xx_hal_rcc_ex.o
                0x0000000008006190                . = ALIGN (0x4)
 *fill*         0x000000000800618e        0x2 

.rel.dyn        0x0000000008006190        0x0
 .rel.iplt      0x0000000008006190        0x0 E:/ST_IDE/STide/STM32CubeIDE_1.14.1/STM32CubeIDE/plugins/com.st.stm32cube.ide.mcu.externaltools.gnu-tools-for-stm32.11.3.rel1.win32_1.1.100.202309141235/tools/bin/../lib/gcc/arm-none-eabi/11.3.1/thumb/v7-m/nofp/crtbegin.o

.ARM.extab      0x0000000008006190        0x0
                0x0000000008006190                . = ALIGN (0x4)
 *(.ARM.extab* .gnu.linkonce.armextab.*)
                0x0000000008006190                . = ALIGN (0x4)

.ARM            0x0000000008006190        0x0
                0x0000000008006190                . = ALIGN (0x4)
                0x0000000008006190                __exidx_start = .
 *(.ARM.exidx*)
                0x0000000008006190                __exidx_end = .
                0x0000000008006190                . = ALIGN (0x4)

.preinit_array  0x0000000008006190        0x0
                0x0000000008006190                . = ALIGN (0x4)
                0x0000000008006190                PROVIDE (__preinit_array_start = .)
 *(.preinit_array*)
                0x0000000008006190                PROVIDE (__preinit_array_end = .)
                0x0000000008006190                . = ALIGN (0x4)

.init_array     0x0000000008006190        0x4
                0x0000000008006190                . = ALIGN (0x4)
                0x0000000008006190                PROVIDE (__init_array_start = .)
 *(SORT_BY_NAME(.init_array.*))
 *(.init_array*)
 .init_array    0x0000000008006190        0x4 E:/ST_IDE/STide/STM32CubeIDE_1.14.1/STM32CubeIDE/plugins/com.st.stm32cube.ide.mcu.externaltools.gnu-tools-for-stm32.11.3.rel1.win32_1.1.100.202309141235/tools/bin/../lib/gcc/arm-none-eabi/11.3.1/thumb/v7-m/nofp/crtbegin.o
                0x0000000008006194                PROVIDE (__init_array_end = .)
                0x0000000008006194                . = ALIGN (0x4)

.fini_array     0x0000000008006194        0x4
                0x0000000008006194                . = ALIGN (0x4)
                [!provide]                        PROVIDE (__fini_array_start = .)
 *(SORT_BY_NAME(.fini_array.*))
 *(.fini_array*)
 .fini_array    0x0000000008006194        0x4 E:/ST_IDE/STide/STM32CubeIDE_1.14.1/STM32CubeIDE/plugins/com.st.stm32cube.ide.mcu.externaltools.gnu-tools-for-stm32.11.3.rel1.win32_1.1.100.202309141235/tools/bin/../lib/gcc/arm-none-eabi/11.3.1/thumb/v7-m/nofp/crtbegin.o
                [!provide]                        PROVIDE (__fini_array_end = .)
                0x0000000008006198                . = ALIGN (0x4)
                0x0000000008006198                _sidata = LOADADDR (.data)

.data           0x0000000020000000       0x10 load address 0x0000000008006198
                0x0000000020000000                . = ALIGN (0x4)
                0x0000000020000000                _sdata = .
 *(.data)
 *(.data*)
 .data.Alarm_Set
                0x0000000020000000        0x1 ./Core/Src/main.o
                0x0000000020000000                Alarm_Set
 *fill*         0x0000000020000001        0x3 
 .data.SystemCoreClock
                0x0000000020000004        0x4 ./Core/Src/system_stm32f1xx.o
                0x0000000020000004                SystemCoreClock
 .data.uwTickPrio
                0x0000000020000008        0x4 ./Drivers/STM32F1xx_HAL_Driver/Src/stm32f1xx_hal.o
                0x0000000020000008                uwTickPrio
 .data.uwTickFreq
                0x000000002000000c        0x1 ./Drivers/STM32F1xx_HAL_Driver/Src/stm32f1xx_hal.o
                0x000000002000000c                uwTickFreq
 *(.RamFunc)
 *(.RamFunc*)
                0x0000000020000010                . = ALIGN (0x4)
 *fill*         0x000000002000000d        0x3 
                0x0000000020000010                _edata = .

.igot.plt       0x0000000020000010        0x0 load address 0x00000000080061a8
 .igot.plt      0x0000000020000010        0x0 E:/ST_IDE/STide/STM32CubeIDE_1.14.1/STM32CubeIDE/plugins/com.st.stm32cube.ide.mcu.externaltools.gnu-tools-for-stm32.11.3.rel1.win32_1.1.100.202309141235/tools/bin/../lib/gcc/arm-none-eabi/11.3.1/thumb/v7-m/nofp/crtbegin.o
                0x0000000020000010                . = ALIGN (0x4)

.bss            0x0000000020000010      0x190 load address 0x00000000080061a8
                0x0000000020000010                _sbss = .
                0x0000000020000010                __bss_start__ = _sbss
 *(.bss)
 .bss           0x0000000020000010       0x1c E:/ST_IDE/STide/STM32CubeIDE_1.14.1/STM32CubeIDE/plugins/com.st.stm32cube.ide.mcu.externaltools.gnu-tools-for-stm32.11.3.rel1.win32_1.1.100.202309141235/tools/bin/../lib/gcc/arm-none-eabi/11.3.1/thumb/v7-m/nofp/crtbegin.o
 *(.bss*)
 .bss.myLoRa    0x000000002000002c       0x2c ./Core/Src/main.o
                0x000000002000002c                myLoRa
 .bss.LoRa_Status
                0x0000000020000058        0x2 ./Core/Src/main.o
                0x0000000020000058                LoRa_Status
 *fill*         0x000000002000005a        0x2 
 .bss.RxBuffer  0x000000002000005c        0x4 ./Core/Src/main.o
                0x000000002000005c                RxBuffer
 .bss.Data_Moisture
                0x0000000020000060        0x2 ./Core/Src/main.o
                0x0000000020000060                Data_Moisture
 *fill*         0x0000000020000062        0x2 
 .bss.packet    0x0000000020000064        0x5 ./Core/Src/main.o
                0x0000000020000064                packet
 *fill*         0x0000000020000069        0x3 
 .bss.Sensor_data
                0x000000002000006c        0x8 ./Core/Src/main.o
                0x000000002000006c                Sensor_data
 .bss.hadc1     0x0000000020000074       0x30 ./Core/Src/main.o
                0x0000000020000074                hadc1
 .bss.hdma_adc1
                0x00000000200000a4       0x44 ./Core/Src/main.o
                0x00000000200000a4                hdma_adc1
 .bss.hrtc      0x00000000200000e8       0x14 ./Core/Src/main.o
                0x00000000200000e8                hrtc
 .bss.hspi1     0x00000000200000fc       0x58 ./Core/Src/main.o
                0x00000000200000fc                hspi1
 .bss.htim1     0x0000000020000154       0x48 ./Core/Src/main.o
                0x0000000020000154                htim1
 .bss.uwTick    0x000000002000019c        0x4 ./Drivers/STM32F1xx_HAL_Driver/Src/stm32f1xx_hal.o
                0x000000002000019c                uwTick
 *(COMMON)
                0x00000000200001a0                . = ALIGN (0x4)
                0x00000000200001a0                _ebss = .
                0x00000000200001a0                __bss_end__ = _ebss

._user_heap_stack
                0x00000000200001a0      0x600 load address 0x00000000080061a8
                0x00000000200001a0                . = ALIGN (0x8)
                [!provide]                        PROVIDE (end = .)
                0x00000000200001a0                PROVIDE (_end = .)
                0x00000000200003a0                . = (. + _Min_Heap_Size)
 *fill*         0x00000000200001a0      0x200 
                0x00000000200007a0                . = (. + _Min_Stack_Size)
 *fill*         0x00000000200003a0      0x400 
                0x00000000200007a0                . = ALIGN (0x8)

/DISCARD/
 libc.a(*)
 libm.a(*)
 libgcc.a(*)

.ARM.attributes
                0x0000000000000000       0x29
 *(.ARM.attributes)
 .ARM.attributes
                0x0000000000000000       0x1d E:/ST_IDE/STide/STM32CubeIDE_1.14.1/STM32CubeIDE/plugins/com.st.stm32cube.ide.mcu.externaltools.gnu-tools-for-stm32.11.3.rel1.win32_1.1.100.202309141235/tools/bin/../lib/gcc/arm-none-eabi/11.3.1/thumb/v7-m/nofp/crti.o
 .ARM.attributes
                0x000000000000001d       0x2d E:/ST_IDE/STide/STM32CubeIDE_1.14.1/STM32CubeIDE/plugins/com.st.stm32cube.ide.mcu.externaltools.gnu-tools-for-stm32.11.3.rel1.win32_1.1.100.202309141235/tools/bin/../lib/gcc/arm-none-eabi/11.3.1/thumb/v7-m/nofp/crtbegin.o
 .ARM.attributes
                0x000000000000004a       0x2d ./Core/Src/DS18B20.o
 .ARM.attributes
                0x0000000000000077       0x2d ./Core/Src/Lora.o
 .ARM.attributes
                0x00000000000000a4       0x2d ./Core/Src/main.o
 .ARM.attributes
                0x00000000000000d1       0x2d ./Core/Src/stm32f1xx_hal_msp.o
 .ARM.attributes
                0x00000000000000fe       0x2d ./Core/Src/stm32f1xx_it.o
 .ARM.attributes
                0x000000000000012b       0x2d ./Core/Src/system_stm32f1xx.o
 .ARM.attributes
                0x0000000000000158       0x21 ./Core/Startup/startup_stm32f103c8tx.o
 .ARM.attributes
                0x0000000000000179       0x2d ./Drivers/STM32F1xx_HAL_Driver/Src/stm32f1xx_hal.o
 .ARM.attributes
                0x00000000000001a6       0x2d ./Drivers/STM32F1xx_HAL_Driver/Src/stm32f1xx_hal_adc.o
 .ARM.attributes
                0x00000000000001d3       0x2d ./Drivers/STM32F1xx_HAL_Driver/Src/stm32f1xx_hal_cortex.o
 .ARM.attributes
                0x0000000000000200       0x2d ./Drivers/STM32F1xx_HAL_Driver/Src/stm32f1xx_hal_dma.o
 .ARM.attributes
                0x000000000000022d       0x2d ./Drivers/STM32F1xx_HAL_Driver/Src/stm32f1xx_hal_gpio.o
 .ARM.attributes
                0x000000000000025a       0x2d ./Drivers/STM32F1xx_HAL_Driver/Src/stm32f1xx_hal_pwr.o
 .ARM.attributes
                0x0000000000000287       0x2d ./Drivers/STM32F1xx_HAL_Driver/Src/stm32f1xx_hal_rcc.o
 .ARM.attributes
                0x00000000000002b4       0x2d ./Drivers/STM32F1xx_HAL_Driver/Src/stm32f1xx_hal_rcc_ex.o
 .ARM.attributes
                0x00000000000002e1       0x2d ./Drivers/STM32F1xx_HAL_Driver/Src/stm32f1xx_hal_rtc.o
 .ARM.attributes
                0x000000000000030e       0x2d ./Drivers/STM32F1xx_HAL_Driver/Src/stm32f1xx_hal_spi.o
 .ARM.attributes
                0x000000000000033b       0x2d ./Drivers/STM32F1xx_HAL_Driver/Src/stm32f1xx_hal_tim.o
 .ARM.attributes
                0x0000000000000368       0x2d ./Drivers/STM32F1xx_HAL_Driver/Src/stm32f1xx_hal_tim_ex.o
 .ARM.attributes
                0x0000000000000395       0x2d E:/ST_IDE/STide/STM32CubeIDE_1.14.1/STM32CubeIDE/plugins/com.st.stm32cube.ide.mcu.externaltools.gnu-tools-for-stm32.11.3.rel1.win32_1.1.100.202309141235/tools/bin/../lib/gcc/arm-none-eabi/11.3.1/../../../../arm-none-eabi/lib/thumb/v7-m/nofp\libc_nano.a(libc_a-memset.o)
 .ARM.attributes
                0x00000000000003c2       0x2d E:/ST_IDE/STide/STM32CubeIDE_1.14.1/STM32CubeIDE/plugins/com.st.stm32cube.ide.mcu.externaltools.gnu-tools-for-stm32.11.3.rel1.win32_1.1.100.202309141235/tools/bin/../lib/gcc/arm-none-eabi/11.3.1/../../../../arm-none-eabi/lib/thumb/v7-m/nofp\libc_nano.a(libc_a-init.o)
 .ARM.attributes
                0x00000000000003ef       0x2d E:/ST_IDE/STide/STM32CubeIDE_1.14.1/STM32CubeIDE/plugins/com.st.stm32cube.ide.mcu.externaltools.gnu-tools-for-stm32.11.3.rel1.win32_1.1.100.202309141235/tools/bin/../lib/gcc/arm-none-eabi/11.3.1/../../../../arm-none-eabi/lib/thumb/v7-m/nofp\libc_nano.a(libc_a-memcpy-stub.o)
 .ARM.attributes
                0x000000000000041c       0x1d E:/ST_IDE/STide/STM32CubeIDE_1.14.1/STM32CubeIDE/plugins/com.st.stm32cube.ide.mcu.externaltools.gnu-tools-for-stm32.11.3.rel1.win32_1.1.100.202309141235/tools/bin/../lib/gcc/arm-none-eabi/11.3.1/thumb/v7-m/nofp\libgcc.a(_arm_addsubdf3.o)
 .ARM.attributes
                0x0000000000000439       0x1d E:/ST_IDE/STide/STM32CubeIDE_1.14.1/STM32CubeIDE/plugins/com.st.stm32cube.ide.mcu.externaltools.gnu-tools-for-stm32.11.3.rel1.win32_1.1.100.202309141235/tools/bin/../lib/gcc/arm-none-eabi/11.3.1/thumb/v7-m/nofp\libgcc.a(_arm_muldivdf3.o)
 .ARM.attributes
                0x0000000000000456       0x1d E:/ST_IDE/STide/STM32CubeIDE_1.14.1/STM32CubeIDE/plugins/com.st.stm32cube.ide.mcu.externaltools.gnu-tools-for-stm32.11.3.rel1.win32_1.1.100.202309141235/tools/bin/../lib/gcc/arm-none-eabi/11.3.1/thumb/v7-m/nofp\libgcc.a(_arm_fixdfsi.o)
 .ARM.attributes
                0x0000000000000473       0x1d E:/ST_IDE/STide/STM32CubeIDE_1.14.1/STM32CubeIDE/plugins/com.st.stm32cube.ide.mcu.externaltools.gnu-tools-for-stm32.11.3.rel1.win32_1.1.100.202309141235/tools/bin/../lib/gcc/arm-none-eabi/11.3.1/thumb/v7-m/nofp\libgcc.a(_arm_addsubsf3.o)
 .ARM.attributes
                0x0000000000000490       0x1d E:/ST_IDE/STide/STM32CubeIDE_1.14.1/STM32CubeIDE/plugins/com.st.stm32cube.ide.mcu.externaltools.gnu-tools-for-stm32.11.3.rel1.win32_1.1.100.202309141235/tools/bin/../lib/gcc/arm-none-eabi/11.3.1/thumb/v7-m/nofp\libgcc.a(_arm_muldivsf3.o)
 .ARM.attributes
                0x00000000000004ad       0x1d E:/ST_IDE/STide/STM32CubeIDE_1.14.1/STM32CubeIDE/plugins/com.st.stm32cube.ide.mcu.externaltools.gnu-tools-for-stm32.11.3.rel1.win32_1.1.100.202309141235/tools/bin/../lib/gcc/arm-none-eabi/11.3.1/thumb/v7-m/nofp\libgcc.a(_arm_fixunssfsi.o)
 .ARM.attributes
                0x00000000000004ca       0x1d E:/ST_IDE/STide/STM32CubeIDE_1.14.1/STM32CubeIDE/plugins/com.st.stm32cube.ide.mcu.externaltools.gnu-tools-for-stm32.11.3.rel1.win32_1.1.100.202309141235/tools/bin/../lib/gcc/arm-none-eabi/11.3.1/thumb/v7-m/nofp/crtn.o
OUTPUT(SensorNode02.elf elf32-littlearm)
LOAD linker stubs
LOAD E:/ST_IDE/STide/STM32CubeIDE_1.14.1/STM32CubeIDE/plugins/com.st.stm32cube.ide.mcu.externaltools.gnu-tools-for-stm32.11.3.rel1.win32_1.1.100.202309141235/tools/bin/../lib/gcc/arm-none-eabi/11.3.1/../../../../arm-none-eabi/lib/thumb/v7-m/nofp\libc.a
LOAD E:/ST_IDE/STide/STM32CubeIDE_1.14.1/STM32CubeIDE/plugins/com.st.stm32cube.ide.mcu.externaltools.gnu-tools-for-stm32.11.3.rel1.win32_1.1.100.202309141235/tools/bin/../lib/gcc/arm-none-eabi/11.3.1/../../../../arm-none-eabi/lib/thumb/v7-m/nofp\libm.a
LOAD E:/ST_IDE/STide/STM32CubeIDE_1.14.1/STM32CubeIDE/plugins/com.st.stm32cube.ide.mcu.externaltools.gnu-tools-for-stm32.11.3.rel1.win32_1.1.100.202309141235/tools/bin/../lib/gcc/arm-none-eabi/11.3.1/thumb/v7-m/nofp\libgcc.a

.comment        0x0000000000000000       0x43
 .comment       0x0000000000000000       0x43 E:/ST_IDE/STide/STM32CubeIDE_1.14.1/STM32CubeIDE/plugins/com.st.stm32cube.ide.mcu.externaltools.gnu-tools-for-stm32.11.3.rel1.win32_1.1.100.202309141235/tools/bin/../lib/gcc/arm-none-eabi/11.3.1/thumb/v7-m/nofp/crtbegin.o
                                         0x44 (size before relaxing)
 .comment       0x0000000000000043       0x44 ./Core/Src/DS18B20.o
 .comment       0x0000000000000043       0x44 ./Core/Src/Lora.o
 .comment       0x0000000000000043       0x44 ./Core/Src/main.o
 .comment       0x0000000000000043       0x44 ./Core/Src/stm32f1xx_hal_msp.o
 .comment       0x0000000000000043       0x44 ./Core/Src/stm32f1xx_it.o
 .comment       0x0000000000000043       0x44 ./Core/Src/system_stm32f1xx.o
 .comment       0x0000000000000043       0x44 ./Drivers/STM32F1xx_HAL_Driver/Src/stm32f1xx_hal.o
 .comment       0x0000000000000043       0x44 ./Drivers/STM32F1xx_HAL_Driver/Src/stm32f1xx_hal_adc.o
 .comment       0x0000000000000043       0x44 ./Drivers/STM32F1xx_HAL_Driver/Src/stm32f1xx_hal_cortex.o
 .comment       0x0000000000000043       0x44 ./Drivers/STM32F1xx_HAL_Driver/Src/stm32f1xx_hal_dma.o
 .comment       0x0000000000000043       0x44 ./Drivers/STM32F1xx_HAL_Driver/Src/stm32f1xx_hal_gpio.o
 .comment       0x0000000000000043       0x44 ./Drivers/STM32F1xx_HAL_Driver/Src/stm32f1xx_hal_pwr.o
 .comment       0x0000000000000043       0x44 ./Drivers/STM32F1xx_HAL_Driver/Src/stm32f1xx_hal_rcc.o
 .comment       0x0000000000000043       0x44 ./Drivers/STM32F1xx_HAL_Driver/Src/stm32f1xx_hal_rcc_ex.o
 .comment       0x0000000000000043       0x44 ./Drivers/STM32F1xx_HAL_Driver/Src/stm32f1xx_hal_rtc.o
 .comment       0x0000000000000043       0x44 ./Drivers/STM32F1xx_HAL_Driver/Src/stm32f1xx_hal_spi.o
 .comment       0x0000000000000043       0x44 ./Drivers/STM32F1xx_HAL_Driver/Src/stm32f1xx_hal_tim.o
 .comment       0x0000000000000043       0x44 ./Drivers/STM32F1xx_HAL_Driver/Src/stm32f1xx_hal_tim_ex.o

.debug_info     0x0000000000000000     0xe5e6
 .debug_info    0x0000000000000000      0x8f9 ./Core/Src/DS18B20.o
 .debug_info    0x00000000000008f9      0xdf3 ./Core/Src/Lora.o
 .debug_info    0x00000000000016ec     0x19ed ./Core/Src/main.o
 .debug_info    0x00000000000030d9     0x1291 ./Core/Src/stm32f1xx_hal_msp.o
 .debug_info    0x000000000000436a      0x58e ./Core/Src/stm32f1xx_it.o
 .debug_info    0x00000000000048f8      0x222 ./Core/Src/system_stm32f1xx.o
 .debug_info    0x0000000000004b1a       0x23 ./Core/Startup/startup_stm32f103c8tx.o
 .debug_info    0x0000000000004b3d      0x704 ./Drivers/STM32F1xx_HAL_Driver/Src/stm32f1xx_hal.o
 .debug_info    0x0000000000005241      0xc50 ./Drivers/STM32F1xx_HAL_Driver/Src/stm32f1xx_hal_adc.o
 .debug_info    0x0000000000005e91      0xa87 ./Drivers/STM32F1xx_HAL_Driver/Src/stm32f1xx_hal_cortex.o
 .debug_info    0x0000000000006918      0x6d2 ./Drivers/STM32F1xx_HAL_Driver/Src/stm32f1xx_hal_dma.o
 .debug_info    0x0000000000006fea      0x5ab ./Drivers/STM32F1xx_HAL_Driver/Src/stm32f1xx_hal_gpio.o
 .debug_info    0x0000000000007595      0x628 ./Drivers/STM32F1xx_HAL_Driver/Src/stm32f1xx_hal_pwr.o
 .debug_info    0x0000000000007bbd      0x7d5 ./Drivers/STM32F1xx_HAL_Driver/Src/stm32f1xx_hal_rcc.o
 .debug_info    0x0000000000008392      0x3c0 ./Drivers/STM32F1xx_HAL_Driver/Src/stm32f1xx_hal_rcc_ex.o
 .debug_info    0x0000000000008752      0xc73 ./Drivers/STM32F1xx_HAL_Driver/Src/stm32f1xx_hal_rtc.o
 .debug_info    0x00000000000093c5     0x142d ./Drivers/STM32F1xx_HAL_Driver/Src/stm32f1xx_hal_spi.o
 .debug_info    0x000000000000a7f2     0x2959 ./Drivers/STM32F1xx_HAL_Driver/Src/stm32f1xx_hal_tim.o
 .debug_info    0x000000000000d14b     0x149b ./Drivers/STM32F1xx_HAL_Driver/Src/stm32f1xx_hal_tim_ex.o

.debug_abbrev   0x0000000000000000     0x27ea
 .debug_abbrev  0x0000000000000000      0x237 ./Core/Src/DS18B20.o
 .debug_abbrev  0x0000000000000237      0x28a ./Core/Src/Lora.o
 .debug_abbrev  0x00000000000004c1      0x2f9 ./Core/Src/main.o
 .debug_abbrev  0x00000000000007ba      0x28a ./Core/Src/stm32f1xx_hal_msp.o
 .debug_abbrev  0x0000000000000a44      0x184 ./Core/Src/stm32f1xx_it.o
 .debug_abbrev  0x0000000000000bc8      0x13f ./Core/Src/system_stm32f1xx.o
 .debug_abbrev  0x0000000000000d07       0x12 ./Core/Startup/startup_stm32f103c8tx.o
 .debug_abbrev  0x0000000000000d19      0x201 ./Drivers/STM32F1xx_HAL_Driver/Src/stm32f1xx_hal.o
 .debug_abbrev  0x0000000000000f1a      0x225 ./Drivers/STM32F1xx_HAL_Driver/Src/stm32f1xx_hal_adc.o
 .debug_abbrev  0x000000000000113f      0x2f8 ./Drivers/STM32F1xx_HAL_Driver/Src/stm32f1xx_hal_cortex.o
 .debug_abbrev  0x0000000000001437      0x20b ./Drivers/STM32F1xx_HAL_Driver/Src/stm32f1xx_hal_dma.o
 .debug_abbrev  0x0000000000001642      0x1ca ./Drivers/STM32F1xx_HAL_Driver/Src/stm32f1xx_hal_gpio.o
 .debug_abbrev  0x000000000000180c      0x1f6 ./Drivers/STM32F1xx_HAL_Driver/Src/stm32f1xx_hal_pwr.o
 .debug_abbrev  0x0000000000001a02      0x2b3 ./Drivers/STM32F1xx_HAL_Driver/Src/stm32f1xx_hal_rcc.o
 .debug_abbrev  0x0000000000001cb5      0x188 ./Drivers/STM32F1xx_HAL_Driver/Src/stm32f1xx_hal_rcc_ex.o
 .debug_abbrev  0x0000000000001e3d      0x23a ./Drivers/STM32F1xx_HAL_Driver/Src/stm32f1xx_hal_rtc.o
 .debug_abbrev  0x0000000000002077      0x27a ./Drivers/STM32F1xx_HAL_Driver/Src/stm32f1xx_hal_spi.o
 .debug_abbrev  0x00000000000022f1      0x277 ./Drivers/STM32F1xx_HAL_Driver/Src/stm32f1xx_hal_tim.o
 .debug_abbrev  0x0000000000002568      0x282 ./Drivers/STM32F1xx_HAL_Driver/Src/stm32f1xx_hal_tim_ex.o

.debug_aranges  0x0000000000000000      0xfc8
 .debug_aranges
                0x0000000000000000       0x50 ./Core/Src/DS18B20.o
 .debug_aranges
                0x0000000000000050       0xc8 ./Core/Src/Lora.o
 .debug_aranges
                0x0000000000000118       0x78 ./Core/Src/main.o
 .debug_aranges
                0x0000000000000190       0x60 ./Core/Src/stm32f1xx_hal_msp.o
 .debug_aranges
                0x00000000000001f0       0x78 ./Core/Src/stm32f1xx_it.o
 .debug_aranges
                0x0000000000000268       0x28 ./Core/Src/system_stm32f1xx.o
 .debug_aranges
                0x0000000000000290       0x28 ./Core/Startup/startup_stm32f103c8tx.o
 .debug_aranges
                0x00000000000002b8       0xe0 ./Drivers/STM32F1xx_HAL_Driver/Src/stm32f1xx_hal.o
 .debug_aranges
                0x0000000000000398       0xf0 ./Drivers/STM32F1xx_HAL_Driver/Src/stm32f1xx_hal_adc.o
 .debug_aranges
                0x0000000000000488      0x100 ./Drivers/STM32F1xx_HAL_Driver/Src/stm32f1xx_hal_cortex.o
 .debug_aranges
                0x0000000000000588       0x80 ./Drivers/STM32F1xx_HAL_Driver/Src/stm32f1xx_hal_dma.o
 .debug_aranges
                0x0000000000000608       0x58 ./Drivers/STM32F1xx_HAL_Driver/Src/stm32f1xx_hal_gpio.o
 .debug_aranges
                0x0000000000000660       0xa8 ./Drivers/STM32F1xx_HAL_Driver/Src/stm32f1xx_hal_pwr.o
 .debug_aranges
                0x0000000000000708       0x90 ./Drivers/STM32F1xx_HAL_Driver/Src/stm32f1xx_hal_rcc.o
 .debug_aranges
                0x0000000000000798       0x30 ./Drivers/STM32F1xx_HAL_Driver/Src/stm32f1xx_hal_rcc_ex.o
 .debug_aranges
                0x00000000000007c8       0xf8 ./Drivers/STM32F1xx_HAL_Driver/Src/stm32f1xx_hal_rtc.o
 .debug_aranges
                0x00000000000008c0      0x1d0 ./Drivers/STM32F1xx_HAL_Driver/Src/stm32f1xx_hal_spi.o
 .debug_aranges
                0x0000000000000a90      0x3d0 ./Drivers/STM32F1xx_HAL_Driver/Src/stm32f1xx_hal_tim.o
 .debug_aranges
                0x0000000000000e60      0x168 ./Drivers/STM32F1xx_HAL_Driver/Src/stm32f1xx_hal_tim_ex.o

.debug_rnglists
                0x0000000000000000      0xc2b
 .debug_rnglists
                0x0000000000000000       0x3a ./Core/Src/DS18B20.o
 .debug_rnglists
                0x000000000000003a       0x96 ./Core/Src/Lora.o
 .debug_rnglists
                0x00000000000000d0       0x5c ./Core/Src/main.o
 .debug_rnglists
                0x000000000000012c       0x45 ./Core/Src/stm32f1xx_hal_msp.o
 .debug_rnglists
                0x0000000000000171       0x55 ./Core/Src/stm32f1xx_it.o
 .debug_rnglists
                0x00000000000001c6       0x1a ./Core/Src/system_stm32f1xx.o
 .debug_rnglists
                0x00000000000001e0       0x19 ./Core/Startup/startup_stm32f103c8tx.o
 .debug_rnglists
                0x00000000000001f9       0xa3 ./Drivers/STM32F1xx_HAL_Driver/Src/stm32f1xx_hal.o
 .debug_rnglists
                0x000000000000029c       0xbc ./Drivers/STM32F1xx_HAL_Driver/Src/stm32f1xx_hal_adc.o
 .debug_rnglists
                0x0000000000000358       0xbb ./Drivers/STM32F1xx_HAL_Driver/Src/stm32f1xx_hal_cortex.o
 .debug_rnglists
                0x0000000000000413       0x64 ./Drivers/STM32F1xx_HAL_Driver/Src/stm32f1xx_hal_dma.o
 .debug_rnglists
                0x0000000000000477       0x3f ./Drivers/STM32F1xx_HAL_Driver/Src/stm32f1xx_hal_gpio.o
 .debug_rnglists
                0x00000000000004b6       0x7a ./Drivers/STM32F1xx_HAL_Driver/Src/stm32f1xx_hal_pwr.o
 .debug_rnglists
                0x0000000000000530       0x6c ./Drivers/STM32F1xx_HAL_Driver/Src/stm32f1xx_hal_rcc.o
 .debug_rnglists
                0x000000000000059c       0x21 ./Drivers/STM32F1xx_HAL_Driver/Src/stm32f1xx_hal_rcc_ex.o
 .debug_rnglists
                0x00000000000005bd       0xc1 ./Drivers/STM32F1xx_HAL_Driver/Src/stm32f1xx_hal_rtc.o
 .debug_rnglists
                0x000000000000067e      0x16e ./Drivers/STM32F1xx_HAL_Driver/Src/stm32f1xx_hal_spi.o
 .debug_rnglists
                0x00000000000007ec      0x31a ./Drivers/STM32F1xx_HAL_Driver/Src/stm32f1xx_hal_tim.o
 .debug_rnglists
                0x0000000000000b06      0x125 ./Drivers/STM32F1xx_HAL_Driver/Src/stm32f1xx_hal_tim_ex.o

.debug_macro    0x0000000000000000    0x18571
 .debug_macro   0x0000000000000000      0x1e9 ./Core/Src/DS18B20.o
 .debug_macro   0x00000000000001e9      0xa9c ./Core/Src/DS18B20.o
 .debug_macro   0x0000000000000c85      0x22d ./Core/Src/DS18B20.o
 .debug_macro   0x0000000000000eb2       0x2e ./Core/Src/DS18B20.o
 .debug_macro   0x0000000000000ee0       0x22 ./Core/Src/DS18B20.o
 .debug_macro   0x0000000000000f02       0x22 ./Core/Src/DS18B20.o
 .debug_macro   0x0000000000000f24       0x8e ./Core/Src/DS18B20.o
 .debug_macro   0x0000000000000fb2       0x51 ./Core/Src/DS18B20.o
 .debug_macro   0x0000000000001003      0x103 ./Core/Src/DS18B20.o
 .debug_macro   0x0000000000001106       0x6a ./Core/Src/DS18B20.o
 .debug_macro   0x0000000000001170      0x1df ./Core/Src/DS18B20.o
 .debug_macro   0x000000000000134f       0x1c ./Core/Src/DS18B20.o
 .debug_macro   0x000000000000136b       0x22 ./Core/Src/DS18B20.o
 .debug_macro   0x000000000000138d       0xbd ./Core/Src/DS18B20.o
 .debug_macro   0x000000000000144a      0xd23 ./Core/Src/DS18B20.o
 .debug_macro   0x000000000000216d     0xe09e ./Core/Src/DS18B20.o
 .debug_macro   0x000000000001020b       0x6d ./Core/Src/DS18B20.o
 .debug_macro   0x0000000000010278     0x34a2 ./Core/Src/DS18B20.o
 .debug_macro   0x000000000001371a      0x174 ./Core/Src/DS18B20.o
 .debug_macro   0x000000000001388e       0x5c ./Core/Src/DS18B20.o
 .debug_macro   0x00000000000138ea      0x5bc ./Core/Src/DS18B20.o
 .debug_macro   0x0000000000013ea6      0x289 ./Core/Src/DS18B20.o
 .debug_macro   0x000000000001412f      0x1cb ./Core/Src/DS18B20.o
 .debug_macro   0x00000000000142fa      0x114 ./Core/Src/DS18B20.o
 .debug_macro   0x000000000001440e      0x1b2 ./Core/Src/DS18B20.o
 .debug_macro   0x00000000000145c0       0x27 ./Core/Src/DS18B20.o
 .debug_macro   0x00000000000145e7      0x136 ./Core/Src/DS18B20.o
 .debug_macro   0x000000000001471d      0x1bc ./Core/Src/DS18B20.o
 .debug_macro   0x00000000000148d9       0x34 ./Core/Src/DS18B20.o
 .debug_macro   0x000000000001490d       0x3c ./Core/Src/DS18B20.o
 .debug_macro   0x0000000000014949       0x57 ./Core/Src/DS18B20.o
 .debug_macro   0x00000000000149a0      0x46a ./Core/Src/DS18B20.o
 .debug_macro   0x0000000000014e0a      0x1b5 ./Core/Src/DS18B20.o
 .debug_macro   0x0000000000014fbf       0x87 ./Core/Src/DS18B20.o
 .debug_macro   0x0000000000015046      0x240 ./Core/Src/DS18B20.o
 .debug_macro   0x0000000000015286      0x140 ./Core/Src/DS18B20.o
 .debug_macro   0x00000000000153c6      0x1ef ./Core/Src/DS18B20.o
 .debug_macro   0x00000000000155b5       0xeb ./Core/Src/DS18B20.o
 .debug_macro   0x00000000000156a0      0x217 ./Core/Src/DS18B20.o
 .debug_macro   0x00000000000158b7      0x8ed ./Core/Src/DS18B20.o
 .debug_macro   0x00000000000161a4       0x83 ./Core/Src/DS18B20.o
 .debug_macro   0x0000000000016227       0x2e ./Core/Src/DS18B20.o
 .debug_macro   0x0000000000016255       0x10 ./Core/Src/DS18B20.o
 .debug_macro   0x0000000000016265      0x1e3 ./Core/Src/Lora.o
 .debug_macro   0x0000000000016448      0x172 ./Core/Src/Lora.o
 .debug_macro   0x00000000000165ba      0x202 ./Core/Src/main.o
 .debug_macro   0x00000000000167bc      0x172 ./Core/Src/main.o
 .debug_macro   0x000000000001692e      0x1da ./Core/Src/stm32f1xx_hal_msp.o
 .debug_macro   0x0000000000016b08      0x1e4 ./Core/Src/stm32f1xx_it.o
 .debug_macro   0x0000000000016cec      0x1cb ./Core/Src/system_stm32f1xx.o
 .debug_macro   0x0000000000016eb7      0x1ef ./Drivers/STM32F1xx_HAL_Driver/Src/stm32f1xx_hal.o
 .debug_macro   0x00000000000170a6      0x1e8 ./Drivers/STM32F1xx_HAL_Driver/Src/stm32f1xx_hal_adc.o
 .debug_macro   0x000000000001728e      0x1cb ./Drivers/STM32F1xx_HAL_Driver/Src/stm32f1xx_hal_cortex.o
 .debug_macro   0x0000000000017459      0x1cb ./Drivers/STM32F1xx_HAL_Driver/Src/stm32f1xx_hal_dma.o
 .debug_macro   0x0000000000017624      0x236 ./Drivers/STM32F1xx_HAL_Driver/Src/stm32f1xx_hal_gpio.o
 .debug_macro   0x000000000001785a      0x22b ./Drivers/STM32F1xx_HAL_Driver/Src/stm32f1xx_hal_pwr.o
 .debug_macro   0x0000000000017a85      0x1dd ./Drivers/STM32F1xx_HAL_Driver/Src/stm32f1xx_hal_rcc.o
 .debug_macro   0x0000000000017c62      0x1cb ./Drivers/STM32F1xx_HAL_Driver/Src/stm32f1xx_hal_rcc_ex.o
 .debug_macro   0x0000000000017e2d      0x1da ./Drivers/STM32F1xx_HAL_Driver/Src/stm32f1xx_hal_rtc.o
 .debug_macro   0x0000000000018007      0x1d3 ./Drivers/STM32F1xx_HAL_Driver/Src/stm32f1xx_hal_spi.o
 .debug_macro   0x00000000000181da      0x1cc ./Drivers/STM32F1xx_HAL_Driver/Src/stm32f1xx_hal_tim.o
 .debug_macro   0x00000000000183a6      0x1cb ./Drivers/STM32F1xx_HAL_Driver/Src/stm32f1xx_hal_tim_ex.o

.debug_line     0x0000000000000000    0x11650
 .debug_line    0x0000000000000000      0x8c0 ./Core/Src/DS18B20.o
 .debug_line    0x00000000000008c0      0xbf3 ./Core/Src/Lora.o
 .debug_line    0x00000000000014b3      0xafd ./Core/Src/main.o
 .debug_line    0x0000000000001fb0      0x890 ./Core/Src/stm32f1xx_hal_msp.o
 .debug_line    0x0000000000002840      0x868 ./Core/Src/stm32f1xx_it.o
 .debug_line    0x00000000000030a8      0x7dc ./Core/Src/system_stm32f1xx.o
 .debug_line    0x0000000000003884       0x78 ./Core/Startup/startup_stm32f103c8tx.o
 .debug_line    0x00000000000038fc      0xa09 ./Drivers/STM32F1xx_HAL_Driver/Src/stm32f1xx_hal.o
 .debug_line    0x0000000000004305     0x1086 ./Drivers/STM32F1xx_HAL_Driver/Src/stm32f1xx_hal_adc.o
 .debug_line    0x000000000000538b      0xbf1 ./Drivers/STM32F1xx_HAL_Driver/Src/stm32f1xx_hal_cortex.o
 .debug_line    0x0000000000005f7c      0xe62 ./Drivers/STM32F1xx_HAL_Driver/Src/stm32f1xx_hal_dma.o
 .debug_line    0x0000000000006dde      0xaa2 ./Drivers/STM32F1xx_HAL_Driver/Src/stm32f1xx_hal_gpio.o
 .debug_line    0x0000000000007880      0x98b ./Drivers/STM32F1xx_HAL_Driver/Src/stm32f1xx_hal_pwr.o
 .debug_line    0x000000000000820b      0xe12 ./Drivers/STM32F1xx_HAL_Driver/Src/stm32f1xx_hal_rcc.o
 .debug_line    0x000000000000901d      0x94d ./Drivers/STM32F1xx_HAL_Driver/Src/stm32f1xx_hal_rcc_ex.o
 .debug_line    0x000000000000996a     0x117b ./Drivers/STM32F1xx_HAL_Driver/Src/stm32f1xx_hal_rtc.o
 .debug_line    0x000000000000aae5     0x1d03 ./Drivers/STM32F1xx_HAL_Driver/Src/stm32f1xx_hal_spi.o
 .debug_line    0x000000000000c7e8     0x3510 ./Drivers/STM32F1xx_HAL_Driver/Src/stm32f1xx_hal_tim.o
 .debug_line    0x000000000000fcf8     0x1958 ./Drivers/STM32F1xx_HAL_Driver/Src/stm32f1xx_hal_tim_ex.o

.debug_str      0x0000000000000000    0x8da7f
 .debug_str     0x0000000000000000    0x8950a ./Core/Src/DS18B20.o
                                      0x898f3 (size before relaxing)
 .debug_str     0x000000000008950a      0x842 ./Core/Src/Lora.o
                                      0x89d6f (size before relaxing)
 .debug_str     0x0000000000089d4c      0xa8a ./Core/Src/main.o
                                      0x8aa62 (size before relaxing)
 .debug_str     0x000000000008a7d6      0x159 ./Core/Src/stm32f1xx_hal_msp.o
                                      0x8a0ae (size before relaxing)
 .debug_str     0x000000000008a92f      0x150 ./Core/Src/stm32f1xx_it.o
                                      0x896e1 (size before relaxing)
 .debug_str     0x000000000008aa7f       0x7e ./Core/Src/system_stm32f1xx.o
                                      0x892a2 (size before relaxing)
 .debug_str     0x000000000008aafd       0x34 ./Core/Startup/startup_stm32f103c8tx.o
                                         0x5d (size before relaxing)
 .debug_str     0x000000000008ab31      0x35b ./Drivers/STM32F1xx_HAL_Driver/Src/stm32f1xx_hal.o
                                      0x899d5 (size before relaxing)
 .debug_str     0x000000000008ae8c      0x375 ./Drivers/STM32F1xx_HAL_Driver/Src/stm32f1xx_hal_adc.o
                                      0x89986 (size before relaxing)
 .debug_str     0x000000000008b201      0x294 ./Drivers/STM32F1xx_HAL_Driver/Src/stm32f1xx_hal_cortex.o
                                      0x89921 (size before relaxing)
 .debug_str     0x000000000008b495      0x1e7 ./Drivers/STM32F1xx_HAL_Driver/Src/stm32f1xx_hal_dma.o
                                      0x8964b (size before relaxing)
 .debug_str     0x000000000008b67c      0x291 ./Drivers/STM32F1xx_HAL_Driver/Src/stm32f1xx_hal_gpio.o
                                      0x89628 (size before relaxing)
 .debug_str     0x000000000008b90d      0x4df ./Drivers/STM32F1xx_HAL_Driver/Src/stm32f1xx_hal_pwr.o
                                      0x897d9 (size before relaxing)
 .debug_str     0x000000000008bdec      0x21d ./Drivers/STM32F1xx_HAL_Driver/Src/stm32f1xx_hal_rcc.o
                                      0x896d1 (size before relaxing)
 .debug_str     0x000000000008c009       0x7a ./Drivers/STM32F1xx_HAL_Driver/Src/stm32f1xx_hal_rcc_ex.o
                                      0x89421 (size before relaxing)
 .debug_str     0x000000000008c083      0x29d ./Drivers/STM32F1xx_HAL_Driver/Src/stm32f1xx_hal_rtc.o
                                      0x897ad (size before relaxing)
 .debug_str     0x000000000008c320      0x4fe ./Drivers/STM32F1xx_HAL_Driver/Src/stm32f1xx_hal_spi.o
                                      0x89bc8 (size before relaxing)
 .debug_str     0x000000000008c81e      0xdce ./Drivers/STM32F1xx_HAL_Driver/Src/stm32f1xx_hal_tim.o
                                      0x8a6d3 (size before relaxing)
 .debug_str     0x000000000008d5ec      0x493 ./Drivers/STM32F1xx_HAL_Driver/Src/stm32f1xx_hal_tim_ex.o
                                      0x89edf (size before relaxing)

.debug_frame    0x0000000000000000     0x434c
 .debug_frame   0x0000000000000000      0x110 ./Core/Src/DS18B20.o
 .debug_frame   0x0000000000000110      0x338 ./Core/Src/Lora.o
 .debug_frame   0x0000000000000448      0x1ac ./Core/Src/main.o
 .debug_frame   0x00000000000005f4      0x160 ./Core/Src/stm32f1xx_hal_msp.o
 .debug_frame   0x0000000000000754      0x158 ./Core/Src/stm32f1xx_it.o
 .debug_frame   0x00000000000008ac       0x58 ./Core/Src/system_stm32f1xx.o
 .debug_frame   0x0000000000000904      0x334 ./Drivers/STM32F1xx_HAL_Driver/Src/stm32f1xx_hal.o
 .debug_frame   0x0000000000000c38      0x40c ./Drivers/STM32F1xx_HAL_Driver/Src/stm32f1xx_hal_adc.o
 .debug_frame   0x0000000000001044      0x428 ./Drivers/STM32F1xx_HAL_Driver/Src/stm32f1xx_hal_cortex.o
 .debug_frame   0x000000000000146c      0x208 ./Drivers/STM32F1xx_HAL_Driver/Src/stm32f1xx_hal_dma.o
 .debug_frame   0x0000000000001674      0x14c ./Drivers/STM32F1xx_HAL_Driver/Src/stm32f1xx_hal_gpio.o
 .debug_frame   0x00000000000017c0      0x270 ./Drivers/STM32F1xx_HAL_Driver/Src/stm32f1xx_hal_pwr.o
 .debug_frame   0x0000000000001a30      0x218 ./Drivers/STM32F1xx_HAL_Driver/Src/stm32f1xx_hal_rcc.o
 .debug_frame   0x0000000000001c48       0x80 ./Drivers/STM32F1xx_HAL_Driver/Src/stm32f1xx_hal_rcc_ex.o
 .debug_frame   0x0000000000001cc8      0x434 ./Drivers/STM32F1xx_HAL_Driver/Src/stm32f1xx_hal_rtc.o
 .debug_frame   0x00000000000020fc      0x824 ./Drivers/STM32F1xx_HAL_Driver/Src/stm32f1xx_hal_spi.o
 .debug_frame   0x0000000000002920     0x11b8 ./Drivers/STM32F1xx_HAL_Driver/Src/stm32f1xx_hal_tim.o
 .debug_frame   0x0000000000003ad8      0x638 ./Drivers/STM32F1xx_HAL_Driver/Src/stm32f1xx_hal_tim_ex.o
 .debug_frame   0x0000000000004110       0x20 E:/ST_IDE/STide/STM32CubeIDE_1.14.1/STM32CubeIDE/plugins/com.st.stm32cube.ide.mcu.externaltools.gnu-tools-for-stm32.11.3.rel1.win32_1.1.100.202309141235/tools/bin/../lib/gcc/arm-none-eabi/11.3.1/../../../../arm-none-eabi/lib/thumb/v7-m/nofp\libc_nano.a(libc_a-memset.o)
 .debug_frame   0x0000000000004130       0x2c E:/ST_IDE/STide/STM32CubeIDE_1.14.1/STM32CubeIDE/plugins/com.st.stm32cube.ide.mcu.externaltools.gnu-tools-for-stm32.11.3.rel1.win32_1.1.100.202309141235/tools/bin/../lib/gcc/arm-none-eabi/11.3.1/../../../../arm-none-eabi/lib/thumb/v7-m/nofp\libc_nano.a(libc_a-init.o)
 .debug_frame   0x000000000000415c       0x28 E:/ST_IDE/STide/STM32CubeIDE_1.14.1/STM32CubeIDE/plugins/com.st.stm32cube.ide.mcu.externaltools.gnu-tools-for-stm32.11.3.rel1.win32_1.1.100.202309141235/tools/bin/../lib/gcc/arm-none-eabi/11.3.1/../../../../arm-none-eabi/lib/thumb/v7-m/nofp\libc_nano.a(libc_a-memcpy-stub.o)
 .debug_frame   0x0000000000004184       0xac E:/ST_IDE/STide/STM32CubeIDE_1.14.1/STM32CubeIDE/plugins/com.st.stm32cube.ide.mcu.externaltools.gnu-tools-for-stm32.11.3.rel1.win32_1.1.100.202309141235/tools/bin/../lib/gcc/arm-none-eabi/11.3.1/thumb/v7-m/nofp\libgcc.a(_arm_addsubdf3.o)
 .debug_frame   0x0000000000004230       0x50 E:/ST_IDE/STide/STM32CubeIDE_1.14.1/STM32CubeIDE/plugins/com.st.stm32cube.ide.mcu.externaltools.gnu-tools-for-stm32.11.3.rel1.win32_1.1.100.202309141235/tools/bin/../lib/gcc/arm-none-eabi/11.3.1/thumb/v7-m/nofp\libgcc.a(_arm_muldivdf3.o)
 .debug_frame   0x0000000000004280       0x24 E:/ST_IDE/STide/STM32CubeIDE_1.14.1/STM32CubeIDE/plugins/com.st.stm32cube.ide.mcu.externaltools.gnu-tools-for-stm32.11.3.rel1.win32_1.1.100.202309141235/tools/bin/../lib/gcc/arm-none-eabi/11.3.1/thumb/v7-m/nofp\libgcc.a(_arm_fixdfsi.o)
 .debug_frame   0x00000000000042a4       0x4c E:/ST_IDE/STide/STM32CubeIDE_1.14.1/STM32CubeIDE/plugins/com.st.stm32cube.ide.mcu.externaltools.gnu-tools-for-stm32.11.3.rel1.win32_1.1.100.202309141235/tools/bin/../lib/gcc/arm-none-eabi/11.3.1/thumb/v7-m/nofp\libgcc.a(_arm_addsubsf3.o)
 .debug_frame   0x00000000000042f0       0x38 E:/ST_IDE/STide/STM32CubeIDE_1.14.1/STM32CubeIDE/plugins/com.st.stm32cube.ide.mcu.externaltools.gnu-tools-for-stm32.11.3.rel1.win32_1.1.100.202309141235/tools/bin/../lib/gcc/arm-none-eabi/11.3.1/thumb/v7-m/nofp\libgcc.a(_arm_muldivsf3.o)
 .debug_frame   0x0000000000004328       0x24 E:/ST_IDE/STide/STM32CubeIDE_1.14.1/STM32CubeIDE/plugins/com.st.stm32cube.ide.mcu.externaltools.gnu-tools-for-stm32.11.3.rel1.win32_1.1.100.202309141235/tools/bin/../lib/gcc/arm-none-eabi/11.3.1/thumb/v7-m/nofp\libgcc.a(_arm_fixunssfsi.o)

.debug_line_str
                0x0000000000000000       0x51
 .debug_line_str
                0x0000000000000000       0x51 ./Core/Startup/startup_stm32f103c8tx.o
                                         0x69 (size before relaxing)
