../Core/Src/main.c:94:5:main	64	static
../Core/Src/main.c:220:6:SystemClock_Config	88	static
../Core/Src/main.c:269:13:MX_ADC1_Init	24	static
../Core/Src/main.c:316:13:MX_RTC_Init	24	static
../Core/Src/main.c:386:13:MX_SPI1_Init	8	static
../Core/Src/main.c:424:13:MX_TIM1_Init	32	static
../Core/Src/main.c:468:13:MX_DMA_Init	16	static
../Core/Src/main.c:486:13:MX_GPIO_Init	40	static
../Core/Src/main.c:539:6:HAL_RTC_AlarmAEventCallback	16	static
../Core/Src/main.c:560:6:HAL_GPIO_EXTI_Callback	16	static
../Core/Src/main.c:569:6:Data_Sending	24	static
../Core/Src/main.c:600:6:Error_Handler	4	static,ignoring_inline_asm
