../Core/Src/main.c:88:5:main	72	static
../Core/Src/main.c:220:6:SystemClock_Config	88	static
../Core/Src/main.c:269:13:MX_ADC1_Init	24	static
../Core/Src/main.c:316:13:MX_I2C1_Init	8	static
../Core/Src/main.c:350:13:MX_RTC_Init	24	static
../Core/Src/main.c:419:13:MX_SPI1_Init	8	static
../Core/Src/main.c:457:13:MX_TIM1_Init	32	static
../Core/Src/main.c:501:13:MX_DMA_Init	16	static
../Core/Src/main.c:519:13:MX_GPIO_Init	40	static
../Core/Src/main.c:570:6:HAL_RTC_AlarmAEventCallback	32	static
../Core/Src/main.c:589:6:HAL_GPIO_EXTI_Callback	16	static
../Core/Src/main.c:602:6:Error_Handler	4	static,ignoring_inline_asm
