../Core/Src/main.c:96:5:main	64	static
../Core/Src/main.c:230:6:SystemClock_Config	88	static
../Core/Src/main.c:279:13:MX_ADC1_Init	24	static
../Core/Src/main.c:326:13:MX_I2C1_Init	8	static
../Core/Src/main.c:360:13:MX_RTC_Init	24	static
../Core/Src/main.c:429:13:MX_SPI1_Init	8	static
../Core/Src/main.c:467:13:MX_TIM1_Init	32	static
../Core/Src/main.c:511:13:MX_DMA_Init	16	static
../Core/Src/main.c:529:13:MX_GPIO_Init	40	static
../Core/Src/main.c:580:6:HAL_RTC_AlarmAEventCallback	32	static
../Core/Src/main.c:599:6:HAL_GPIO_EXTI_Callback	16	static
../Core/Src/main.c:609:6:Data_Sending	24	static
../Core/Src/main.c:645:6:Error_Handler	4	static,ignoring_inline_asm
