Archive member included to satisfy reference by file (symbol)

E:/ST_IDE/STide/STM32CubeIDE_1.14.1/STM32CubeIDE/plugins/com.st.stm32cube.ide.mcu.externaltools.gnu-tools-for-stm32.11.3.rel1.win32_1.1.100.202309141235/tools/bin/../lib/gcc/arm-none-eabi/11.3.1/../../../../arm-none-eabi/lib/thumb/v7-m/nofp\libc_nano.a(libc_a-exit.o)
                              E:/ST_IDE/STide/STM32CubeIDE_1.14.1/STM32CubeIDE/plugins/com.st.stm32cube.ide.mcu.externaltools.gnu-tools-for-stm32.11.3.rel1.win32_1.1.100.202309141235/tools/bin/../lib/gcc/arm-none-eabi/11.3.1/../../../../arm-none-eabi/lib/thumb/v7-m/nofp/crt0.o (exit)
E:/ST_IDE/STide/STM32CubeIDE_1.14.1/STM32CubeIDE/plugins/com.st.stm32cube.ide.mcu.externaltools.gnu-tools-for-stm32.11.3.rel1.win32_1.1.100.202309141235/tools/bin/../lib/gcc/arm-none-eabi/11.3.1/../../../../arm-none-eabi/lib/thumb/v7-m/nofp\libc_nano.a(libc_a-findfp.o)
                              E:/ST_IDE/STide/STM32CubeIDE_1.14.1/STM32CubeIDE/plugins/com.st.stm32cube.ide.mcu.externaltools.gnu-tools-for-stm32.11.3.rel1.win32_1.1.100.202309141235/tools/bin/../lib/gcc/arm-none-eabi/11.3.1/../../../../arm-none-eabi/lib/thumb/v7-m/nofp\libc_nano.a(libc_a-exit.o) (__stdio_exit_handler)
E:/ST_IDE/STide/STM32CubeIDE_1.14.1/STM32CubeIDE/plugins/com.st.stm32cube.ide.mcu.externaltools.gnu-tools-for-stm32.11.3.rel1.win32_1.1.100.202309141235/tools/bin/../lib/gcc/arm-none-eabi/11.3.1/../../../../arm-none-eabi/lib/thumb/v7-m/nofp\libc_nano.a(libc_a-fwalk.o)
                              E:/ST_IDE/STide/STM32CubeIDE_1.14.1/STM32CubeIDE/plugins/com.st.stm32cube.ide.mcu.externaltools.gnu-tools-for-stm32.11.3.rel1.win32_1.1.100.202309141235/tools/bin/../lib/gcc/arm-none-eabi/11.3.1/../../../../arm-none-eabi/lib/thumb/v7-m/nofp\libc_nano.a(libc_a-findfp.o) (_fwalk_sglue)
E:/ST_IDE/STide/STM32CubeIDE_1.14.1/STM32CubeIDE/plugins/com.st.stm32cube.ide.mcu.externaltools.gnu-tools-for-stm32.11.3.rel1.win32_1.1.100.202309141235/tools/bin/../lib/gcc/arm-none-eabi/11.3.1/../../../../arm-none-eabi/lib/thumb/v7-m/nofp\libc_nano.a(libc_a-stdio.o)
                              E:/ST_IDE/STide/STM32CubeIDE_1.14.1/STM32CubeIDE/plugins/com.st.stm32cube.ide.mcu.externaltools.gnu-tools-for-stm32.11.3.rel1.win32_1.1.100.202309141235/tools/bin/../lib/gcc/arm-none-eabi/11.3.1/../../../../arm-none-eabi/lib/thumb/v7-m/nofp\libc_nano.a(libc_a-findfp.o) (__sread)
E:/ST_IDE/STide/STM32CubeIDE_1.14.1/STM32CubeIDE/plugins/com.st.stm32cube.ide.mcu.externaltools.gnu-tools-for-stm32.11.3.rel1.win32_1.1.100.202309141235/tools/bin/../lib/gcc/arm-none-eabi/11.3.1/../../../../arm-none-eabi/lib/thumb/v7-m/nofp\libc_nano.a(libc_a-memset.o)
                              E:/ST_IDE/STide/STM32CubeIDE_1.14.1/STM32CubeIDE/plugins/com.st.stm32cube.ide.mcu.externaltools.gnu-tools-for-stm32.11.3.rel1.win32_1.1.100.202309141235/tools/bin/../lib/gcc/arm-none-eabi/11.3.1/../../../../arm-none-eabi/lib/thumb/v7-m/nofp/crt0.o (memset)
E:/ST_IDE/STide/STM32CubeIDE_1.14.1/STM32CubeIDE/plugins/com.st.stm32cube.ide.mcu.externaltools.gnu-tools-for-stm32.11.3.rel1.win32_1.1.100.202309141235/tools/bin/../lib/gcc/arm-none-eabi/11.3.1/../../../../arm-none-eabi/lib/thumb/v7-m/nofp\libc_nano.a(libc_a-closer.o)
                              E:/ST_IDE/STide/STM32CubeIDE_1.14.1/STM32CubeIDE/plugins/com.st.stm32cube.ide.mcu.externaltools.gnu-tools-for-stm32.11.3.rel1.win32_1.1.100.202309141235/tools/bin/../lib/gcc/arm-none-eabi/11.3.1/../../../../arm-none-eabi/lib/thumb/v7-m/nofp\libc_nano.a(libc_a-stdio.o) (_close_r)
E:/ST_IDE/STide/STM32CubeIDE_1.14.1/STM32CubeIDE/plugins/com.st.stm32cube.ide.mcu.externaltools.gnu-tools-for-stm32.11.3.rel1.win32_1.1.100.202309141235/tools/bin/../lib/gcc/arm-none-eabi/11.3.1/../../../../arm-none-eabi/lib/thumb/v7-m/nofp\libc_nano.a(libc_a-reent.o)
                              E:/ST_IDE/STide/STM32CubeIDE_1.14.1/STM32CubeIDE/plugins/com.st.stm32cube.ide.mcu.externaltools.gnu-tools-for-stm32.11.3.rel1.win32_1.1.100.202309141235/tools/bin/../lib/gcc/arm-none-eabi/11.3.1/../../../../arm-none-eabi/lib/thumb/v7-m/nofp\libc_nano.a(libc_a-closer.o) (errno)
E:/ST_IDE/STide/STM32CubeIDE_1.14.1/STM32CubeIDE/plugins/com.st.stm32cube.ide.mcu.externaltools.gnu-tools-for-stm32.11.3.rel1.win32_1.1.100.202309141235/tools/bin/../lib/gcc/arm-none-eabi/11.3.1/../../../../arm-none-eabi/lib/thumb/v7-m/nofp\libc_nano.a(libc_a-impure.o)
                              E:/ST_IDE/STide/STM32CubeIDE_1.14.1/STM32CubeIDE/plugins/com.st.stm32cube.ide.mcu.externaltools.gnu-tools-for-stm32.11.3.rel1.win32_1.1.100.202309141235/tools/bin/../lib/gcc/arm-none-eabi/11.3.1/../../../../arm-none-eabi/lib/thumb/v7-m/nofp\libc_nano.a(libc_a-reent.o) (_impure_ptr)
E:/ST_IDE/STide/STM32CubeIDE_1.14.1/STM32CubeIDE/plugins/com.st.stm32cube.ide.mcu.externaltools.gnu-tools-for-stm32.11.3.rel1.win32_1.1.100.202309141235/tools/bin/../lib/gcc/arm-none-eabi/11.3.1/../../../../arm-none-eabi/lib/thumb/v7-m/nofp\libc_nano.a(libc_a-lseekr.o)
[...]
Memory Configuration

Name             Origin             Length             Attributes
RAM              0x0000000020000000 0x0000000000005000 xrw
FLASH            0x0000000008000000 0x0000000000010000 xr
*default*        0x0000000000000000 0xffffffffffffffff

Linker script and memory map

LOAD E:/ST_IDE/STide/STM32CubeIDE_1.14.1/STM32CubeIDE/plugins/com.st.stm32cube.ide.mcu.externaltools.gnu-tools-for-stm32.11.3.rel1.win32_1.1.100.202309141235/tools/bin/../lib/gcc/arm-none-eabi/11.3.1/thumb/v7-m/nofp/crti.o
LOAD E:/ST_IDE/STide/STM32CubeIDE_1.14.1/STM32CubeIDE/plugins/com.st.stm32cube.ide.mcu.externaltools.gnu-tools-for-stm32.11.3.rel1.win32_1.1.100.202309141235/tools/bin/../lib/gcc/arm-none-eabi/11.3.1/thumb/v7-m/nofp/crtbegin.o
LOAD E:/ST_IDE/STide/STM32CubeIDE_1.14.1/STM32CubeIDE/plugins/com.st.stm32cube.ide.mcu.externaltools.gnu-tools-for-stm32.11.3.rel1.win32_1.1.100.202309141235/tools/bin/../lib/gcc/arm-none-eabi/11.3.1/../../../../arm-none-eabi/lib/thumb/v7-m/nofp/crt0.o
LOAD ./Core/Src/Lora.o
LOAD ./Core/Src/main.o
LOAD ./Core/Src/stm32f1xx_hal_msp.o
LOAD ./Core/Src/stm32f1xx_it.o
LOAD ./Core/Src/syscalls.o
LOAD ./Core/Src/sysmem.o
LOAD ./Core/Src/system_stm32f1xx.o
LOAD ./Core/Startup/startup_stm32f103c8tx.o
LOAD ./Drivers/STM32F1xx_HAL_Driver/Src/stm32f1xx_hal.o
LOAD ./Drivers/STM32F1xx_HAL_Driver/Src/stm32f1xx_hal_cortex.o
LOAD ./Drivers/STM32F1xx_HAL_Driver/Src/stm32f1xx_hal_dma.o
LOAD ./Drivers/STM32F1xx_HAL_Driver/Src/stm32f1xx_hal_exti.o
LOAD ./Drivers/STM32F1xx_HAL_Driver/Src/stm32f1xx_hal_flash.o
LOAD ./Drivers/STM32F1xx_HAL_Driver/Src/stm32f1xx_hal_flash_ex.o
LOAD ./Drivers/STM32F1xx_HAL_Driver/Src/stm32f1xx_hal_gpio.o
LOAD ./Drivers/STM32F1xx_HAL_Driver/Src/stm32f1xx_hal_gpio_ex.o
LOAD ./Drivers/STM32F1xx_HAL_Driver/Src/stm32f1xx_hal_i2c.o
LOAD ./Drivers/STM32F1xx_HAL_Driver/Src/stm32f1xx_hal_pwr.o
LOAD ./Drivers/STM32F1xx_HAL_Driver/Src/stm32f1xx_hal_rcc.o
LOAD ./Drivers/STM32F1xx_HAL_Driver/Src/stm32f1xx_hal_rcc_ex.o
LOAD ./Drivers/STM32F1xx_HAL_Driver/Src/stm32f1xx_hal_rtc.o
LOAD ./Drivers/STM32F1xx_HAL_Driver/Src/stm32f1xx_hal_rtc_ex.o
LOAD ./Drivers/STM32F1xx_HAL_Driver/Src/stm32f1xx_hal_spi.o
LOAD ./Drivers/STM32F1xx_HAL_Driver/Src/stm32f1xx_hal_tim.o
LOAD ./Drivers/STM32F1xx_HAL_Driver/Src/stm32f1xx_hal_tim_ex.o
START GROUP
LOAD E:/ST_IDE/STide/STM32CubeIDE_1.14.1/STM32CubeIDE/plugins/com.st.stm32cube.ide.mcu.externaltools.gnu-tools-for-stm32.11.3.rel1.win32_1.1.100.202309141235/tools/bin/../lib/gcc/arm-none-eabi/11.3.1/../../../../arm-none-eabi/lib/thumb/v7-m/nofp\libc_nano.a
LOAD E:/ST_IDE/STide/STM32CubeIDE_1.14.1/STM32CubeIDE/plugins/com.st.stm32cube.ide.mcu.externaltools.gnu-tools-for-stm32.11.3.rel1.win32_1.1.100.202309141235/tools/bin/../lib/gcc/arm-none-eabi/11.3.1/../../../../arm-none-eabi/lib/thumb/v7-m/nofp\libm.a
END GROUP
START GROUP
LOAD E:/ST_IDE/STide/STM32CubeIDE_1.14.1/STM32CubeIDE/plugins/com.st.stm32cube.ide.mcu.externaltools.gnu-tools-for-stm32.11.3.rel1.win32_1.1.100.202309141235/tools/bin/../lib/gcc/arm-none-eabi/11.3.1/thumb/v7-m/nofp\libgcc.a
LOAD E:/ST_IDE/STide/STM32CubeIDE_1.14.1/STM32CubeIDE/plugins/com.st.stm32cube.ide.mcu.externaltools.gnu-tools-for-stm32.11.3.rel1.win32_1.1.100.202309141235/tools/bin/../lib/gcc/arm-none-eabi/11.3.1/../../../../arm-none-eabi/lib/thumb/v7-m/nofp\libc_nano.a
END GROUP
START GROUP
LOAD E:/ST_IDE/STide/STM32CubeIDE_1.14.1/STM32CubeIDE/plugins/com.st.stm32cube.ide.mcu.externaltools.gnu-tools-for-stm32.11.3.rel1.win32_1.1.100.202309141235/tools/bin/../lib/gcc/arm-none-eabi/11.3.1/thumb/v7-m/nofp\libgcc.a
LOAD E:/ST_IDE/STide/STM32CubeIDE_1.14.1/STM32CubeIDE/plugins/com.st.stm32cube.ide.mcu.externaltools.gnu-tools-for-stm32.11.3.rel1.win32_1.1.100.202309141235/tools/bin/../lib/gcc/arm-none-eabi/11.3.1/../../../../arm-none-eabi/lib/thumb/v7-m/nofp\libc_nano.a
LOAD E:/ST_IDE/STide/STM32CubeIDE_1.14.1/STM32CubeIDE/plugins/com.st.stm32cube.ide.mcu.externaltools.gnu-tools-for-stm32.11.3.rel1.win32_1.1.100.202309141235/tools/bin/../lib/gcc/arm-none-eabi/11.3.1/../../../../arm-none-eabi/lib/thumb/v7-m/nofp\libnosys.a
END GROUP
START GROUP
LOAD E:/ST_IDE/STide/STM32CubeIDE_1.14.1/STM32CubeIDE/plugins/com.st.stm32cube.ide.mcu.externaltools.gnu-tools-for-stm32.11.3.rel1.win32_1.1.100.202309141235/tools/bin/../lib/gcc/arm-none-eabi/11.3.1/thumb/v7-m/nofp\libgcc.a
LOAD E:/ST_IDE/STide/STM32CubeIDE_1.14.1/STM32CubeIDE/plugins/com.st.stm32cube.ide.mcu.externaltools.gnu-tools-for-stm32.11.3.rel1.win32_1.1.100.202309141235/tools/bin/../lib/gcc/arm-none-eabi/11.3.1/../../../../arm-none-eabi/lib/thumb/v7-m/nofp\libc_nano.a
LOAD E:/ST_IDE/STide/STM32CubeIDE_1.14.1/STM32CubeIDE/plugins/com.st.stm32cube.ide.mcu.externaltools.gnu-tools-for-stm32.11.3.rel1.win32_1.1.100.202309141235/tools/bin/../lib/gcc/arm-none-eabi/11.3.1/../../../../arm-none-eabi/lib/thumb/v7-m/nofp\libnosys.a
END GROUP
LOAD E:/ST_IDE/STide/STM32CubeIDE_1.14.1/STM32CubeIDE/plugins/com.st.stm32cube.ide.mcu.externaltools.gnu-tools-for-stm32.11.3.rel1.win32_1.1.100.202309141235/tools/bin/../lib/gcc/arm-none-eabi/11.3.1/thumb/v7-m/nofp/crtend.o
LOAD E:/ST_IDE/STide/STM32CubeIDE_1.14.1/STM32CubeIDE/plugins/com.st.stm32cube.ide.mcu.externaltools.gnu-tools-for-stm32.11.3.rel1.win32_1.1.100.202309141235/tools/bin/../lib/gcc/arm-none-eabi/11.3.1/thumb/v7-m/nofp/crtn.o
                0x0000000020005000                _estack = (ORIGIN (RAM) + LENGTH (RAM))
                0x0000000000000200                _Min_Heap_Size = 0x200
                0x0000000000000400                _Min_Stack_Size = 0x400

.isr_vector     0x0000000008000000      0x10c
                0x0000000008000000                . = ALIGN (0x4)
 *(.isr_vector)
 .isr_vector    0x0000000008000000      0x10c ./Core/Startup/startup_stm32f103c8tx.o
                0x0000000008000000                g_pfnVectors
                0x000000000800010c                . = ALIGN (0x4)

.text           0x0000000008000110     0x50f4
                0x0000000008000110                . = ALIGN (0x4)
 *(.text)
 .text          0x0000000008000110       0x40 E:/ST_IDE/STide/STM32CubeIDE_1.14.1/STM32CubeIDE/plugins/com.st.stm32cube.ide.mcu.externaltools.gnu-tools-for-stm32.11.3.rel1.win32_1.1.100.202309141235/tools/bin/../lib/gcc/arm-none-eabi/11.3.1/thumb/v7-m/nofp/crtbegin.o
 .text          0x0000000008000150      0x168 E:/ST_IDE/STide/STM32CubeIDE_1.14.1/STM32CubeIDE/plugins/com.st.stm32cube.ide.mcu.externaltools.gnu-tools-for-stm32.11.3.rel1.win32_1.1.100.202309141235/tools/bin/../lib/gcc/arm-none-eabi/11.3.1/thumb/v7-m/nofp\libgcc.a(_arm_mulsf3.o)
                0x0000000008000150                __aeabi_fmul
                0x0000000008000150                __mulsf3
 .text          0x00000000080002b8      0x378 E:/ST_IDE/STide/STM32CubeIDE_1.14.1/STM32CubeIDE/plugins/com.st.stm32cube.ide.mcu.externaltools.gnu-tools-for-stm32.11.3.rel1.win32_1.1.100.202309141235/tools/bin/../lib/gcc/arm-none-eabi/11.3.1/thumb/v7-m/nofp\libgcc.a(_arm_addsubdf3.o)
                0x00000000080002b8                __aeabi_drsub
                0x00000000080002c0                __aeabi_dsub
                0x00000000080002c0                __subdf3
                0x00000000080002c4                __aeabi_dadd
                0x00000000080002c4                __adddf3
                0x000000000800053c                __floatunsidf
                0x000000000800053c                __aeabi_ui2d
                0x000000000800055c                __floatsidf
                0x000000000800055c                __aeabi_i2d
                0x0000000008000580                __aeabi_f2d
                0x0000000008000580                __extendsfdf2
                0x00000000080005c4                __floatundidf
                0x00000000080005c4                __aeabi_ul2d
                0x00000000080005d4                __floatdidf
                0x00000000080005d4                __aeabi_l2d
 .text          0x0000000008000630      0x424 E:/ST_IDE/STide/STM32CubeIDE_1.14.1/STM32CubeIDE/plugins/com.st.stm32cube.ide.mcu.externaltools.gnu-tools-for-stm32.11.3.rel1.win32_1.1.100.202309141235/tools/bin/../lib/gcc/arm-none-eabi/11.3.1/thumb/v7-m/nofp\libgcc.a(_arm_muldivdf3.o)
                0x0000000008000630                __aeabi_dmul
                0x0000000008000630                __muldf3
                0x0000000008000884                __divdf3
                0x0000000008000884                __aeabi_ddiv
 .text          0x0000000008000a54       0x50 E:/ST_IDE/STide/STM32CubeIDE_1.14.1/STM32CubeIDE/plugins/com.st.stm32cube.ide.mcu.externaltools.gnu-tools-for-stm32.11.3.rel1.win32_1.1.100.202309141235/tools/bin/../lib/gcc/arm-none-eabi/11.3.1/thumb/v7-m/nofp\libgcc.a(_arm_fixdfsi.o)
                0x0000000008000a54                __aeabi_d2iz
                0x0000000008000a54                __fixdfsi
 .text          0x0000000008000aa4       0x40 E:/ST_IDE/STide/STM32CubeIDE_1.14.1/STM32CubeIDE/plugins/com.st.stm32cube.ide.mcu.externaltools.gnu-tools-for-stm32.11.3.rel1.win32_1.1.100.202309141235/tools/bin/../lib/gcc/arm-none-eabi/11.3.1/thumb/v7-m/nofp\libgcc.a(_arm_fixunsdfsi.o)
                0x0000000008000aa4                __aeabi_d2uiz
                0x0000000008000aa4                __fixunsdfsi
 .text          0x0000000008000ae4       0xa0 E:/ST_IDE/STide/STM32CubeIDE_1.14.1/STM32CubeIDE/plugins/com.st.stm32cube.ide.mcu.externaltools.gnu-tools-for-stm32.11.3.rel1.win32_1.1.100.202309141235/tools/bin/../lib/gcc/arm-none-eabi/11.3.1/thumb/v7-m/nofp\libgcc.a(_arm_truncdfsf2.o)
                0x0000000008000ae4                __truncdfsf2
                0x0000000008000ae4                __aeabi_d2f
 .text          0x0000000008000b84      0x21c E:/ST_IDE/STide/STM32CubeIDE_1.14.1/STM32CubeIDE/plugins/com.st.stm32cube.ide.mcu.externaltools.gnu-tools-for-stm32.11.3.rel1.win32_1.1.100.202309141235/tools/bin/../lib/gcc/arm-none-eabi/11.3.1/thumb/v7-m/nofp\libgcc.a(_arm_addsubsf3.o)
                0x0000000008000b84                __aeabi_frsub
                0x0000000008000b8c                __subsf3
                0x0000000008000b8c                __aeabi_fsub
                0x0000000008000b90                __aeabi_fadd
                0x0000000008000b90                __addsf3
                0x0000000008000cf0                __aeabi_ui2f
                0x0000000008000cf0                __floatunsisf
                0x0000000008000cf8                __aeabi_i2f
                0x0000000008000cf8                __floatsisf
                0x0000000008000d14                __aeabi_ul2f
                0x0000000008000d14                __floatundisf
                0x0000000008000d24                __aeabi_l2f
                0x0000000008000d24                __floatdisf
 *(.text*)
 .text.newLoRa  0x0000000008000da0       0x52 ./Core/Src/Lora.o
                0x0000000008000da0                newLoRa
 .text.LoRa_gotoMode
                0x0000000008000df2       0xc2 ./Core/Src/Lora.o
                0x0000000008000df2                LoRa_gotoMode
 .text.LoRa_readReg
                0x0000000008000eb4       0x7c ./Core/Src/Lora.o
                0x0000000008000eb4                LoRa_readReg
 .text.LoRa_writeReg
                0x0000000008000f30       0x7c ./Core/Src/Lora.o
                0x0000000008000f30                LoRa_writeReg
 .text.LoRa_setLowDaraRateOptimization
                0x0000000008000fac       0x4a ./Core/Src/Lora.o
                0x0000000008000fac                LoRa_setLowDaraRateOptimization
 *fill*         0x0000000008000ff6        0x2 
 .text.LoRa_setAutoLDO
                0x0000000008000ff8       0x6c ./Core/Src/Lora.o
                0x0000000008000ff8                LoRa_setAutoLDO
 .text.LoRa_setFrequency
                0x0000000008001064       0x60 ./Core/Src/Lora.o
                0x0000000008001064                LoRa_setFrequency
 .text.LoRa_setSpreadingFactor
                0x00000000080010c4       0x64 ./Core/Src/Lora.o
                0x00000000080010c4                LoRa_setSpreadingFactor
 .text.LoRa_setPower
                0x0000000008001128       0x26 ./Core/Src/Lora.o
                0x0000000008001128                LoRa_setPower
 *fill*         0x000000000800114e        0x2 
 .text.LoRa_setOCP
                0x0000000008001150       0x7c ./Core/Src/Lora.o
                0x0000000008001150                LoRa_setOCP
 .text.LoRa_setTOMsb_setCRCon
                0x00000000080011cc       0x36 ./Core/Src/Lora.o
                0x00000000080011cc                LoRa_setTOMsb_setCRCon
 .text.LoRa_read
                0x0000000008001202       0x34 ./Core/Src/Lora.o
                0x0000000008001202                LoRa_read
 .text.LoRa_write
                0x0000000008001236       0x3a ./Core/Src/Lora.o
                0x0000000008001236                LoRa_write
 .text.LoRa_BurstWrite
                0x0000000008001270       0x8e ./Core/Src/Lora.o
                0x0000000008001270                LoRa_BurstWrite
 .text.LoRa_isvalid
                0x00000000080012fe       0x14 ./Core/Src/Lora.o
                0x00000000080012fe                LoRa_isvalid
 .text.LoRa_transmit
                0x0000000008001312       0xb0 ./Core/Src/Lora.o
                0x0000000008001312                LoRa_transmit
 .text.LoRa_startReceiving
                0x00000000080013c2       0x18 ./Core/Src/Lora.o
                0x00000000080013c2                LoRa_startReceiving
 .text.LoRa_receive
                0x00000000080013da       0xc0 ./Core/Src/Lora.o
                0x00000000080013da                LoRa_receive
 .text.LoRa_init
                0x000000000800149a      0x14e ./Core/Src/Lora.o
                0x000000000800149a                LoRa_init
 .text.main     0x00000000080015e8      0x15c ./Core/Src/main.o
                0x00000000080015e8                main
 .text.SystemClock_Config
                0x0000000008001744       0xba ./Core/Src/main.o
                0x0000000008001744                SystemClock_Config
 *fill*         0x00000000080017fe        0x2 
 .text.MX_I2C1_Init
                0x0000000008001800       0x5c ./Core/Src/main.o
 .text.MX_RTC_Init
                0x000000000800185c       0xc8 ./Core/Src/main.o
 .text.MX_SPI1_Init
                0x0000000008001924       0x6c ./Core/Src/main.o
 .text.MX_GPIO_Init
                0x0000000008001990      0x120 ./Core/Src/main.o
 .text.HAL_GPIO_EXTI_Callback
                0x0000000008001ab0       0x38 ./Core/Src/main.o
                0x0000000008001ab0                HAL_GPIO_EXTI_Callback
 .text.Relay_Change_State
                0x0000000008001ae8       0xa4 ./Core/Src/main.o
 .text.Set_Control_Mode_From_Command
                0x0000000008001b8c       0x34 ./Core/Src/main.o
                0x0000000008001b8c                Set_Control_Mode_From_Command
 .text.Send_Relay_Mode_Status
                0x0000000008001bc0       0x90 ./Core/Src/main.o
                0x0000000008001bc0                Send_Relay_Mode_Status
 .text.HAL_RTC_AlarmAEventCallback
                0x0000000008001c50       0xd8 ./Core/Src/main.o
                0x0000000008001c50                HAL_RTC_AlarmAEventCallback
 .text.Fuzzilization_Data
                0x0000000008001d28       0xc4 ./Core/Src/main.o
 .text.Fuzzy_Check_Relay_Status
                0x0000000008001dec       0x4c ./Core/Src/main.o
                0x0000000008001dec                Fuzzy_Check_Relay_Status
 .text.Light_Control
                0x0000000008001e38       0x38 ./Core/Src/main.o
                0x0000000008001e38                Light_Control
 .text.Fuzzy_Fan_Control
                0x0000000008001e70      0x10c ./Core/Src/main.o
                0x0000000008001e70                Fuzzy_Fan_Control
 *fill*         0x0000000008001f7c        0x4 
 .text.Fuzzy_Pump_Control
                0x0000000008001f80      0x108 ./Core/Src/main.o
                0x0000000008001f80                Fuzzy_Pump_Control
 .text.Critical_High_Hum
                0x0000000008002088       0x74 ./Core/Src/main.o
                0x0000000008002088                Critical_High_Hum
 .text.Critical_Low_Hum
                0x00000000080020fc       0x78 ./Core/Src/main.o
                0x00000000080020fc                Critical_Low_Hum
 .text.Critical_High_Temp
                0x0000000008002174       0x74 ./Core/Src/main.o
                0x0000000008002174                Critical_High_Temp
 .text.Critical_Low_Moisture
                0x00000000080021e8       0x4c ./Core/Src/main.o
                0x00000000080021e8                Critical_Low_Moisture
 .text.Critical_High_TempSoil
                0x0000000008002234       0x48 ./Core/Src/main.o
                0x0000000008002234                Critical_High_TempSoil
 .text.Critical_High_MQ135
                0x000000000800227c       0x4c ./Core/Src/main.o
                0x000000000800227c                Critical_High_MQ135
 .text.Error_Handler
                0x00000000080022c8        0xa ./Core/Src/main.o
                0x00000000080022c8                Error_Handler
 *fill*         0x00000000080022d2        0x2 
 .text.HAL_MspInit
                0x00000000080022d4       0x64 ./Core/Src/stm32f1xx_hal_msp.o
                0x00000000080022d4                HAL_MspInit
 .text.HAL_I2C_MspInit
                0x0000000008002338       0x7c ./Core/Src/stm32f1xx_hal_msp.o
                0x0000000008002338                HAL_I2C_MspInit
 .text.HAL_RTC_MspInit
                0x00000000080023b4       0x58 ./Core/Src/stm32f1xx_hal_msp.o
                0x00000000080023b4                HAL_RTC_MspInit
 .text.HAL_SPI_MspInit
                0x000000000800240c       0x94 ./Core/Src/stm32f1xx_hal_msp.o
                0x000000000800240c                HAL_SPI_MspInit
 .text.NMI_Handler
                0x00000000080024a0        0x6 ./Core/Src/stm32f1xx_it.o
                0x00000000080024a0                NMI_Handler
 .text.HardFault_Handler
                0x00000000080024a6        0x6 ./Core/Src/stm32f1xx_it.o
                0x00000000080024a6                HardFault_Handler
 .text.MemManage_Handler
                0x00000000080024ac        0x6 ./Core/Src/stm32f1xx_it.o
                0x00000000080024ac                MemManage_Handler
 .text.BusFault_Handler
                0x00000000080024b2        0x6 ./Core/Src/stm32f1xx_it.o
                0x00000000080024b2                BusFault_Handler
 .text.UsageFault_Handler
                0x00000000080024b8        0x6 ./Core/Src/stm32f1xx_it.o
                0x00000000080024b8                UsageFault_Handler
 .text.SVC_Handler
                0x00000000080024be        0xc ./Core/Src/stm32f1xx_it.o
                0x00000000080024be                SVC_Handler
 .text.DebugMon_Handler
                0x00000000080024ca        0xc ./Core/Src/stm32f1xx_it.o
                0x00000000080024ca                DebugMon_Handler
 .text.PendSV_Handler
                0x00000000080024d6        0xc ./Core/Src/stm32f1xx_it.o
                0x00000000080024d6                PendSV_Handler
 .text.SysTick_Handler
                0x00000000080024e2        0xc ./Core/Src/stm32f1xx_it.o
                0x00000000080024e2                SysTick_Handler
 .text.EXTI15_10_IRQHandler
                0x00000000080024ee       0x10 ./Core/Src/stm32f1xx_it.o
                0x00000000080024ee                EXTI15_10_IRQHandler
 *fill*         0x00000000080024fe        0x2 
 .text.RTC_Alarm_IRQHandler
                0x0000000008002500       0x14 ./Core/Src/stm32f1xx_it.o
                0x0000000008002500                RTC_Alarm_IRQHandler
 .text.SystemInit
                0x0000000008002514        0xc ./Core/Src/system_stm32f1xx.o
                0x0000000008002514                SystemInit
 .text.Reset_Handler
                0x0000000008002520       0x48 ./Core/Startup/startup_stm32f103c8tx.o
                0x0000000008002520                Reset_Handler
 .text.Default_Handler
                0x0000000008002568        0x2 ./Core/Startup/startup_stm32f103c8tx.o
                0x0000000008002568                EXTI2_IRQHandler
                0x0000000008002568                TIM1_CC_IRQHandler
                0x0000000008002568                PVD_IRQHandler
                0x0000000008002568                EXTI3_IRQHandler
                0x0000000008002568                EXTI0_IRQHandler
                0x0000000008002568                I2C2_EV_IRQHandler
                0x0000000008002568                ADC1_2_IRQHandler
                0x0000000008002568                SPI1_IRQHandler
                0x0000000008002568                TAMPER_IRQHandler
                0x0000000008002568                DMA1_Channel4_IRQHandler
                0x0000000008002568                USART3_IRQHandler
                0x0000000008002568                RTC_IRQHandler
                0x0000000008002568                DMA1_Channel7_IRQHandler
                0x0000000008002568                CAN1_RX1_IRQHandler
                0x0000000008002568                TIM4_IRQHandler
                0x0000000008002568                I2C1_EV_IRQHandler
                0x0000000008002568                DMA1_Channel6_IRQHandler
                0x0000000008002568                TIM3_IRQHandler
                0x0000000008002568                RCC_IRQHandler
                0x0000000008002568                TIM1_TRG_COM_IRQHandler
                0x0000000008002568                DMA1_Channel1_IRQHandler
                0x0000000008002568                Default_Handler
                0x0000000008002568                EXTI9_5_IRQHandler
                0x0000000008002568                SPI2_IRQHandler
                0x0000000008002568                DMA1_Channel5_IRQHandler
                0x0000000008002568                EXTI4_IRQHandler
                0x0000000008002568                USB_LP_CAN1_RX0_IRQHandler
                0x0000000008002568                USB_HP_CAN1_TX_IRQHandler
                0x0000000008002568                DMA1_Channel3_IRQHandler
                0x0000000008002568                TIM1_UP_IRQHandler
                0x0000000008002568                WWDG_IRQHandler
                0x0000000008002568                TIM2_IRQHandler
                0x0000000008002568                TIM1_BRK_IRQHandler
                0x0000000008002568                EXTI1_IRQHandler
                0x0000000008002568                USART2_IRQHandler
                0x0000000008002568                I2C2_ER_IRQHandler
                0x0000000008002568                DMA1_Channel2_IRQHandler
                0x0000000008002568                CAN1_SCE_IRQHandler
                0x0000000008002568                FLASH_IRQHandler
                0x0000000008002568                USART1_IRQHandler
                0x0000000008002568                I2C1_ER_IRQHandler
                0x0000000008002568                USBWakeUp_IRQHandler
 *fill*         0x000000000800256a        0x2 
 .text.HAL_Init
                0x000000000800256c       0x2c ./Drivers/STM32F1xx_HAL_Driver/Src/stm32f1xx_hal.o
                0x000000000800256c                HAL_Init
 .text.HAL_InitTick
                0x0000000008002598       0x60 ./Drivers/STM32F1xx_HAL_Driver/Src/stm32f1xx_hal.o
                0x0000000008002598                HAL_InitTick
 .text.HAL_IncTick
                0x00000000080025f8       0x24 ./Drivers/STM32F1xx_HAL_Driver/Src/stm32f1xx_hal.o
                0x00000000080025f8                HAL_IncTick
 .text.HAL_GetTick
                0x000000000800261c       0x14 ./Drivers/STM32F1xx_HAL_Driver/Src/stm32f1xx_hal.o
                0x000000000800261c                HAL_GetTick
 .text.HAL_Delay
                0x0000000008002630       0x48 ./Drivers/STM32F1xx_HAL_Driver/Src/stm32f1xx_hal.o
                0x0000000008002630                HAL_Delay
 .text.__NVIC_SetPriorityGrouping
                0x0000000008002678       0x48 ./Drivers/STM32F1xx_HAL_Driver/Src/stm32f1xx_hal_cortex.o
 .text.__NVIC_GetPriorityGrouping
                0x00000000080026c0       0x1c ./Drivers/STM32F1xx_HAL_Driver/Src/stm32f1xx_hal_cortex.o
 .text.__NVIC_EnableIRQ
                0x00000000080026dc       0x38 ./Drivers/STM32F1xx_HAL_Driver/Src/stm32f1xx_hal_cortex.o
 .text.__NVIC_SetPriority
                0x0000000008002714       0x54 ./Drivers/STM32F1xx_HAL_Driver/Src/stm32f1xx_hal_cortex.o
 .text.NVIC_EncodePriority
                0x0000000008002768       0x64 ./Drivers/STM32F1xx_HAL_Driver/Src/stm32f1xx_hal_cortex.o
 .text.SysTick_Config
                0x00000000080027cc       0x44 ./Drivers/STM32F1xx_HAL_Driver/Src/stm32f1xx_hal_cortex.o
 .text.HAL_NVIC_SetPriorityGrouping
                0x0000000008002810       0x16 ./Drivers/STM32F1xx_HAL_Driver/Src/stm32f1xx_hal_cortex.o
                0x0000000008002810                HAL_NVIC_SetPriorityGrouping
 .text.HAL_NVIC_SetPriority
                0x0000000008002826       0x38 ./Drivers/STM32F1xx_HAL_Driver/Src/stm32f1xx_hal_cortex.o
                0x0000000008002826                HAL_NVIC_SetPriority
 .text.HAL_NVIC_EnableIRQ
                0x000000000800285e       0x1c ./Drivers/STM32F1xx_HAL_Driver/Src/stm32f1xx_hal_cortex.o
                0x000000000800285e                HAL_NVIC_EnableIRQ
 .text.HAL_SYSTICK_Config
                0x000000000800287a       0x18 ./Drivers/STM32F1xx_HAL_Driver/Src/stm32f1xx_hal_cortex.o
                0x000000000800287a                HAL_SYSTICK_Config
 *fill*         0x0000000008002892        0x2 
 .text.HAL_GPIO_Init
                0x0000000008002894      0x308 ./Drivers/STM32F1xx_HAL_Driver/Src/stm32f1xx_hal_gpio.o
                0x0000000008002894                HAL_GPIO_Init
 .text.HAL_GPIO_ReadPin
                0x0000000008002b9c       0x2e ./Drivers/STM32F1xx_HAL_Driver/Src/stm32f1xx_hal_gpio.o
                0x0000000008002b9c                HAL_GPIO_ReadPin
 .text.HAL_GPIO_WritePin
                0x0000000008002bca       0x30 ./Drivers/STM32F1xx_HAL_Driver/Src/stm32f1xx_hal_gpio.o
                0x0000000008002bca                HAL_GPIO_WritePin
 *fill*         0x0000000008002bfa        0x2 
 .text.HAL_GPIO_EXTI_IRQHandler
                0x0000000008002bfc       0x30 ./Drivers/STM32F1xx_HAL_Driver/Src/stm32f1xx_hal_gpio.o
                0x0000000008002bfc                HAL_GPIO_EXTI_IRQHandler
 .text.HAL_I2C_Init
                0x0000000008002c2c      0x288 ./Drivers/STM32F1xx_HAL_Driver/Src/stm32f1xx_hal_i2c.o
                0x0000000008002c2c                HAL_I2C_Init
 .text.HAL_PWR_EnableBkUpAccess
                0x0000000008002eb4       0x18 ./Drivers/STM32F1xx_HAL_Driver/Src/stm32f1xx_hal_pwr.o
                0x0000000008002eb4                HAL_PWR_EnableBkUpAccess
 .text.HAL_RCC_OscConfig
                0x0000000008002ecc      0x504 ./Drivers/STM32F1xx_HAL_Driver/Src/stm32f1xx_hal_rcc.o
                0x0000000008002ecc                HAL_RCC_OscConfig
 .text.HAL_RCC_ClockConfig
                0x00000000080033d0      0x1d4 ./Drivers/STM32F1xx_HAL_Driver/Src/stm32f1xx_hal_rcc.o
                0x00000000080033d0                HAL_RCC_ClockConfig
 .text.HAL_RCC_GetSysClockFreq
                0x00000000080035a4       0xa8 ./Drivers/STM32F1xx_HAL_Driver/Src/stm32f1xx_hal_rcc.o
                0x00000000080035a4                HAL_RCC_GetSysClockFreq
 .text.HAL_RCC_GetHCLKFreq
                0x000000000800364c       0x14 ./Drivers/STM32F1xx_HAL_Driver/Src/stm32f1xx_hal_rcc.o
                0x000000000800364c                HAL_RCC_GetHCLKFreq
 .text.HAL_RCC_GetPCLK1Freq
                0x0000000008003660       0x28 ./Drivers/STM32F1xx_HAL_Driver/Src/stm32f1xx_hal_rcc.o
                0x0000000008003660                HAL_RCC_GetPCLK1Freq
 .text.HAL_RCC_GetPCLK2Freq
                0x0000000008003688       0x28 ./Drivers/STM32F1xx_HAL_Driver/Src/stm32f1xx_hal_rcc.o
                0x0000000008003688                HAL_RCC_GetPCLK2Freq
 .text.RCC_Delay
                0x00000000080036b0       0x3c ./Drivers/STM32F1xx_HAL_Driver/Src/stm32f1xx_hal_rcc.o
 .text.HAL_RCCEx_PeriphCLKConfig
                0x00000000080036ec      0x16c ./Drivers/STM32F1xx_HAL_Driver/Src/stm32f1xx_hal_rcc_ex.o
                0x00000000080036ec                HAL_RCCEx_PeriphCLKConfig
 .text.HAL_RCCEx_GetPeriphCLKFreq
                0x0000000008003858      0x16c ./Drivers/STM32F1xx_HAL_Driver/Src/stm32f1xx_hal_rcc_ex.o
                0x0000000008003858                HAL_RCCEx_GetPeriphCLKFreq
 .text.HAL_RTC_Init
                0x00000000080039c4      0x118 ./Drivers/STM32F1xx_HAL_Driver/Src/stm32f1xx_hal_rtc.o
                0x00000000080039c4                HAL_RTC_Init
 .text.HAL_RTC_SetTime
                0x0000000008003adc      0x12e ./Drivers/STM32F1xx_HAL_Driver/Src/stm32f1xx_hal_rtc.o
                0x0000000008003adc                HAL_RTC_SetTime
 *fill*         0x0000000008003c0a        0x2 
 .text.HAL_RTC_GetTime
                0x0000000008003c0c      0x1b0 ./Drivers/STM32F1xx_HAL_Driver/Src/stm32f1xx_hal_rtc.o
                0x0000000008003c0c                HAL_RTC_GetTime
 .text.HAL_RTC_SetDate
                0x0000000008003dbc      0x16c ./Drivers/STM32F1xx_HAL_Driver/Src/stm32f1xx_hal_rtc.o
                0x0000000008003dbc                HAL_RTC_SetDate
 .text.HAL_RTC_SetAlarm_IT
                0x0000000008003f28      0x170 ./Drivers/STM32F1xx_HAL_Driver/Src/stm32f1xx_hal_rtc.o
                0x0000000008003f28                HAL_RTC_SetAlarm_IT
 .text.HAL_RTC_AlarmIRQHandler
                0x0000000008004098       0x54 ./Drivers/STM32F1xx_HAL_Driver/Src/stm32f1xx_hal_rtc.o
                0x0000000008004098                HAL_RTC_AlarmIRQHandler
 .text.HAL_RTC_WaitForSynchro
                0x00000000080040ec       0x5a ./Drivers/STM32F1xx_HAL_Driver/Src/stm32f1xx_hal_rtc.o
                0x00000000080040ec                HAL_RTC_WaitForSynchro
 .text.RTC_ReadTimeCounter
                0x0000000008004146       0x60 ./Drivers/STM32F1xx_HAL_Driver/Src/stm32f1xx_hal_rtc.o
 .text.RTC_WriteTimeCounter
                0x00000000080041a6       0x4e ./Drivers/STM32F1xx_HAL_Driver/Src/stm32f1xx_hal_rtc.o
 .text.RTC_ReadAlarmCounter
                0x00000000080041f4       0x32 ./Drivers/STM32F1xx_HAL_Driver/Src/stm32f1xx_hal_rtc.o
 .text.RTC_WriteAlarmCounter
                0x0000000008004226       0x4e ./Drivers/STM32F1xx_HAL_Driver/Src/stm32f1xx_hal_rtc.o
 .text.RTC_EnterInitMode
                0x0000000008004274       0x50 ./Drivers/STM32F1xx_HAL_Driver/Src/stm32f1xx_hal_rtc.o
 .text.RTC_ExitInitMode
                0x00000000080042c4       0x50 ./Drivers/STM32F1xx_HAL_Driver/Src/stm32f1xx_hal_rtc.o
 .text.RTC_ByteToBcd2
                0x0000000008004314       0x3a ./Drivers/STM32F1xx_HAL_Driver/Src/stm32f1xx_hal_rtc.o
 .text.RTC_Bcd2ToByte
                0x000000000800434e       0x3a ./Drivers/STM32F1xx_HAL_Driver/Src/stm32f1xx_hal_rtc.o
 .text.RTC_DateUpdate
                0x0000000008004388      0x152 ./Drivers/STM32F1xx_HAL_Driver/Src/stm32f1xx_hal_rtc.o
 *fill*         0x00000000080044da        0x2 
 .text.RTC_IsLeapYear
                0x00000000080044dc       0x64 ./Drivers/STM32F1xx_HAL_Driver/Src/stm32f1xx_hal_rtc.o
 .text.RTC_WeekDayNum
                0x0000000008004540       0xf0 ./Drivers/STM32F1xx_HAL_Driver/Src/stm32f1xx_hal_rtc.o
 .text.HAL_SPI_Init
                0x0000000008004630      0x108 ./Drivers/STM32F1xx_HAL_Driver/Src/stm32f1xx_hal_spi.o
                0x0000000008004630                HAL_SPI_Init
 .text.HAL_SPI_Transmit
                0x0000000008004738      0x288 ./Drivers/STM32F1xx_HAL_Driver/Src/stm32f1xx_hal_spi.o
                0x0000000008004738                HAL_SPI_Transmit
 .text.HAL_SPI_Receive
                0x00000000080049c0      0x232 ./Drivers/STM32F1xx_HAL_Driver/Src/stm32f1xx_hal_spi.o
                0x00000000080049c0                HAL_SPI_Receive
 .text.HAL_SPI_TransmitReceive
                0x0000000008004bf2      0x352 ./Drivers/STM32F1xx_HAL_Driver/Src/stm32f1xx_hal_spi.o
                0x0000000008004bf2                HAL_SPI_TransmitReceive
 .text.HAL_SPI_GetState
                0x0000000008004f44       0x1a ./Drivers/STM32F1xx_HAL_Driver/Src/stm32f1xx_hal_spi.o
                0x0000000008004f44                HAL_SPI_GetState
 *fill*         0x0000000008004f5e        0x2 
 .text.SPI_WaitFlagStateUntilTimeout
                0x0000000008004f60      0x110 ./Drivers/STM32F1xx_HAL_Driver/Src/stm32f1xx_hal_spi.o
 .text.SPI_EndRxTransaction
                0x0000000008005070       0xa4 ./Drivers/STM32F1xx_HAL_Driver/Src/stm32f1xx_hal_spi.o
 .text.SPI_EndRxTxTransaction
                0x0000000008005114       0x62 ./Drivers/STM32F1xx_HAL_Driver/Src/stm32f1xx_hal_spi.o
 .text.memset   0x0000000008005176       0x10 E:/ST_IDE/STide/STM32CubeIDE_1.14.1/STM32CubeIDE/plugins/com.st.stm32cube.ide.mcu.externaltools.gnu-tools-for-stm32.11.3.rel1.win32_1.1.100.202309141235/tools/bin/../lib/gcc/arm-none-eabi/11.3.1/../../../../arm-none-eabi/lib/thumb/v7-m/nofp\libc_nano.a(libc_a-memset.o)
                0x0000000008005176                memset
 *fill*         0x0000000008005186        0x2 
 .text.__libc_init_array
                0x0000000008005188       0x48 E:/ST_IDE/STide/STM32CubeIDE_1.14.1/STM32CubeIDE/plugins/com.st.stm32cube.ide.mcu.externaltools.gnu-tools-for-stm32.11.3.rel1.win32_1.1.100.202309141235/tools/bin/../lib/gcc/arm-none-eabi/11.3.1/../../../../arm-none-eabi/lib/thumb/v7-m/nofp\libc_nano.a(libc_a-init.o)
                0x0000000008005188                __libc_init_array
 .text.memcpy   0x00000000080051d0       0x1c E:/ST_IDE/STide/STM32CubeIDE_1.14.1/STM32CubeIDE/plugins/com.st.stm32cube.ide.mcu.externaltools.gnu-tools-for-stm32.11.3.rel1.win32_1.1.100.202309141235/tools/bin/../lib/gcc/arm-none-eabi/11.3.1/../../../../arm-none-eabi/lib/thumb/v7-m/nofp\libc_nano.a(libc_a-memcpy-stub.o)
                0x00000000080051d0                memcpy
 *(.glue_7)
 .glue_7        0x00000000080051ec        0x0 linker stubs
 *(.glue_7t)
 .glue_7t       0x00000000080051ec        0x0 linker stubs
 *(.eh_frame)
 .eh_frame      0x00000000080051ec        0x0 E:/ST_IDE/STide/STM32CubeIDE_1.14.1/STM32CubeIDE/plugins/com.st.stm32cube.ide.mcu.externaltools.gnu-tools-for-stm32.11.3.rel1.win32_1.1.100.202309141235/tools/bin/../lib/gcc/arm-none-eabi/11.3.1/thumb/v7-m/nofp/crtbegin.o
 *(.init)
 .init          0x00000000080051ec        0x4 E:/ST_IDE/STide/STM32CubeIDE_1.14.1/STM32CubeIDE/plugins/com.st.stm32cube.ide.mcu.externaltools.gnu-tools-for-stm32.11.3.rel1.win32_1.1.100.202309141235/tools/bin/../lib/gcc/arm-none-eabi/11.3.1/thumb/v7-m/nofp/crti.o
                0x00000000080051ec                _init
 .init          0x00000000080051f0        0x8 E:/ST_IDE/STide/STM32CubeIDE_1.14.1/STM32CubeIDE/plugins/com.st.stm32cube.ide.mcu.externaltools.gnu-tools-for-stm32.11.3.rel1.win32_1.1.100.202309141235/tools/bin/../lib/gcc/arm-none-eabi/11.3.1/thumb/v7-m/nofp/crtn.o
 *(.fini)
 .fini          0x00000000080051f8        0x4 E:/ST_IDE/STide/STM32CubeIDE_1.14.1/STM32CubeIDE/plugins/com.st.stm32cube.ide.mcu.externaltools.gnu-tools-for-stm32.11.3.rel1.win32_1.1.100.202309141235/tools/bin/../lib/gcc/arm-none-eabi/11.3.1/thumb/v7-m/nofp/crti.o
                0x00000000080051f8                _fini
 .fini          0x00000000080051fc        0x8 E:/ST_IDE/STide/STM32CubeIDE_1.14.1/STM32CubeIDE/plugins/com.st.stm32cube.ide.mcu.externaltools.gnu-tools-for-stm32.11.3.rel1.win32_1.1.100.202309141235/tools/bin/../lib/gcc/arm-none-eabi/11.3.1/thumb/v7-m/nofp/crtn.o
                0x0000000008005204                . = ALIGN (0x4)
                0x0000000008005204                _etext = .

.vfp11_veneer   0x0000000008005204        0x0
 .vfp11_veneer  0x0000000008005204        0x0 linker stubs

.v4_bx          0x0000000008005204        0x0
 .v4_bx         0x0000000008005204        0x0 linker stubs

.iplt           0x0000000008005204        0x0
 .iplt          0x0000000008005204        0x0 E:/ST_IDE/STide/STM32CubeIDE_1.14.1/STM32CubeIDE/plugins/com.st.stm32cube.ide.mcu.externaltools.gnu-tools-for-stm32.11.3.rel1.win32_1.1.100.202309141235/tools/bin/../lib/gcc/arm-none-eabi/11.3.1/thumb/v7-m/nofp/crtbegin.o

.rodata         0x0000000008005208       0x90
                0x0000000008005208                . = ALIGN (0x4)
 *(.rodata)
 .rodata        0x0000000008005208       0x50 ./Core/Src/Lora.o
 *(.rodata*)
 .rodata.AHBPrescTable
                0x0000000008005258       0x10 ./Core/Src/system_stm32f1xx.o
                0x0000000008005258                AHBPrescTable
 .rodata.APBPrescTable
                0x0000000008005268        0x8 ./Core/Src/system_stm32f1xx.o
                0x0000000008005268                APBPrescTable
 .rodata.aPLLMULFactorTable.1
                0x0000000008005270       0x10 ./Drivers/STM32F1xx_HAL_Driver/Src/stm32f1xx_hal_rcc.o
 .rodata.aPredivFactorTable.0
                0x0000000008005280        0x2 ./Drivers/STM32F1xx_HAL_Driver/Src/stm32f1xx_hal_rcc.o
 *fill*         0x0000000008005282        0x2 
 .rodata.aPLLMULFactorTable.1
                0x0000000008005284       0x10 ./Drivers/STM32F1xx_HAL_Driver/Src/stm32f1xx_hal_rcc_ex.o
 .rodata.aPredivFactorTable.0
                0x0000000008005294        0x2 ./Drivers/STM32F1xx_HAL_Driver/Src/stm32f1xx_hal_rcc_ex.o
                0x0000000008005298                . = ALIGN (0x4)
 *fill*         0x0000000008005296        0x2 

.rel.dyn        0x0000000008005298        0x0
 .rel.iplt      0x0000000008005298        0x0 E:/ST_IDE/STide/STM32CubeIDE_1.14.1/STM32CubeIDE/plugins/com.st.stm32cube.ide.mcu.externaltools.gnu-tools-for-stm32.11.3.rel1.win32_1.1.100.202309141235/tools/bin/../lib/gcc/arm-none-eabi/11.3.1/thumb/v7-m/nofp/crtbegin.o

.ARM.extab      0x0000000008005298        0x0
                0x0000000008005298                . = ALIGN (0x4)
 *(.ARM.extab* .gnu.linkonce.armextab.*)
                0x0000000008005298                . = ALIGN (0x4)

.ARM            0x0000000008005298        0x0
                0x0000000008005298                . = ALIGN (0x4)
                0x0000000008005298                __exidx_start = .
 *(.ARM.exidx*)
                0x0000000008005298                __exidx_end = .
                0x0000000008005298                . = ALIGN (0x4)

.preinit_array  0x0000000008005298        0x0
                0x0000000008005298                . = ALIGN (0x4)
                0x0000000008005298                PROVIDE (__preinit_array_start = .)
 *(.preinit_array*)
                0x0000000008005298                PROVIDE (__preinit_array_end = .)
                0x0000000008005298                . = ALIGN (0x4)

.init_array     0x0000000008005298        0x4
                0x0000000008005298                . = ALIGN (0x4)
                0x0000000008005298                PROVIDE (__init_array_start = .)
 *(SORT_BY_NAME(.init_array.*))
 *(.init_array*)
 .init_array    0x0000000008005298        0x4 E:/ST_IDE/STide/STM32CubeIDE_1.14.1/STM32CubeIDE/plugins/com.st.stm32cube.ide.mcu.externaltools.gnu-tools-for-stm32.11.3.rel1.win32_1.1.100.202309141235/tools/bin/../lib/gcc/arm-none-eabi/11.3.1/thumb/v7-m/nofp/crtbegin.o
                0x000000000800529c                PROVIDE (__init_array_end = .)
                0x000000000800529c                . = ALIGN (0x4)

.fini_array     0x000000000800529c        0x4
                0x000000000800529c                . = ALIGN (0x4)
                [!provide]                        PROVIDE (__fini_array_start = .)
 *(SORT_BY_NAME(.fini_array.*))
 *(.fini_array*)
 .fini_array    0x000000000800529c        0x4 E:/ST_IDE/STide/STM32CubeIDE_1.14.1/STM32CubeIDE/plugins/com.st.stm32cube.ide.mcu.externaltools.gnu-tools-for-stm32.11.3.rel1.win32_1.1.100.202309141235/tools/bin/../lib/gcc/arm-none-eabi/11.3.1/thumb/v7-m/nofp/crtbegin.o
                [!provide]                        PROVIDE (__fini_array_end = .)
                0x00000000080052a0                . = ALIGN (0x4)
                0x00000000080052a0                _sidata = LOADADDR (.data)

.data           0x0000000020000000       0x10 load address 0x00000000080052a0
                0x0000000020000000                . = ALIGN (0x4)
                0x0000000020000000                _sdata = .
 *(.data)
 *(.data*)
 .data.Alarm_set
                0x0000000020000000        0x1 ./Core/Src/main.o
                0x0000000020000000                Alarm_set
 *fill*         0x0000000020000001        0x3 
 .data.SystemCoreClock
                0x0000000020000004        0x4 ./Core/Src/system_stm32f1xx.o
                0x0000000020000004                SystemCoreClock
 .data.uwTickPrio
                0x0000000020000008        0x4 ./Drivers/STM32F1xx_HAL_Driver/Src/stm32f1xx_hal.o
                0x0000000020000008                uwTickPrio
 .data.uwTickFreq
                0x000000002000000c        0x1 ./Drivers/STM32F1xx_HAL_Driver/Src/stm32f1xx_hal.o
                0x000000002000000c                uwTickFreq
 *(.RamFunc)
 *(.RamFunc*)
                0x0000000020000010                . = ALIGN (0x4)
 *fill*         0x000000002000000d        0x3 
                0x0000000020000010                _edata = .

.igot.plt       0x0000000020000010        0x0 load address 0x00000000080052b0
 .igot.plt      0x0000000020000010        0x0 E:/ST_IDE/STide/STM32CubeIDE_1.14.1/STM32CubeIDE/plugins/com.st.stm32cube.ide.mcu.externaltools.gnu-tools-for-stm32.11.3.rel1.win32_1.1.100.202309141235/tools/bin/../lib/gcc/arm-none-eabi/11.3.1/thumb/v7-m/nofp/crtbegin.o
                0x0000000020000010                . = ALIGN (0x4)

.bss            0x0000000020000010      0x144 load address 0x00000000080052b0
                0x0000000020000010                _sbss = .
                0x0000000020000010                __bss_start__ = _sbss
 *(.bss)
 .bss           0x0000000020000010       0x1c E:/ST_IDE/STide/STM32CubeIDE_1.14.1/STM32CubeIDE/plugins/com.st.stm32cube.ide.mcu.externaltools.gnu-tools-for-stm32.11.3.rel1.win32_1.1.100.202309141235/tools/bin/../lib/gcc/arm-none-eabi/11.3.1/thumb/v7-m/nofp/crtbegin.o
 *(.bss*)
 .bss.myLoRa    0x000000002000002c       0x2c ./Core/Src/main.o
                0x000000002000002c                myLoRa
 .bss.LoRa_Status
                0x0000000020000058        0x2 ./Core/Src/main.o
                0x0000000020000058                LoRa_Status
 *fill*         0x000000002000005a        0x2 
 .bss.sensorData
                0x000000002000005c        0xe ./Core/Src/main.o
                0x000000002000005c                sensorData
 *fill*         0x000000002000006a        0x2 
 .bss.Received_Data
                0x000000002000006c       0x10 ./Core/Src/main.o
                0x000000002000006c                Received_Data
 .bss.relay_state
                0x000000002000007c        0x1 ./Core/Src/main.o
                0x000000002000007c                relay_state
 .bss.current_state_flag
                0x000000002000007d        0x1 ./Core/Src/main.o
                0x000000002000007d                current_state_flag
 *fill*         0x000000002000007e        0x2 
 .bss.Transmit_Status_Data
                0x0000000020000080        0x2 ./Core/Src/main.o
                0x0000000020000080                Transmit_Status_Data
 *fill*         0x0000000020000082        0x2 
 .bss.relayFanEndTime
                0x0000000020000084        0x4 ./Core/Src/main.o
                0x0000000020000084                relayFanEndTime
 .bss.relayPumpEndTime
                0x0000000020000088        0x4 ./Core/Src/main.o
                0x0000000020000088                relayPumpEndTime
 .bss.control_mode
                0x000000002000008c        0x1 ./Core/Src/main.o
                0x000000002000008c                control_mode
 *fill*         0x000000002000008d        0x3 
 .bss.hi2c1     0x0000000020000090       0x54 ./Core/Src/main.o
                0x0000000020000090                hi2c1
 .bss.hrtc      0x00000000200000e4       0x14 ./Core/Src/main.o
                0x00000000200000e4                hrtc
 .bss.hspi1     0x00000000200000f8       0x58 ./Core/Src/main.o
                0x00000000200000f8                hspi1
 .bss.uwTick    0x0000000020000150        0x4 ./Drivers/STM32F1xx_HAL_Driver/Src/stm32f1xx_hal.o
                0x0000000020000150                uwTick
 *(COMMON)
                0x0000000020000154                . = ALIGN (0x4)
                0x0000000020000154                _ebss = .
                0x0000000020000154                __bss_end__ = _ebss

._user_heap_stack
                0x0000000020000154      0x604 load address 0x00000000080052b0
                0x0000000020000158                . = ALIGN (0x8)
 *fill*         0x0000000020000154        0x4 
                [!provide]                        PROVIDE (end = .)
                0x0000000020000158                PROVIDE (_end = .)
                0x0000000020000358                . = (. + _Min_Heap_Size)
 *fill*         0x0000000020000158      0x200 
                0x0000000020000758                . = (. + _Min_Stack_Size)
 *fill*         0x0000000020000358      0x400 
                0x0000000020000758                . = ALIGN (0x8)

/DISCARD/
 libc.a(*)
 libm.a(*)
 libgcc.a(*)

.ARM.attributes
                0x0000000000000000       0x29
 *(.ARM.attributes)
 .ARM.attributes
                0x0000000000000000       0x1d E:/ST_IDE/STide/STM32CubeIDE_1.14.1/STM32CubeIDE/plugins/com.st.stm32cube.ide.mcu.externaltools.gnu-tools-for-stm32.11.3.rel1.win32_1.1.100.202309141235/tools/bin/../lib/gcc/arm-none-eabi/11.3.1/thumb/v7-m/nofp/crti.o
 .ARM.attributes
                0x000000000000001d       0x2d E:/ST_IDE/STide/STM32CubeIDE_1.14.1/STM32CubeIDE/plugins/com.st.stm32cube.ide.mcu.externaltools.gnu-tools-for-stm32.11.3.rel1.win32_1.1.100.202309141235/tools/bin/../lib/gcc/arm-none-eabi/11.3.1/thumb/v7-m/nofp/crtbegin.o
 .ARM.attributes
                0x000000000000004a       0x2d ./Core/Src/Lora.o
 .ARM.attributes
                0x0000000000000077       0x2d ./Core/Src/main.o
 .ARM.attributes
                0x00000000000000a4       0x2d ./Core/Src/stm32f1xx_hal_msp.o
 .ARM.attributes
                0x00000000000000d1       0x2d ./Core/Src/stm32f1xx_it.o
 .ARM.attributes
                0x00000000000000fe       0x2d ./Core/Src/system_stm32f1xx.o
 .ARM.attributes
                0x000000000000012b       0x21 ./Core/Startup/startup_stm32f103c8tx.o
 .ARM.attributes
                0x000000000000014c       0x2d ./Drivers/STM32F1xx_HAL_Driver/Src/stm32f1xx_hal.o
 .ARM.attributes
                0x0000000000000179       0x2d ./Drivers/STM32F1xx_HAL_Driver/Src/stm32f1xx_hal_cortex.o
 .ARM.attributes
                0x00000000000001a6       0x2d ./Drivers/STM32F1xx_HAL_Driver/Src/stm32f1xx_hal_gpio.o
 .ARM.attributes
                0x00000000000001d3       0x2d ./Drivers/STM32F1xx_HAL_Driver/Src/stm32f1xx_hal_i2c.o
 .ARM.attributes
                0x0000000000000200       0x2d ./Drivers/STM32F1xx_HAL_Driver/Src/stm32f1xx_hal_pwr.o
 .ARM.attributes
                0x000000000000022d       0x2d ./Drivers/STM32F1xx_HAL_Driver/Src/stm32f1xx_hal_rcc.o
 .ARM.attributes
                0x000000000000025a       0x2d ./Drivers/STM32F1xx_HAL_Driver/Src/stm32f1xx_hal_rcc_ex.o
 .ARM.attributes
                0x0000000000000287       0x2d ./Drivers/STM32F1xx_HAL_Driver/Src/stm32f1xx_hal_rtc.o
 .ARM.attributes
                0x00000000000002b4       0x2d ./Drivers/STM32F1xx_HAL_Driver/Src/stm32f1xx_hal_spi.o
 .ARM.attributes
                0x00000000000002e1       0x2d E:/ST_IDE/STide/STM32CubeIDE_1.14.1/STM32CubeIDE/plugins/com.st.stm32cube.ide.mcu.externaltools.gnu-tools-for-stm32.11.3.rel1.win32_1.1.100.202309141235/tools/bin/../lib/gcc/arm-none-eabi/11.3.1/../../../../arm-none-eabi/lib/thumb/v7-m/nofp\libc_nano.a(libc_a-memset.o)
 .ARM.attributes
                0x000000000000030e       0x2d E:/ST_IDE/STide/STM32CubeIDE_1.14.1/STM32CubeIDE/plugins/com.st.stm32cube.ide.mcu.externaltools.gnu-tools-for-stm32.11.3.rel1.win32_1.1.100.202309141235/tools/bin/../lib/gcc/arm-none-eabi/11.3.1/../../../../arm-none-eabi/lib/thumb/v7-m/nofp\libc_nano.a(libc_a-init.o)
 .ARM.attributes
                0x000000000000033b       0x2d E:/ST_IDE/STide/STM32CubeIDE_1.14.1/STM32CubeIDE/plugins/com.st.stm32cube.ide.mcu.externaltools.gnu-tools-for-stm32.11.3.rel1.win32_1.1.100.202309141235/tools/bin/../lib/gcc/arm-none-eabi/11.3.1/../../../../arm-none-eabi/lib/thumb/v7-m/nofp\libc_nano.a(libc_a-memcpy-stub.o)
 .ARM.attributes
                0x0000000000000368       0x1d E:/ST_IDE/STide/STM32CubeIDE_1.14.1/STM32CubeIDE/plugins/com.st.stm32cube.ide.mcu.externaltools.gnu-tools-for-stm32.11.3.rel1.win32_1.1.100.202309141235/tools/bin/../lib/gcc/arm-none-eabi/11.3.1/thumb/v7-m/nofp\libgcc.a(_arm_mulsf3.o)
 .ARM.attributes
                0x0000000000000385       0x1d E:/ST_IDE/STide/STM32CubeIDE_1.14.1/STM32CubeIDE/plugins/com.st.stm32cube.ide.mcu.externaltools.gnu-tools-for-stm32.11.3.rel1.win32_1.1.100.202309141235/tools/bin/../lib/gcc/arm-none-eabi/11.3.1/thumb/v7-m/nofp\libgcc.a(_arm_addsubdf3.o)
 .ARM.attributes
                0x00000000000003a2       0x1d E:/ST_IDE/STide/STM32CubeIDE_1.14.1/STM32CubeIDE/plugins/com.st.stm32cube.ide.mcu.externaltools.gnu-tools-for-stm32.11.3.rel1.win32_1.1.100.202309141235/tools/bin/../lib/gcc/arm-none-eabi/11.3.1/thumb/v7-m/nofp\libgcc.a(_arm_muldivdf3.o)
 .ARM.attributes
                0x00000000000003bf       0x1d E:/ST_IDE/STide/STM32CubeIDE_1.14.1/STM32CubeIDE/plugins/com.st.stm32cube.ide.mcu.externaltools.gnu-tools-for-stm32.11.3.rel1.win32_1.1.100.202309141235/tools/bin/../lib/gcc/arm-none-eabi/11.3.1/thumb/v7-m/nofp\libgcc.a(_arm_fixdfsi.o)
 .ARM.attributes
                0x00000000000003dc       0x1d E:/ST_IDE/STide/STM32CubeIDE_1.14.1/STM32CubeIDE/plugins/com.st.stm32cube.ide.mcu.externaltools.gnu-tools-for-stm32.11.3.rel1.win32_1.1.100.202309141235/tools/bin/../lib/gcc/arm-none-eabi/11.3.1/thumb/v7-m/nofp\libgcc.a(_arm_fixunsdfsi.o)
 .ARM.attributes
                0x00000000000003f9       0x1d E:/ST_IDE/STide/STM32CubeIDE_1.14.1/STM32CubeIDE/plugins/com.st.stm32cube.ide.mcu.externaltools.gnu-tools-for-stm32.11.3.rel1.win32_1.1.100.202309141235/tools/bin/../lib/gcc/arm-none-eabi/11.3.1/thumb/v7-m/nofp\libgcc.a(_arm_truncdfsf2.o)
 .ARM.attributes
                0x0000000000000416       0x1d E:/ST_IDE/STide/STM32CubeIDE_1.14.1/STM32CubeIDE/plugins/com.st.stm32cube.ide.mcu.externaltools.gnu-tools-for-stm32.11.3.rel1.win32_1.1.100.202309141235/tools/bin/../lib/gcc/arm-none-eabi/11.3.1/thumb/v7-m/nofp\libgcc.a(_arm_addsubsf3.o)
 .ARM.attributes
                0x0000000000000433       0x1d E:/ST_IDE/STide/STM32CubeIDE_1.14.1/STM32CubeIDE/plugins/com.st.stm32cube.ide.mcu.externaltools.gnu-tools-for-stm32.11.3.rel1.win32_1.1.100.202309141235/tools/bin/../lib/gcc/arm-none-eabi/11.3.1/thumb/v7-m/nofp/crtn.o
OUTPUT(Control_Node.elf elf32-littlearm)
LOAD linker stubs
LOAD E:/ST_IDE/STide/STM32CubeIDE_1.14.1/STM32CubeIDE/plugins/com.st.stm32cube.ide.mcu.externaltools.gnu-tools-for-stm32.11.3.rel1.win32_1.1.100.202309141235/tools/bin/../lib/gcc/arm-none-eabi/11.3.1/../../../../arm-none-eabi/lib/thumb/v7-m/nofp\libc.a
LOAD E:/ST_IDE/STide/STM32CubeIDE_1.14.1/STM32CubeIDE/plugins/com.st.stm32cube.ide.mcu.externaltools.gnu-tools-for-stm32.11.3.rel1.win32_1.1.100.202309141235/tools/bin/../lib/gcc/arm-none-eabi/11.3.1/../../../../arm-none-eabi/lib/thumb/v7-m/nofp\libm.a
LOAD E:/ST_IDE/STide/STM32CubeIDE_1.14.1/STM32CubeIDE/plugins/com.st.stm32cube.ide.mcu.externaltools.gnu-tools-for-stm32.11.3.rel1.win32_1.1.100.202309141235/tools/bin/../lib/gcc/arm-none-eabi/11.3.1/thumb/v7-m/nofp\libgcc.a

.comment        0x0000000000000000       0x43
 .comment       0x0000000000000000       0x43 E:/ST_IDE/STide/STM32CubeIDE_1.14.1/STM32CubeIDE/plugins/com.st.stm32cube.ide.mcu.externaltools.gnu-tools-for-stm32.11.3.rel1.win32_1.1.100.202309141235/tools/bin/../lib/gcc/arm-none-eabi/11.3.1/thumb/v7-m/nofp/crtbegin.o
                                         0x44 (size before relaxing)
 .comment       0x0000000000000043       0x44 ./Core/Src/Lora.o
 .comment       0x0000000000000043       0x44 ./Core/Src/main.o
 .comment       0x0000000000000043       0x44 ./Core/Src/stm32f1xx_hal_msp.o
 .comment       0x0000000000000043       0x44 ./Core/Src/stm32f1xx_it.o
 .comment       0x0000000000000043       0x44 ./Core/Src/system_stm32f1xx.o
 .comment       0x0000000000000043       0x44 ./Drivers/STM32F1xx_HAL_Driver/Src/stm32f1xx_hal.o
 .comment       0x0000000000000043       0x44 ./Drivers/STM32F1xx_HAL_Driver/Src/stm32f1xx_hal_cortex.o
 .comment       0x0000000000000043       0x44 ./Drivers/STM32F1xx_HAL_Driver/Src/stm32f1xx_hal_gpio.o
 .comment       0x0000000000000043       0x44 ./Drivers/STM32F1xx_HAL_Driver/Src/stm32f1xx_hal_i2c.o
 .comment       0x0000000000000043       0x44 ./Drivers/STM32F1xx_HAL_Driver/Src/stm32f1xx_hal_pwr.o
 .comment       0x0000000000000043       0x44 ./Drivers/STM32F1xx_HAL_Driver/Src/stm32f1xx_hal_rcc.o
 .comment       0x0000000000000043       0x44 ./Drivers/STM32F1xx_HAL_Driver/Src/stm32f1xx_hal_rcc_ex.o
 .comment       0x0000000000000043       0x44 ./Drivers/STM32F1xx_HAL_Driver/Src/stm32f1xx_hal_rtc.o
 .comment       0x0000000000000043       0x44 ./Drivers/STM32F1xx_HAL_Driver/Src/stm32f1xx_hal_spi.o

.debug_info     0x0000000000000000     0xa99b
 .debug_info    0x0000000000000000      0xdf3 ./Core/Src/Lora.o
 .debug_info    0x0000000000000df3     0x1853 ./Core/Src/main.o
 .debug_info    0x0000000000002646      0xef1 ./Core/Src/stm32f1xx_hal_msp.o
 .debug_info    0x0000000000003537      0x368 ./Core/Src/stm32f1xx_it.o
 .debug_info    0x000000000000389f      0x222 ./Core/Src/system_stm32f1xx.o
 .debug_info    0x0000000000003ac1       0x23 ./Core/Startup/startup_stm32f103c8tx.o
 .debug_info    0x0000000000003ae4      0x704 ./Drivers/STM32F1xx_HAL_Driver/Src/stm32f1xx_hal.o
 .debug_info    0x00000000000041e8      0xa87 ./Drivers/STM32F1xx_HAL_Driver/Src/stm32f1xx_hal_cortex.o
 .debug_info    0x0000000000004c6f      0x5ab ./Drivers/STM32F1xx_HAL_Driver/Src/stm32f1xx_hal_gpio.o
 .debug_info    0x000000000000521a     0x2524 ./Drivers/STM32F1xx_HAL_Driver/Src/stm32f1xx_hal_i2c.o
 .debug_info    0x000000000000773e      0x628 ./Drivers/STM32F1xx_HAL_Driver/Src/stm32f1xx_hal_pwr.o
 .debug_info    0x0000000000007d66      0x7d5 ./Drivers/STM32F1xx_HAL_Driver/Src/stm32f1xx_hal_rcc.o
 .debug_info    0x000000000000853b      0x3c0 ./Drivers/STM32F1xx_HAL_Driver/Src/stm32f1xx_hal_rcc_ex.o
 .debug_info    0x00000000000088fb      0xc73 ./Drivers/STM32F1xx_HAL_Driver/Src/stm32f1xx_hal_rtc.o
 .debug_info    0x000000000000956e     0x142d ./Drivers/STM32F1xx_HAL_Driver/Src/stm32f1xx_hal_spi.o

.debug_abbrev   0x0000000000000000     0x1e9b
 .debug_abbrev  0x0000000000000000      0x28a ./Core/Src/Lora.o
 .debug_abbrev  0x000000000000028a      0x338 ./Core/Src/main.o
 .debug_abbrev  0x00000000000005c2      0x1de ./Core/Src/stm32f1xx_hal_msp.o
 .debug_abbrev  0x00000000000007a0      0x15f ./Core/Src/stm32f1xx_it.o
 .debug_abbrev  0x00000000000008ff      0x13f ./Core/Src/system_stm32f1xx.o
 .debug_abbrev  0x0000000000000a3e       0x12 ./Core/Startup/startup_stm32f103c8tx.o
 .debug_abbrev  0x0000000000000a50      0x201 ./Drivers/STM32F1xx_HAL_Driver/Src/stm32f1xx_hal.o
 .debug_abbrev  0x0000000000000c51      0x2f8 ./Drivers/STM32F1xx_HAL_Driver/Src/stm32f1xx_hal_cortex.o
 .debug_abbrev  0x0000000000000f49      0x1ca ./Drivers/STM32F1xx_HAL_Driver/Src/stm32f1xx_hal_gpio.o
 .debug_abbrev  0x0000000000001113      0x2a3 ./Drivers/STM32F1xx_HAL_Driver/Src/stm32f1xx_hal_i2c.o
 .debug_abbrev  0x00000000000013b6      0x1f6 ./Drivers/STM32F1xx_HAL_Driver/Src/stm32f1xx_hal_pwr.o
 .debug_abbrev  0x00000000000015ac      0x2b3 ./Drivers/STM32F1xx_HAL_Driver/Src/stm32f1xx_hal_rcc.o
 .debug_abbrev  0x000000000000185f      0x188 ./Drivers/STM32F1xx_HAL_Driver/Src/stm32f1xx_hal_rcc_ex.o
 .debug_abbrev  0x00000000000019e7      0x23a ./Drivers/STM32F1xx_HAL_Driver/Src/stm32f1xx_hal_rtc.o
 .debug_abbrev  0x0000000000001c21      0x27a ./Drivers/STM32F1xx_HAL_Driver/Src/stm32f1xx_hal_spi.o

.debug_aranges  0x0000000000000000      0xbd0
 .debug_aranges
                0x0000000000000000       0xc8 ./Core/Src/Lora.o
 .debug_aranges
                0x00000000000000c8       0xe8 ./Core/Src/main.o
 .debug_aranges
                0x00000000000001b0       0x50 ./Core/Src/stm32f1xx_hal_msp.o
 .debug_aranges
                0x0000000000000200       0x70 ./Core/Src/stm32f1xx_it.o
 .debug_aranges
                0x0000000000000270       0x28 ./Core/Src/system_stm32f1xx.o
 .debug_aranges
                0x0000000000000298       0x28 ./Core/Startup/startup_stm32f103c8tx.o
 .debug_aranges
                0x00000000000002c0       0xe0 ./Drivers/STM32F1xx_HAL_Driver/Src/stm32f1xx_hal.o
 .debug_aranges
                0x00000000000003a0      0x100 ./Drivers/STM32F1xx_HAL_Driver/Src/stm32f1xx_hal_cortex.o
 .debug_aranges
                0x00000000000004a0       0x58 ./Drivers/STM32F1xx_HAL_Driver/Src/stm32f1xx_hal_gpio.o
 .debug_aranges
                0x00000000000004f8      0x2a8 ./Drivers/STM32F1xx_HAL_Driver/Src/stm32f1xx_hal_i2c.o
 .debug_aranges
                0x00000000000007a0       0xa8 ./Drivers/STM32F1xx_HAL_Driver/Src/stm32f1xx_hal_pwr.o
 .debug_aranges
                0x0000000000000848       0x90 ./Drivers/STM32F1xx_HAL_Driver/Src/stm32f1xx_hal_rcc.o
 .debug_aranges
                0x00000000000008d8       0x30 ./Drivers/STM32F1xx_HAL_Driver/Src/stm32f1xx_hal_rcc_ex.o
 .debug_aranges
                0x0000000000000908       0xf8 ./Drivers/STM32F1xx_HAL_Driver/Src/stm32f1xx_hal_rtc.o
 .debug_aranges
                0x0000000000000a00      0x1d0 ./Drivers/STM32F1xx_HAL_Driver/Src/stm32f1xx_hal_spi.o

.debug_rnglists
                0x0000000000000000      0x912
 .debug_rnglists
                0x0000000000000000       0x96 ./Core/Src/Lora.o
 .debug_rnglists
                0x0000000000000096       0xb3 ./Core/Src/main.o
 .debug_rnglists
                0x0000000000000149       0x38 ./Core/Src/stm32f1xx_hal_msp.o
 .debug_rnglists
                0x0000000000000181       0x4f ./Core/Src/stm32f1xx_it.o
 .debug_rnglists
                0x00000000000001d0       0x1a ./Core/Src/system_stm32f1xx.o
 .debug_rnglists
                0x00000000000001ea       0x19 ./Core/Startup/startup_stm32f103c8tx.o
 .debug_rnglists
                0x0000000000000203       0xa3 ./Drivers/STM32F1xx_HAL_Driver/Src/stm32f1xx_hal.o
 .debug_rnglists
                0x00000000000002a6       0xbb ./Drivers/STM32F1xx_HAL_Driver/Src/stm32f1xx_hal_cortex.o
 .debug_rnglists
                0x0000000000000361       0x3f ./Drivers/STM32F1xx_HAL_Driver/Src/stm32f1xx_hal_gpio.o
 .debug_rnglists
                0x00000000000003a0      0x23c ./Drivers/STM32F1xx_HAL_Driver/Src/stm32f1xx_hal_i2c.o
 .debug_rnglists
                0x00000000000005dc       0x7a ./Drivers/STM32F1xx_HAL_Driver/Src/stm32f1xx_hal_pwr.o
 .debug_rnglists
                0x0000000000000656       0x6c ./Drivers/STM32F1xx_HAL_Driver/Src/stm32f1xx_hal_rcc.o
 .debug_rnglists
                0x00000000000006c2       0x21 ./Drivers/STM32F1xx_HAL_Driver/Src/stm32f1xx_hal_rcc_ex.o
 .debug_rnglists
                0x00000000000006e3       0xc1 ./Drivers/STM32F1xx_HAL_Driver/Src/stm32f1xx_hal_rtc.o
 .debug_rnglists
                0x00000000000007a4      0x16e ./Drivers/STM32F1xx_HAL_Driver/Src/stm32f1xx_hal_spi.o

.debug_macro    0x0000000000000000    0x17905
 .debug_macro   0x0000000000000000      0x1c4 ./Core/Src/Lora.o
 .debug_macro   0x00000000000001c4      0xa9c ./Core/Src/Lora.o
 .debug_macro   0x0000000000000c60      0x221 ./Core/Src/Lora.o
 .debug_macro   0x0000000000000e81       0x2e ./Core/Src/Lora.o
 .debug_macro   0x0000000000000eaf       0x22 ./Core/Src/Lora.o
 .debug_macro   0x0000000000000ed1       0x22 ./Core/Src/Lora.o
 .debug_macro   0x0000000000000ef3       0x8e ./Core/Src/Lora.o
 .debug_macro   0x0000000000000f81       0x51 ./Core/Src/Lora.o
 .debug_macro   0x0000000000000fd2      0x103 ./Core/Src/Lora.o
 .debug_macro   0x00000000000010d5       0x6a ./Core/Src/Lora.o
 .debug_macro   0x000000000000113f      0x1df ./Core/Src/Lora.o
 .debug_macro   0x000000000000131e       0x1c ./Core/Src/Lora.o
 .debug_macro   0x000000000000133a       0x22 ./Core/Src/Lora.o
 .debug_macro   0x000000000000135c       0xbd ./Core/Src/Lora.o
 .debug_macro   0x0000000000001419      0xd23 ./Core/Src/Lora.o
 .debug_macro   0x000000000000213c     0xe09e ./Core/Src/Lora.o
 .debug_macro   0x00000000000101da       0x6d ./Core/Src/Lora.o
 .debug_macro   0x0000000000010247     0x34a2 ./Core/Src/Lora.o
 .debug_macro   0x00000000000136e9      0x174 ./Core/Src/Lora.o
 .debug_macro   0x000000000001385d       0x5c ./Core/Src/Lora.o
 .debug_macro   0x00000000000138b9      0x5bc ./Core/Src/Lora.o
 .debug_macro   0x0000000000013e75      0x289 ./Core/Src/Lora.o
 .debug_macro   0x00000000000140fe      0x1cb ./Core/Src/Lora.o
 .debug_macro   0x00000000000142c9      0x114 ./Core/Src/Lora.o
 .debug_macro   0x00000000000143dd      0x1b2 ./Core/Src/Lora.o
 .debug_macro   0x000000000001458f       0x27 ./Core/Src/Lora.o
 .debug_macro   0x00000000000145b6      0x136 ./Core/Src/Lora.o
 .debug_macro   0x00000000000146ec      0x1bc ./Core/Src/Lora.o
 .debug_macro   0x00000000000148a8       0x34 ./Core/Src/Lora.o
 .debug_macro   0x00000000000148dc       0x3c ./Core/Src/Lora.o
 .debug_macro   0x0000000000014918       0x57 ./Core/Src/Lora.o
 .debug_macro   0x000000000001496f       0x87 ./Core/Src/Lora.o
 .debug_macro   0x00000000000149f6      0x240 ./Core/Src/Lora.o
 .debug_macro   0x0000000000014c36      0x287 ./Core/Src/Lora.o
 .debug_macro   0x0000000000014ebd      0x140 ./Core/Src/Lora.o
 .debug_macro   0x0000000000014ffd      0x1ef ./Core/Src/Lora.o
 .debug_macro   0x00000000000151ec       0xeb ./Core/Src/Lora.o
 .debug_macro   0x00000000000152d7      0x217 ./Core/Src/Lora.o
 .debug_macro   0x00000000000154ee       0x83 ./Core/Src/Lora.o
 .debug_macro   0x0000000000015571       0x76 ./Core/Src/Lora.o
 .debug_macro   0x00000000000155e7      0x172 ./Core/Src/Lora.o
 .debug_macro   0x0000000000015759      0x2b5 ./Core/Src/main.o
 .debug_macro   0x0000000000015a0e       0x61 ./Core/Src/main.o
 .debug_macro   0x0000000000015a6f       0x24 ./Core/Src/main.o
 .debug_macro   0x0000000000015a93       0x43 ./Core/Src/main.o
 .debug_macro   0x0000000000015ad6       0x34 ./Core/Src/main.o
 .debug_macro   0x0000000000015b0a       0x16 ./Core/Src/main.o
 .debug_macro   0x0000000000015b20       0x35 ./Core/Src/main.o
 .debug_macro   0x0000000000015b55      0x369 ./Core/Src/main.o
 .debug_macro   0x0000000000015ebe       0x10 ./Core/Src/main.o
 .debug_macro   0x0000000000015ece       0x16 ./Core/Src/main.o
 .debug_macro   0x0000000000015ee4       0x43 ./Core/Src/main.o
 .debug_macro   0x0000000000015f27       0x34 ./Core/Src/main.o
 .debug_macro   0x0000000000015f5b       0x10 ./Core/Src/main.o
 .debug_macro   0x0000000000015f6b       0x58 ./Core/Src/main.o
 .debug_macro   0x0000000000015fc3       0x8e ./Core/Src/main.o
 .debug_macro   0x0000000000016051       0x1c ./Core/Src/main.o
 .debug_macro   0x000000000001606d      0x177 ./Core/Src/main.o
 .debug_macro   0x00000000000161e4       0x16 ./Core/Src/main.o
 .debug_macro   0x00000000000161fa       0x16 ./Core/Src/main.o
 .debug_macro   0x0000000000016210      0x147 ./Core/Src/main.o
 .debug_macro   0x0000000000016357       0x10 ./Core/Src/main.o
 .debug_macro   0x0000000000016367      0x1bb ./Core/Src/stm32f1xx_hal_msp.o
 .debug_macro   0x0000000000016522      0x1c5 ./Core/Src/stm32f1xx_it.o
 .debug_macro   0x00000000000166e7      0x1ac ./Core/Src/system_stm32f1xx.o
 .debug_macro   0x0000000000016893      0x1d0 ./Drivers/STM32F1xx_HAL_Driver/Src/stm32f1xx_hal.o
 .debug_macro   0x0000000000016a63      0x1ac ./Drivers/STM32F1xx_HAL_Driver/Src/stm32f1xx_hal_cortex.o
 .debug_macro   0x0000000000016c0f      0x217 ./Drivers/STM32F1xx_HAL_Driver/Src/stm32f1xx_hal_gpio.o
 .debug_macro   0x0000000000016e26      0x1fa ./Drivers/STM32F1xx_HAL_Driver/Src/stm32f1xx_hal_i2c.o
 .debug_macro   0x0000000000017020      0x20c ./Drivers/STM32F1xx_HAL_Driver/Src/stm32f1xx_hal_pwr.o
 .debug_macro   0x000000000001722c      0x1be ./Drivers/STM32F1xx_HAL_Driver/Src/stm32f1xx_hal_rcc.o
 .debug_macro   0x00000000000173ea      0x1ac ./Drivers/STM32F1xx_HAL_Driver/Src/stm32f1xx_hal_rcc_ex.o
 .debug_macro   0x0000000000017596      0x1bb ./Drivers/STM32F1xx_HAL_Driver/Src/stm32f1xx_hal_rtc.o
 .debug_macro   0x0000000000017751      0x1b4 ./Drivers/STM32F1xx_HAL_Driver/Src/stm32f1xx_hal_spi.o

.debug_line     0x0000000000000000     0xdcaf
 .debug_line    0x0000000000000000      0xba8 ./Core/Src/Lora.o
 .debug_line    0x0000000000000ba8      0xffa ./Core/Src/main.o
 .debug_line    0x0000000000001ba2      0x7ee ./Core/Src/stm32f1xx_hal_msp.o
 .debug_line    0x0000000000002390      0x805 ./Core/Src/stm32f1xx_it.o
 .debug_line    0x0000000000002b95      0x791 ./Core/Src/system_stm32f1xx.o
 .debug_line    0x0000000000003326       0x78 ./Core/Startup/startup_stm32f103c8tx.o
 .debug_line    0x000000000000339e      0x9be ./Drivers/STM32F1xx_HAL_Driver/Src/stm32f1xx_hal.o
 .debug_line    0x0000000000003d5c      0xba6 ./Drivers/STM32F1xx_HAL_Driver/Src/stm32f1xx_hal_cortex.o
 .debug_line    0x0000000000004902      0xa57 ./Drivers/STM32F1xx_HAL_Driver/Src/stm32f1xx_hal_gpio.o
 .debug_line    0x0000000000005359     0x3b65 ./Drivers/STM32F1xx_HAL_Driver/Src/stm32f1xx_hal_i2c.o
 .debug_line    0x0000000000008ebe      0x940 ./Drivers/STM32F1xx_HAL_Driver/Src/stm32f1xx_hal_pwr.o
 .debug_line    0x00000000000097fe      0xdc7 ./Drivers/STM32F1xx_HAL_Driver/Src/stm32f1xx_hal_rcc.o
 .debug_line    0x000000000000a5c5      0x902 ./Drivers/STM32F1xx_HAL_Driver/Src/stm32f1xx_hal_rcc_ex.o
 .debug_line    0x000000000000aec7     0x1130 ./Drivers/STM32F1xx_HAL_Driver/Src/stm32f1xx_hal_rtc.o
 .debug_line    0x000000000000bff7     0x1cb8 ./Drivers/STM32F1xx_HAL_Driver/Src/stm32f1xx_hal_spi.o

.debug_str      0x0000000000000000    0x86651
 .debug_str     0x0000000000000000    0x7fc5d ./Core/Src/Lora.o
                                      0x80045 (size before relaxing)
 .debug_str     0x000000000007fc5d     0x437e ./Core/Src/main.o
                                      0x842ea (size before relaxing)
 .debug_str     0x0000000000083fdb      0x107 ./Core/Src/stm32f1xx_hal_msp.o
                                      0x80158 (size before relaxing)
 .debug_str     0x00000000000840e2      0x124 ./Core/Src/stm32f1xx_it.o
                                      0x7f7eb (size before relaxing)
 .debug_str     0x0000000000084206       0x7e ./Core/Src/system_stm32f1xx.o
                                      0x7f446 (size before relaxing)
 .debug_str     0x0000000000084284       0x34 ./Core/Startup/startup_stm32f103c8tx.o
                                         0x5d (size before relaxing)
 .debug_str     0x00000000000842b8      0x36e ./Drivers/STM32F1xx_HAL_Driver/Src/stm32f1xx_hal.o
                                      0x7fb79 (size before relaxing)
 .debug_str     0x0000000000084626      0x294 ./Drivers/STM32F1xx_HAL_Driver/Src/stm32f1xx_hal_cortex.o
                                      0x7fac5 (size before relaxing)
 .debug_str     0x00000000000848ba      0x29c ./Drivers/STM32F1xx_HAL_Driver/Src/stm32f1xx_hal_gpio.o
                                      0x7f7cc (size before relaxing)
 .debug_str     0x0000000000084b56      0xbda ./Drivers/STM32F1xx_HAL_Driver/Src/stm32f1xx_hal_i2c.o
                                      0x8050d (size before relaxing)
 .debug_str     0x0000000000085730      0x4f5 ./Drivers/STM32F1xx_HAL_Driver/Src/stm32f1xx_hal_pwr.o
                                      0x7f97d (size before relaxing)
 .debug_str     0x0000000000085c25      0x1fd ./Drivers/STM32F1xx_HAL_Driver/Src/stm32f1xx_hal_rcc.o
                                      0x7f875 (size before relaxing)
 .debug_str     0x0000000000085e22       0x95 ./Drivers/STM32F1xx_HAL_Driver/Src/stm32f1xx_hal_rcc_ex.o
                                      0x7f5c5 (size before relaxing)
 .debug_str     0x0000000000085eb7      0x29d ./Drivers/STM32F1xx_HAL_Driver/Src/stm32f1xx_hal_rtc.o
                                      0x7f951 (size before relaxing)
 .debug_str     0x0000000000086154      0x4fd ./Drivers/STM32F1xx_HAL_Driver/Src/stm32f1xx_hal_spi.o
                                      0x7fd6c (size before relaxing)

.debug_frame    0x0000000000000000     0x3244
 .debug_frame   0x0000000000000000      0x338 ./Core/Src/Lora.o
 .debug_frame   0x0000000000000338      0x390 ./Core/Src/main.o
 .debug_frame   0x00000000000006c8      0x110 ./Core/Src/stm32f1xx_hal_msp.o
 .debug_frame   0x00000000000007d8      0x13c ./Core/Src/stm32f1xx_it.o
 .debug_frame   0x0000000000000914       0x58 ./Core/Src/system_stm32f1xx.o
 .debug_frame   0x000000000000096c      0x334 ./Drivers/STM32F1xx_HAL_Driver/Src/stm32f1xx_hal.o
 .debug_frame   0x0000000000000ca0      0x428 ./Drivers/STM32F1xx_HAL_Driver/Src/stm32f1xx_hal_cortex.o
 .debug_frame   0x00000000000010c8      0x14c ./Drivers/STM32F1xx_HAL_Driver/Src/stm32f1xx_hal_gpio.o
 .debug_frame   0x0000000000001214      0xc84 ./Drivers/STM32F1xx_HAL_Driver/Src/stm32f1xx_hal_i2c.o
 .debug_frame   0x0000000000001e98      0x270 ./Drivers/STM32F1xx_HAL_Driver/Src/stm32f1xx_hal_pwr.o
 .debug_frame   0x0000000000002108      0x218 ./Drivers/STM32F1xx_HAL_Driver/Src/stm32f1xx_hal_rcc.o
 .debug_frame   0x0000000000002320       0x80 ./Drivers/STM32F1xx_HAL_Driver/Src/stm32f1xx_hal_rcc_ex.o
 .debug_frame   0x00000000000023a0      0x434 ./Drivers/STM32F1xx_HAL_Driver/Src/stm32f1xx_hal_rtc.o
 .debug_frame   0x00000000000027d4      0x824 ./Drivers/STM32F1xx_HAL_Driver/Src/stm32f1xx_hal_spi.o
 .debug_frame   0x0000000000002ff8       0x20 E:/ST_IDE/STide/STM32CubeIDE_1.14.1/STM32CubeIDE/plugins/com.st.stm32cube.ide.mcu.externaltools.gnu-tools-for-stm32.11.3.rel1.win32_1.1.100.202309141235/tools/bin/../lib/gcc/arm-none-eabi/11.3.1/../../../../arm-none-eabi/lib/thumb/v7-m/nofp\libc_nano.a(libc_a-memset.o)
 .debug_frame   0x0000000000003018       0x2c E:/ST_IDE/STide/STM32CubeIDE_1.14.1/STM32CubeIDE/plugins/com.st.stm32cube.ide.mcu.externaltools.gnu-tools-for-stm32.11.3.rel1.win32_1.1.100.202309141235/tools/bin/../lib/gcc/arm-none-eabi/11.3.1/../../../../arm-none-eabi/lib/thumb/v7-m/nofp\libc_nano.a(libc_a-init.o)
 .debug_frame   0x0000000000003044       0x28 E:/ST_IDE/STide/STM32CubeIDE_1.14.1/STM32CubeIDE/plugins/com.st.stm32cube.ide.mcu.externaltools.gnu-tools-for-stm32.11.3.rel1.win32_1.1.100.202309141235/tools/bin/../lib/gcc/arm-none-eabi/11.3.1/../../../../arm-none-eabi/lib/thumb/v7-m/nofp\libc_nano.a(libc_a-memcpy-stub.o)
 .debug_frame   0x000000000000306c       0x24 E:/ST_IDE/STide/STM32CubeIDE_1.14.1/STM32CubeIDE/plugins/com.st.stm32cube.ide.mcu.externaltools.gnu-tools-for-stm32.11.3.rel1.win32_1.1.100.202309141235/tools/bin/../lib/gcc/arm-none-eabi/11.3.1/thumb/v7-m/nofp\libgcc.a(_arm_mulsf3.o)
 .debug_frame   0x0000000000003090       0xac E:/ST_IDE/STide/STM32CubeIDE_1.14.1/STM32CubeIDE/plugins/com.st.stm32cube.ide.mcu.externaltools.gnu-tools-for-stm32.11.3.rel1.win32_1.1.100.202309141235/tools/bin/../lib/gcc/arm-none-eabi/11.3.1/thumb/v7-m/nofp\libgcc.a(_arm_addsubdf3.o)
 .debug_frame   0x000000000000313c       0x50 E:/ST_IDE/STide/STM32CubeIDE_1.14.1/STM32CubeIDE/plugins/com.st.stm32cube.ide.mcu.externaltools.gnu-tools-for-stm32.11.3.rel1.win32_1.1.100.202309141235/tools/bin/../lib/gcc/arm-none-eabi/11.3.1/thumb/v7-m/nofp\libgcc.a(_arm_muldivdf3.o)
 .debug_frame   0x000000000000318c       0x24 E:/ST_IDE/STide/STM32CubeIDE_1.14.1/STM32CubeIDE/plugins/com.st.stm32cube.ide.mcu.externaltools.gnu-tools-for-stm32.11.3.rel1.win32_1.1.100.202309141235/tools/bin/../lib/gcc/arm-none-eabi/11.3.1/thumb/v7-m/nofp\libgcc.a(_arm_fixdfsi.o)
 .debug_frame   0x00000000000031b0       0x24 E:/ST_IDE/STide/STM32CubeIDE_1.14.1/STM32CubeIDE/plugins/com.st.stm32cube.ide.mcu.externaltools.gnu-tools-for-stm32.11.3.rel1.win32_1.1.100.202309141235/tools/bin/../lib/gcc/arm-none-eabi/11.3.1/thumb/v7-m/nofp\libgcc.a(_arm_fixunsdfsi.o)
 .debug_frame   0x00000000000031d4       0x24 E:/ST_IDE/STide/STM32CubeIDE_1.14.1/STM32CubeIDE/plugins/com.st.stm32cube.ide.mcu.externaltools.gnu-tools-for-stm32.11.3.rel1.win32_1.1.100.202309141235/tools/bin/../lib/gcc/arm-none-eabi/11.3.1/thumb/v7-m/nofp\libgcc.a(_arm_truncdfsf2.o)
 .debug_frame   0x00000000000031f8       0x4c E:/ST_IDE/STide/STM32CubeIDE_1.14.1/STM32CubeIDE/plugins/com.st.stm32cube.ide.mcu.externaltools.gnu-tools-for-stm32.11.3.rel1.win32_1.1.100.202309141235/tools/bin/../lib/gcc/arm-none-eabi/11.3.1/thumb/v7-m/nofp\libgcc.a(_arm_addsubsf3.o)

.debug_line_str
                0x0000000000000000       0x51
 .debug_line_str
                0x0000000000000000       0x51 ./Core/Startup/startup_stm32f103c8tx.o
                                         0x69 (size before relaxing)
