../Core/Src/main.c:124:5:main	64	static
../Core/Src/main.c:270:6:SystemClock_Config	88	static
../Core/Src/main.c:318:13:MX_I2C1_Init	8	static
../Core/Src/main.c:352:13:MX_RTC_Init	24	static
../Core/Src/main.c:422:13:MX_SPI1_Init	8	static
../Core/Src/main.c:460:13:MX_GPIO_Init	40	static
../Core/Src/main.c:514:6:HAL_GPIO_EXTI_Callback	16	static
../Core/Src/main.c:525:13:Relay_Change_State	8	static
../Core/Src/main.c:562:6:Set_Control_Mode_From_Command	16	static
../Core/Src/main.c:579:6:Send_Relay_Mode_Status	16	static
../Core/Src/main.c:600:6:HAL_RTC_AlarmAEventCallback	32	static
../Core/Src/main.c:626:13:Fuzzilization_Data	8	static
../Core/Src/main.c:643:6:Fuzzy_Check_Relay_Status	8	static
../Core/Src/main.c:656:6:Light_Control	16	static
../Core/Src/main.c:670:6:Fuzzy_Fan_Control	32	static
../Core/Src/main.c:685:6:Fuzzy_Pump_Control	32	static
../Core/Src/main.c:702:7:Critical_High_Hum	16	static
../Core/Src/main.c:709:7:Critical_Low_Hum	16	static
../Core/Src/main.c:718:7:Critical_High_Temp	16	static
../Core/Src/main.c:725:7:Critical_Low_Temp	16	static
../Core/Src/main.c:734:7:Critical_High_Moisture	16	static
../Core/Src/main.c:740:7:Critical_Low_Moisture	16	static
../Core/Src/main.c:748:7:Critical_High_TempSoil	16	static
../Core/Src/main.c:754:7:Critical_Low_TempSoil	16	static
../Core/Src/main.c:761:7:Critical_High_MQ135	16	static
../Core/Src/main.c:774:6:Error_Handler	4	static,ignoring_inline_asm
